ARM Linker, RVCT3.1 [Build 939] for uVision [Standard]

================================================================================

Section Cross References

    startup.o(STACK) refers (Special) to stkheap2.o(.text) for __use_two_region_memory
    startup.o(HEAP) refers (Special) to stkheap2.o(.text) for __use_two_region_memory
    startup.o(RESET) refers to portasm.o(PORT_ASM) for vPortYieldProcessor
    startup.o(RESET) refers to startup.o(STACK) for Stack_Top
    startup.o(RESET) refers to __main.o(!!!main) for __main
    startup.o(RESET) refers (Special) to stkheap2.o(.text) for __use_two_region_memory
    startup.o(.text) refers to startup.o(HEAP) for Heap_Mem
    startup.o(.text) refers to startup.o(STACK) for Stack_Mem
    startup.o(.text) refers (Special) to stkheap2.o(.text) for __use_two_region_memory
    main.o(.text) refers to serial.o(.text) for xSerialPortInitMinimal
    main.o(.text) refers to flash.o(.text) for vStartLEDFlashTasks
    main.o(.text) refers to pollq.o(.text) for vStartPolledQueueTasks
    main.o(.text) refers to blockq.o(.text) for vStartBlockingQueueTasks
    main.o(.text) refers to semtest.o(.text) for vStartSemaphoreTasks
    main.o(.text) refers to dynamic.o(.text) for vStartDynamicPriorityTasks
    main.o(.text) refers to guidemo.o(.text) for vGUIInit
    main.o(.text) refers to tasks.o(.text) for vTaskStartScheduler
    main.o(.text) refers to main.o(.data) for hComHandle
    serial.o(.text) refers to queue.o(.text) for xQueueCreate
    serial.o(.text) refers to port.o(.text) for vPortEnterCritical
    serial.o(.text) refers to aeabi_sdiv.o(.text_udiv) for __aeabi_uidivmod
    serial.o(.text) refers to tasks.o(.text) for vTaskSwitchContext
    serial.o(.text) refers to serial.o(.data) for .data
    serial.o(.text) refers to serialisr.o(.text) for vUART_ISREntry
    serialisr.o(.text) refers to port.o(.data) for ulCriticalNesting
    serialisr.o(.text) refers to tasks.o(.data) for pxCurrentTCB
    serialisr.o(.text) refers to serial.o(.text) for vUART_ISRHandler
    croutine.o(.text) refers to list.o(.text) for vListInitialise
    croutine.o(.text) refers to heap_2.o(.text) for pvPortMalloc
    croutine.o(.text) refers to tasks.o(.text) for xTaskGetTickCount
    croutine.o(.text) refers to croutine.o(.bss) for .bss
    croutine.o(.text) refers to croutine.o(.data) for .data
    heap_2.o(.text) refers to tasks.o(.text) for vTaskSuspendAll
    heap_2.o(.text) refers to heap_2.o(.data) for .data
    heap_2.o(.text) refers to heap_2.o(.bss) for .bss
    queue.o(.text) refers to heap_2.o(.text) for pvPortMalloc
    queue.o(.text) refers to list.o(.text) for vListInitialise
    queue.o(.text) refers to port.o(.text) for vPortEnterCritical
    queue.o(.text) refers to tasks.o(.text) for xTaskRemoveFromEventList
    queue.o(.text) refers to rt_memcpy.o(.text) for __aeabi_memcpy
    queue.o(.text) refers to portasm.o(PORT_ASM) for vPortYield
    tasks.o(.text) refers to list.o(.text) for vListInitialise
    tasks.o(.text) refers to strncpy.o(.text) for strncpy
    tasks.o(.text) refers to heap_2.o(.text) for pvPortMalloc
    tasks.o(.text) refers to aeabi_memset.o(.text) for __aeabi_memset
    tasks.o(.text) refers to port.o(.text) for pxPortInitialiseStack
    tasks.o(.text) refers to portasm.o(PORT_ASM) for vPortYield
    tasks.o(.text) refers to tasks.o(.bss) for .bss
    tasks.o(.text) refers to tasks.o(.data) for .data
    portasm.o(PORT_ASM) refers to tasks.o(.data) for pxCurrentTCB
    portasm.o(PORT_ASM) refers to port.o(.data) for ulCriticalNesting
    portasm.o(PORT_ASM) refers to tasks.o(.text) for vTaskSwitchContext
    port.o(.text) refers to portasm.o(PORT_ASM) for vPortStartFirstTask
    port.o(.text) refers to port.o(.data) for ulCriticalNesting
    guidemo.o(.text) refers to serial.o(.text) for xSerialGetChar
    guidemo.o(.text) refers to tasks.o(.text) for xTaskGetTickCount
    guidemo.o(.text) refers to eframe.o(.text) for ESimpleDesktop::ScheduleRedraw()
    guidemo.o(.text) refers to lcddriver.o(.text) for EG_LCDInit()
    guidemo.o(.text) refers to guidemo.o(i._ZN13ESimpleWindow10AddControlEP8EControl) for ESimpleWindow::AddControl(EControl*)
    guidemo.o(.text) refers to econtrol.o(.text) for EEdit::AddCharToString(char)
    guidemo.o(.text) refers to guidemo.o(i._ZN9EPositionC1Ejj) for EPosition::EPosition(unsigned, unsigned)
    guidemo.o(.text) refers to aeabi_atexit.o(i.__aeabi_atexit) for __aeabi_atexit
    guidemo.o(.text) refers to main.o(.data) for hComHandle
    guidemo.o(.text) refers to guidemo.o(.data) for stage
    guidemo.o(.text) refers to guidemo.o(.bss) for UARTevent
    guidemo.o(.text) refers to dso_handle.o(__dso_handle) for __dso_handle
    guidemo.o(.text) refers to guidemo.o(i._ZN7EWindowD1Ev) for EWindow::~EWindow()
    guidemo.o(.text) refers to guidemo.o(i._ZN6ELabelD1Ev) for ELabel::~ELabel()
    guidemo.o(.text) refers to guidemo.o(i._ZN7EButtonD1Ev) for EButton::~EButton()
[...]
    ParTest\ParTest.c                        0x00000000   Number         0  partest.o ABSOLUTE
    Source\portable\RVDS\ARM7_LPC21xx\port.c 0x00000000   Number         0  port.o ABSOLUTE
    Source\portable\RVDS\ARM7_LPC21xx\portASM.s 0x00000000   Number         0  portasm.o ABSOLUTE
    Startup.s                                0x00000000   Number         0  startup.o ABSOLUTE
    croutine.c                               0x00000000   Number         0  croutine.o ABSOLUTE
    dc.s                                     0x00000000   Number         0  dc.o ABSOLUTE
    heap_2.c                                 0x00000000   Number         0  heap_2.o ABSOLUTE
    list.c                                   0x00000000   Number         0  list.o ABSOLUTE
    main.c                                   0x00000000   Number         0  main.o ABSOLUTE
    queue.c                                  0x00000000   Number         0  queue.o ABSOLUTE
    serial\serial.c                          0x00000000   Number         0  serial.o ABSOLUTE
    serial\serialISR.s                       0x00000000   Number         0  serialisr.o ABSOLUTE
    tasks.c                                  0x00000000   Number         0  tasks.o ABSOLUTE
    Undef_Handler                            0x00000040   ARM Code       4  startup.o(RESET)
    PAbt_Handler                             0x00000048   ARM Code       4  startup.o(RESET)
    DAbt_Handler                             0x0000004c   ARM Code       4  startup.o(RESET)
    IRQ_Handler                              0x00000050   ARM Code       4  startup.o(RESET)
    FIQ_Handler                              0x00000054   ARM Code       4  startup.o(RESET)
    !!!main                                  0x00000104   Section        8  __main.o(!!!main)
    !!!scatter                               0x0000010c   Section       60  __scatter.o(!!!scatter)
    !!handler_copy                           0x00000148   Section       40  __scatter_copy.o(!!handler_copy)
    !!handler_zi                             0x00000170   Section       44  __scatter_zi.o(!!handler_zi)
    .emb_text                                0x000001a0   Section       16  lib_init.o(.emb_text)
    .text                                    0x000001b0   Section       32  startup.o(.text)
    .text                                    0x000001d0   Section      112  partest.o(.text)
    .text                                    0x00000240   Section      192  main.o(.text)
    prvSetupHardware                         0x00000240   ARM Code      64  main.o(.text)
    .text                                    0x00000300   Section      876  serial.o(.text)
    .text                                    0x0000066c   Section      148  serialisr.o(.text)
    .text                                    0x00000700   Section      512  heap_2.o(.text)
    .text                                    0x00000900   Section      272  list.o(.text)
    .text                                    0x00000a10   Section     1948  queue.o(.text)
    prvUnlockQueue                           0x00000ac4   ARM Code     192  queue.o(.text)
    prvIsQueueFull                           0x00000b84   ARM Code      60  queue.o(.text)
    prvCopyDataToQueue                       0x00000bc0   ARM Code     180  queue.o(.text)
    prvIsQueueEmpty                          0x00000e60   ARM Code      56  queue.o(.text)
    prvCopyDataFromQueue                     0x00000e98   ARM Code      88  queue.o(.text)
    .text                                    0x000011ac   Section     4192  tasks.o(.text)
    prvInitialiseTaskLists                   0x000011ac   ARM Code     112  tasks.o(.text)
    prvInitialiseTCBVariables                0x0000121c   ARM Code     104  tasks.o(.text)
    prvAllocateTCBAndStack                   0x00001284   ARM Code     100  tasks.o(.text)
    prvDeleteTCB                             0x00001d0c   ARM Code      32  tasks.o(.text)
    prvCheckTasksWaitingTermination          0x00001d2c   ARM Code     184  tasks.o(.text)
    prvIdleTask                              0x00001de4   ARM Code      36  tasks.o(.text)
    .text                                    0x0000220c   Section      500  port.o(.text)
    prvSetupTimerInterrupt                   0x000022f4   ARM Code     100  port.o(.text)
    .text                                    0x00002400   Section     1488  guidemo.o(.text)
    __sti___11_GUIdemo_cpp                   0x0000270c   ARM Code     708  guidemo.o(.text)
    .text                                    0x000029d0   Section      996  dynamic.o(.text)
    vQueueReceiveWhenSuspendedTask           0x000029d0   ARM Code     144  dynamic.o(.text)
    vQueueSendWhenSuspendedTask              0x00002a60   ARM Code      92  dynamic.o(.text)
    vCounterControlTask                      0x00002abc   ARM Code     232  dynamic.o(.text)
    vLimitedIncrementTask                    0x00002ba4   ARM Code      60  dynamic.o(.text)
    vContinuousIncrementTask                 0x00002be0   ARM Code      68  dynamic.o(.text)
    .text                                    0x00002db4   Section      204  flash.o(.text)
    vLEDFlashTask                            0x00002db4   ARM Code     116  flash.o(.text)
    .text                                    0x00002e80   Section      504  pollq.o(.text)
    vPolledQueueProducer                     0x00002e80   ARM Code     144  pollq.o(.text)
    vPolledQueueConsumer                     0x00002f10   ARM Code     148  pollq.o(.text)
    .text                                    0x00003078   Section      996  blockq.o(.text)
    vBlockingQueueConsumer                   0x00003078   ARM Code     120  blockq.o(.text)
    vBlockingQueueProducer                   0x000030f0   ARM Code     116  blockq.o(.text)
    .text                                    0x0000345c   Section      836  semtest.o(.text)
    prvSemaphoreTest                         0x0000345c   ARM Code     296  semtest.o(.text)
    .text                                    0x000037a0   Section    18032  econtrol.o(.text)
    .text                                    0x00007e10   Section      748  ecursor.o(.text)
    .text                                    0x000080fc   Section     8016  eframe.o(.text)
    .text                                    0x0000a04c   Section    13516  graphicfunc.o(.text)
    .text                                    0x0000d518   Section     2352  lcddriver.o(.text)
    .text                                    0x0000de48   Section       16  aeabi_memset.o(.text)
    .text                                    0x0000de58   Section      212  rt_memcpy.o(.text)
    .text                                    0x0000df2c   Section      112  strncpy.o(.text)
    .text                                    0x0000df9c   Section      384  aeabi_sdiv.o(.text)
    __arm_div8                               0x0000dfc8   ARM Code       0  aeabi_sdiv.o(.text)
    __arm_div4                               0x0000dff8   ARM Code       0  aeabi_sdiv.o(.text)
    __arm_div_large                          0x0000e04c   ARM Code       0  aeabi_sdiv.o(.text)
    .text                                    0x0000e11c   Section       64  stkheap2.o(.text)
    .text                                    0x0000e15c   Section       40  init_aeabi.o(.text)
    .text                                    0x0000e184   Section      104  kernel.o(.text)
    .text                                    0x0000e1ec   Section       96  sys_stackheap_outer.o(.text)
    .text                                    0x0000e24c   Section       16  rt_stackheap_storage_intlibspace.o(.text)
    .text                                    0x0000e260   Section       16  rt_ddtor_pointer_addr_intlibspace.o(.text)
    .text                                    0x0000e270   Section      110  h1_alloc.o(.text)
    .text                                    0x0000e2e0   Section       64  rt_memclr.o(.text)
    .text                                    0x0000e320   Section      100  rt_memcpy_w.o(.text)
    .text                                    0x0000e384   Section       16  callvia.o(.text)
    .text                                    0x0000e398   Section       24  sys_exit.o(.text)
    .text                                    0x0000e3b0   Section       12  libspace.o(.text)
    .text                                    0x0000e3c0   Section       16  rt_heap_descriptor_intlibspace.o(.text)
    .text                                    0x0000e3d0   Section      140  init_alloc.o(.text)
    .text                                    0x0000e45c   Section        4  hguard.o(.text)
    .text                                    0x0000e460   Section       14  h1_init.o(.text)
    .text                                    0x0000e46e   Section       84  h1_free.o(.text)
    .text                                    0x0000e4c2   Section       12  exit.o(.text)
    .text                                    0x0000e4d0   Section       84  rt_memclr_w.o(.text)
    .text                                    0x0000e52c   Section      206  lib_init.o(.text)
    .text                                    0x0000e5fc   Section       12  boardinit2.o(.text)
    .text                                    0x0000e608   Section       16  boardinit3.o(.text)
    .text                                    0x0000e618   Section        4  use_no_semi.o(.text)
    .text                                    0x0000e620   Section       16  rt_locale_intlibspace.o(.text)
    .text                                    0x0000e630   Section       54  h1_extend.o(.text)
    .text                                    0x0000e666   Section       16  defsig_rtmem_outer.o(.text)
    .text                                    0x0000e67c   Section       16  heapext.o(.text)
    .text                                    0x0000e68c   Section        6  no_argv.o(.text)
    .text                                    0x0000e694   Section       16  rt_fp_status_addr_intlibspace.o(.text)
    .text                                    0x0000e6a4   Section       16  defsig_exit.o(.text)
    .text                                    0x0000e6b4   Section       80  defsig_rtmem_inner.o(.text)
    .text                                    0x0000e704   Section       56  defsig_general.o(.text)
    .text                                    0x0000e73c   Section       16  sys_wrch.o(.text)
    .text_udiv                               0x0000e74c   Section       28  aeabi_sdiv.o(.text_udiv)
    PORT_ASM                                 0x0000e768   Section      388  portasm.o(PORT_ASM)
    i._ZN12ECheckButtonD1Ev                  0x0000e900   Section        8  guidemo.o(i._ZN12ECheckButtonD1Ev)
    i._ZN13ESimpleWindow10AddControlEP8EControl 0x0000e908   Section       32  guidemo.o(i._ZN13ESimpleWindow10AddControlEP8EControl)
    i._ZN13ESimpleWindow12InWindowAreaE9EPosition 0x0000e928   Section       20  eframe.o(i._ZN13ESimpleWindow12InWindowAreaE9EPosition)
    i._ZN13ESimpleWindow13RecoverWindowEv    0x0000e93c   Section        4  eframe.o(i._ZN13ESimpleWindow13RecoverWindowEv)
    i._ZN13ESimpleWindow14GetWindowStateEv   0x0000e940   Section       12  eframe.o(i._ZN13ESimpleWindow14GetWindowStateEv)
    i._ZN14ESimpleDesktop13RedrawDesktopEv   0x0000e94c   Section       20  eframe.o(i._ZN14ESimpleDesktop13RedrawDesktopEv)
    i._ZN5EEditD1Ev                          0x0000e960   Section        8  guidemo.o(i._ZN5EEditD1Ev)
    i._ZN5EMenu13SetSelectItemEj             0x0000e968   Section       28  econtrol.o(i._ZN5EMenu13SetSelectItemEj)
    i._ZN5ESizeC1Ejj                         0x0000e984   Section       12  econtrol.o(i._ZN5ESizeC1Ejj)
    i._ZN5ETree12ETreeSubItem11OpenSubItemEv 0x0000e990   Section       36  econtrol.o(i._ZN5ETree12ETreeSubItem11OpenSubItemEv)
    i._ZN5ETree12ETreeSubItem12CloseSubItemEv 0x0000e9b4   Section       36  econtrol.o(i._ZN5ETree12ETreeSubItem12CloseSubItemEv)
    i._ZN6EEventC1Ev                         0x0000e9d8   Section       52  eframe.o(i._ZN6EEventC1Ev)
    i._ZN6ELabelD1Ev                         0x0000ea0c   Section        8  guidemo.o(i._ZN6ELabelD1Ev)
    i._ZN7EButtonD1Ev                        0x0000ea14   Section        8  guidemo.o(i._ZN7EButtonD1Ev)
    i._ZN7EWindow14GetWindowStateEv          0x0000ea1c   Section       12  eframe.o(i._ZN7EWindow14GetWindowStateEv)
    i._ZN7EWindowD1Ev                        0x0000ea28   Section       16  guidemo.o(i._ZN7EWindowD1Ev)
    i._ZN8EControl13RedrawControlEv          0x0000ea38   Section       44  econtrol.o(i._ZN8EControl13RedrawControlEv)
    i._ZN8EControl17SetRedrawFunctionEPFvPS_E 0x0000ea64   Section        8  econtrol.o(i._ZN8EControl17SetRedrawFunctionEPFvPS_E)
    i._ZN8EControlC1EPFvPS_P6EEventEPFvS0_E  0x0000ea6c   Section       84  econtrol.o(i._ZN8EControlC1EPFvPS_P6EEventEPFvS0_E)
    i._ZN8EControlC1EPFvPS_P6EEventEPFvS0_E5ESize9EPosition 0x0000eac0   Section       60  econtrol.o(i._ZN8EControlC1EPFvPS_P6EEventEPFvS0_E5ESize9EPosition)
    i._ZN9EComboBox13GetItemStringEj         0x0000eafc   Section       24  econtrol.o(i._ZN9EComboBox13GetItemStringEj)
    i._ZN9EComboBox14SetSelectIndexEj        0x0000eb14   Section       32  econtrol.o(i._ZN9EComboBox14SetSelectIndexEj)
    i._ZN9EPositionC1Ejj                     0x0000eb34   Section       12  guidemo.o(i._ZN9EPositionC1Ejj)
    i.__aeabi_atexit                         0x0000eb48   Section       48  aeabi_atexit.o(i.__aeabi_atexit)
    i.__cxa_finalize                         0x0000eb78   Section       74  cxa_finalize.o(i.__cxa_finalize)
    x$fpl$fpinit                             0x0000ebc8   Section       24  fpinit.o(x$fpl$fpinit)
    .constdata                               0x0000ebe0   Section      320  econtrol.o(.constdata)
    EG_DefaultIcon                           0x0000ebe0   Data         320  econtrol.o(.constdata)
    .constdata                               0x0000ed20   Section      768  graphicfunc.o(.constdata)
    EG_SmallFont                             0x0000ed20   Data         768  graphicfunc.o(.constdata)
    .constdata__ZTV13ESimpleWindow           0x0000f020   Section       32  eframe.o(.constdata__ZTV13ESimpleWindow)
    .constdata__ZTV14ESimpleDesktop          0x0000f040   Section       16  eframe.o(.constdata__ZTV14ESimpleDesktop)
    .constdata__ZTV7EWindow                  0x0000f050   Section       32  eframe.o(.constdata__ZTV7EWindow)
    .constdata__ZTV8EDesktop                 0x0000f070   Section       16  eframe.o(.constdata__ZTV8EDesktop)
    .init_array                              0x0000f0a0   Section        4  guidemo.o(.init_array)
    .data                                    0x40000000   Section        4  main.o(.data)
    .data                                    0x40000004   Section       12  serial.o(.data)
    xRxedChars                               0x40000004   Data           4  serial.o(.data)
    xCharsForTx                              0x40000008   Data           4  serial.o(.data)
    lTHREEmpty                               0x4000000c   Data           4  serial.o(.data)
    .data                                    0x40000010   Section       24  heap_2.o(.data)
    xHeapHasBeenInitialised@pvPortMalloc_0   0x40000010   Data           4  heap_2.o(.data)
    xStart                                   0x40000014   Data           8  heap_2.o(.data)
    xEnd                                     0x4000001c   Data           8  heap_2.o(.data)
    xFreeBytesRemaining                      0x40000024   Data           4  heap_2.o(.data)
    .data                                    0x40000028   Section       56  tasks.o(.data)
    uxTasksDeleted                           0x4000002c   Data           4  tasks.o(.data)
    uxCurrentNumberOfTasks                   0x40000030   Data           4  tasks.o(.data)
    xTickCount                               0x40000034   Data           4  tasks.o(.data)
    uxTopUsedPriority                        0x40000038   Data           4  tasks.o(.data)
    uxTopReadyPriority                       0x4000003c   Data           4  tasks.o(.data)
    xSchedulerRunning                        0x40000040   Data           4  tasks.o(.data)
    uxSchedulerSuspended                     0x40000044   Data           4  tasks.o(.data)
    uxMissedTicks                            0x40000048   Data           4  tasks.o(.data)
    xMissedYield                             0x4000004c   Data           4  tasks.o(.data)
    xNumOfOverflows                          0x40000050   Data           4  tasks.o(.data)
    uxTaskNumber                             0x40000054   Data           4  tasks.o(.data)
    pxDelayedTaskList                        0x40000058   Data           4  tasks.o(.data)
    pxOverflowDelayedTaskList                0x4000005c   Data           4  tasks.o(.data)
    .data                                    0x40000060   Section        4  port.o(.data)
    .data                                    0x40000064   Section        2  guidemo.o(.data)
    .data                                    0x40000068   Section       44  dynamic.o(.data)
    usCheckVariable                          0x40000068   Data           2  dynamic.o(.data)
    xSuspendedQueueSendError                 0x4000006c   Data           4  dynamic.o(.data)
    xSuspendedQueueReceiveError              0x40000070   Data           4  dynamic.o(.data)
    ulValueToSend@vQueueSendWhenSuspendedTask_0 0x40000074   Data           4  dynamic.o(.data)
    ulExpectedValue@vQueueReceiveWhenSuspendedTask_0 0x40000078   Data           4  dynamic.o(.data)
    ulReceivedValue@vQueueReceiveWhenSuspendedTask_1 0x4000007c   Data           4  dynamic.o(.data)
    usLastTaskCheck@xAreDynamicPriorityTasksStillRunning_0 0x40000080   Data           2  dynamic.o(.data)
    xContinousIncrementHandle                0x40000084   Data           4  dynamic.o(.data)
    xLimitedIncrementHandle                  0x40000088   Data           4  dynamic.o(.data)
    ulCounter                                0x4000008c   Data           4  dynamic.o(.data)
    .data                                    0x40000094   Section        4  flash.o(.data)
    uxFlashTaskNumber                        0x40000094   Data           4  flash.o(.data)
    .data                                    0x40000098   Section       12  pollq.o(.data)
    xPollingConsumerCount                    0x40000098   Data           4  pollq.o(.data)
    xPollingProducerCount                    0x4000009c   Data           4  pollq.o(.data)
    xPolledQueue@vStartPolledQueueTasks_0    0x400000a0   Data           4  pollq.o(.data)
    .data                                    0x400000a4   Section       24  blockq.o(.data)
    sBlockingConsumerCount                   0x400000a4   Data           6  blockq.o(.data)
    sBlockingProducerCount                   0x400000aa   Data           6  blockq.o(.data)
    sLastBlockingConsumerCount@xAreBlockingQueuesStillRunning_0 0x400000b0   Data           6  blockq.o(.data)
    sLastBlockingProducerCount@xAreBlockingQueuesStillRunning_1 0x400000b6   Data           6  blockq.o(.data)
    .data                                    0x400000bc   Section       18  semtest.o(.data)
    sCheckVariables                          0x400000bc   Data           8  semtest.o(.data)
    sNextCheckVariable                       0x400000c4   Data           2  semtest.o(.data)
    sLastCheckVariables@xAreSemaphoreTasksStillRunning_0 0x400000c6   Data           8  semtest.o(.data)
    .data                                    0x400000d0   Section        4  eframe.o(.data)
    .bss                                     0x400000d8   Section    13312  heap_2.o(.bss)
    xHeap                                    0x400000d8   Data       13312  heap_2.o(.bss)
    .bss                                     0x400034d8   Section      180  tasks.o(.bss)
    pxReadyTasksLists                        0x400034d8   Data          80  tasks.o(.bss)
    xDelayedTaskList1                        0x40003528   Data          20  tasks.o(.bss)
    xDelayedTaskList2                        0x4000353c   Data          20  tasks.o(.bss)
    xPendingReadyList                        0x40003550   Data          20  tasks.o(.bss)
    xTasksWaitingTermination                 0x40003564   Data          20  tasks.o(.bss)
    xSuspendedTaskList                       0x40003578   Data          20  tasks.o(.bss)
    .bss                                     0x4000358c   Section      440  guidemo.o(.bss)
    .bss                                     0x40003744   Section     4096  lcddriver.o(.bss)
    .bss                                     0x40004744   Section       96  libspace.o(.bss)
    HEAP                                     0x400047a8   Number         0  startup.o(HEAP)
    STACK                                    0x400047a8   Section     1568  startup.o(STACK)
    Heap_Mem                                 0x400047a8   Number         0  startup.o(HEAP)
    Stack_Mem                                0x400047a8   Data        1568  startup.o(STACK)
    Stack_Top                                0x40004dc8   Number         0  startup.o(STACK)

    Global Symbols

    Symbol Name                              Value     Ov Type        Size  Object(Section)

    BuildAttributes$$THM_ISAv1$ARM_ISAv4$M$S$PE$A:L22$X:L11$S22$IEEE1$IW$USESV6$~STKCKD$USESV7$~SHL$OSPACE$EBA8$STANDARDLIB$REQ8$PRES8$EABIv2 0x00000000   Number         0  anon$$obj.o ABSOLUTE
    __ARM_use_no_argv                        0x00000000   Number         0  main.o ABSOLUTE
    __ARM_exceptions_init                     - Undefined Weak Reference
    __alloca_initialize                       - Undefined Weak Reference
    __sigvec_lookup                           - Undefined Weak Reference
    __user_heap_extend                        - Undefined Weak Reference
    __user_heap_extent                        - Undefined Weak Reference
    _atexit_init                              - Undefined Weak Reference
    _call_atexit_fns                          - Undefined Weak Reference
    _clock_init                               - Undefined Weak Reference
    _fp_trap_init                             - Undefined Weak Reference
    _get_lc_collate                           - Undefined Weak Reference
    _get_lc_ctype                             - Undefined Weak Reference
    _get_lc_monetary                          - Undefined Weak Reference
    _get_lc_numeric                           - Undefined Weak Reference
    _get_lc_time                              - Undefined Weak Reference
    _getenv_init                              - Undefined Weak Reference
    _handle_redirection                       - Undefined Weak Reference
    _initio                                   - Undefined Weak Reference
    _mutex_acquire                            - Undefined Weak Reference
    _mutex_release                            - Undefined Weak Reference
    _rand_init                                - Undefined Weak Reference
    _signal_init                              - Undefined Weak Reference
    _terminateio                              - Undefined Weak Reference
    Reset_Handler                            0x00000058   ARM Code       0  startup.o(RESET)
    __main                                   0x00000104   ARM Code       8  __main.o(!!!main)
    __scatterload                            0x0000010c   ARM Code       0  __scatter.o(!!!scatter)
    __scatterload_rt2                        0x0000010c   ARM Code      52  __scatter.o(!!!scatter)
    __scatterload_null                       0x00000120   ARM Code       0  __scatter.o(!!!scatter)
    __scatterload_copy                       0x00000148   ARM Code      40  __scatter_copy.o(!!handler_copy)
    __scatterload_zeroinit                   0x00000170   ARM Code      44  __scatter_zi.o(!!handler_zi)
    Inline Thumb to ARM Veneer to __ARM_argv_veneer 0x0000019d   Thumb Code     0  lib_init.o(.emb_text)
    __ARM_argv_veneer                        0x000001a0   ARM Code      16  lib_init.o(.emb_text)
    __user_initial_stackheap                 0x000001b0   ARM Code       0  startup.o(.text)
    vParTestInitialise                       0x000001d0   ARM Code       4  partest.o(.text)
    vParTestSetLED                           0x000001d4   ARM Code      48  partest.o(.text)
    vParTestToggleLED                        0x00000204   ARM Code      56  partest.o(.text)
    main                                     0x00000280   ARM Code     100  main.o(.text)
    xSerialPortInitMinimal                   0x00000300   ARM Code     276  serial.o(.text)
    xSerialGetChar                           0x00000414   ARM Code      68  serial.o(.text)
    xSerialPutChar                           0x00000458   ARM Code     172  serial.o(.text)
    vSerialPutString                         0x00000504   ARM Code      64  serial.o(.text)
    vUART_ISRHandler                         0x00000544   ARM Code     272  serial.o(.text)
    vUART_ISREntry                           0x0000066c   ARM Code       0  serialisr.o(.text)
    pvPortMalloc                             0x00000700   ARM Code     360  heap_2.o(.text)
    vPortFree                                0x00000868   ARM Code     116  heap_2.o(.text)
    xPortGetFreeHeapSize                     0x000008dc   ARM Code      12  heap_2.o(.text)
    vPortInitialiseBlocks                    0x000008e8   ARM Code       4  heap_2.o(.text)
    vListInitialise                          0x00000900   ARM Code      44  list.o(.text)
    vListInitialiseItem                      0x0000092c   ARM Code      12  list.o(.text)
    vListInsertEnd                           0x00000938   ARM Code      56  list.o(.text)
    vListInsert                              0x00000970   ARM Code      92  list.o(.text)
    vListRemove                              0x000009cc   ARM Code      68  list.o(.text)
    xQueueCreate                             0x00000a10   ARM Code     180  queue.o(.text)
    xQueueGenericSend                        0x00000c74   ARM Code     348  queue.o(.text)
    xQueueGenericSendFromISR                 0x00000dd0   ARM Code     144  queue.o(.text)
    xQueueGenericReceive                     0x00000ef0   ARM Code     404  queue.o(.text)
    xQueueReceiveFromISR                     0x00001084   ARM Code     144  queue.o(.text)
    uxQueueMessagesWaiting                   0x00001114   ARM Code      32  queue.o(.text)
    uxQueueMessagesWaitingFromISR            0x00001134   ARM Code      12  queue.o(.text)
    vQueueDelete                             0x00001140   ARM Code      32  queue.o(.text)
    xQueueIsQueueEmptyFromISR                0x00001160   ARM Code      36  queue.o(.text)
    xQueueIsQueueFullFromISR                 0x00001184   ARM Code      40  queue.o(.text)
    xTaskGenericCreate                       0x000012e8   ARM Code     420  tasks.o(.text)
    vTaskDelete                              0x0000148c   ARM Code     180  tasks.o(.text)
    vTaskIncrementTick                       0x00001540   ARM Code     312  tasks.o(.text)
    xTaskResumeAll                           0x00001678   ARM Code     344  tasks.o(.text)
    vTaskSuspendAll                          0x000017d0   ARM Code      24  tasks.o(.text)
    vTaskDelayUntil                          0x000017e8   ARM Code     252  tasks.o(.text)
    vTaskDelay                               0x000018e4   ARM Code     160  tasks.o(.text)
    uxTaskPriorityGet                        0x00001984   ARM Code      60  tasks.o(.text)
    vTaskPrioritySet                         0x000019c0   ARM Code     252  tasks.o(.text)
    vTaskSuspend                             0x00001abc   ARM Code     124  tasks.o(.text)
    xTaskIsTaskSuspended                     0x00001b38   ARM Code     128  tasks.o(.text)
    vTaskResume                              0x00001bb8   ARM Code     160  tasks.o(.text)
    xTaskResumeFromISR                       0x00001c58   ARM Code     180  tasks.o(.text)
    vTaskStartScheduler                      0x00001e08   ARM Code     100  tasks.o(.text)
    vTaskEndScheduler                        0x00001e6c   ARM Code      40  tasks.o(.text)
    xTaskGetTickCount                        0x00001e94   ARM Code      32  tasks.o(.text)
    uxTaskGetNumberOfTasks                   0x00001eb4   ARM Code      12  tasks.o(.text)
    vTaskSwitchContext                       0x00001ec0   ARM Code     164  tasks.o(.text)
    vTaskPlaceOnEventList                    0x00001f64   ARM Code     264  tasks.o(.text)
    xTaskRemoveFromEventList                 0x0000206c   ARM Code     192  tasks.o(.text)
    vTaskSetTimeOutState                     0x0000212c   ARM Code      28  tasks.o(.text)
    xTaskCheckForTimeOut                     0x00002148   ARM Code     176  tasks.o(.text)
    vTaskMissedYield                         0x000021f8   ARM Code      16  tasks.o(.text)
    pxPortInitialiseStack                    0x0000220c   ARM Code     232  port.o(.text)
    xPortStartScheduler                      0x00002358   ARM Code      24  port.o(.text)
    vPortEndScheduler                        0x00002370   ARM Code       4  port.o(.text)
    vPortEnterCritical                       0x00002374   ARM Code      36  port.o(.text)
    vPortExitCritical                        0x00002398   ARM Code      68  port.o(.text)
    vUARTCursorInfo                          0x00002400   ARM Code     256  guidemo.o(.text)
    vGUIRedraw                               0x00002500   ARM Code      44  guidemo.o(.text)
    vGUIInit                                 0x0000252c   ARM Code     148  guidemo.o(.text)
    nextButtonCBF(EControl*, EEvent*)        0x000025c0   ARM Code     332  guidemo.o(.text)
    vStartDynamicPriorityTasks               0x00002c24   ARM Code     224  dynamic.o(.text)
    xAreDynamicPriorityTasksStillRunning     0x00002d04   ARM Code      92  dynamic.o(.text)
    vStartLEDFlashTasks                      0x00002e28   ARM Code      72  flash.o(.text)
    vStartPolledQueueTasks                   0x00002fa4   ARM Code     116  pollq.o(.text)
    xArePollingQueuesStillRunning            0x00003018   ARM Code      68  pollq.o(.text)
    vStartBlockingQueueTasks                 0x00003164   ARM Code     532  blockq.o(.text)
    xAreBlockingQueuesStillRunning           0x00003378   ARM Code     228  blockq.o(.text)
    vStartSemaphoreTasks                     0x00003584   ARM Code     404  semtest.o(.text)
    xAreSemaphoreTasksStillRunning           0x00003718   ARM Code      88  semtest.o(.text)
    EG_RedrawFunc_DefaultELabel(EControl*)   0x000037a0   ARM Code      52  econtrol.o(.text)
    EG_RedrawFunc_DefaultEButton(EControl*)  0x000037d4   ARM Code      84  econtrol.o(.text)
    EG_CallbackFunc_DefaultECheckButton(EControl*, EEvent*) 0x00003828   ARM Code      96  econtrol.o(.text)
    EG_RedrawFunc_DefaultECheckButton(EControl*) 0x00003888   ARM Code     180  econtrol.o(.text)
    EEdit::AddCharToString(char)             0x0000393c   ARM Code      68  econtrol.o(.text)
    EG_CallbackFunc_DefaultEEdit(EControl*, EEvent*) 0x00003980   ARM Code      68  econtrol.o(.text)
    EG_RedrawFunc_DefaultEEdit(EControl*)    0x000039c4   ARM Code     192  econtrol.o(.text)
    EG_RedrawFunc_DefaultEProgress(EControl*) 0x00003a84   ARM Code     164  econtrol.o(.text)
    EExtLabel::ChangeState()                 0x00003b28   ARM Code      56  econtrol.o(.text)
    EG_CallbackFunc_DefaultEExtLabel(EControl*, EEvent*) 0x00003b60   ARM Code      72  econtrol.o(.text)
    EG_RedrawFunc_DefaultEExtLabel(EControl*) 0x00003ba8   ARM Code      80  econtrol.o(.text)
    EComboBox::SwitchOpenState()             0x00003bf8   ARM Code      84  econtrol.o(.text)
    EG_CallbackFunc_DefaultEComboBox(EControl*, EEvent*) 0x00003c4c   ARM Code     208  econtrol.o(.text)
    EG_RedrawFunc_DefaultEComboBox(EControl*) 0x00003d1c   ARM Code     468  econtrol.o(.text)
    EG_RedrawFunc_DefaultEIcon(EControl*)    0x00003ef0   ARM Code      68  econtrol.o(.text)
    EG_RedrawFunc_DefaultEIconButton(EControl*) 0x00003f34   ARM Code     180  econtrol.o(.text)
    EMessageBox::InCloseArea(const EPosition&) 0x00003fe8   ARM Code     104  econtrol.o(.text)
    EG_CallbackFunc_DefaultEMessageBox(EControl*, EEvent*) 0x00004050   ARM Code     104  econtrol.o(.text)
    EG_RedrawFunc_DefaultEMessageBox(EControl*) 0x000040b8   ARM Code     224  econtrol.o(.text)
    EDialogBox::UpdataState(const EPosition&) 0x00004198   ARM Code     184  econtrol.o(.text)
    EG_CallbackFunc_DefaultEDialogBox(EControl*, EEvent*) 0x00004250   ARM Code     104  econtrol.o(.text)
    EG_RedrawFunc_DefaultEDialogBox(EControl*) 0x000042b8   ARM Code     368  econtrol.o(.text)
    EG_CallbackFunc_DefaultEScroll(EControl*, EEvent*) 0x00004428   ARM Code     208  econtrol.o(.text)
    EG_RedrawFunc_DefaultEScroll(EControl*)  0x000044f8   ARM Code     444  econtrol.o(.text)
    EG_CallbackFunc_DefaultEList(EControl*, EEvent*) 0x000046b4   ARM Code     200  econtrol.o(.text)
    EG_RedrawFunc_DefaultEList(EControl*)    0x0000477c   ARM Code     248  econtrol.o(.text)
    EMenu::UpdateHeightAndPosition()         0x00004874   ARM Code      80  econtrol.o(.text)
    EMenu::SwitchShowState()                 0x000048c4   ARM Code     168  econtrol.o(.text)
    EG_CallbackFunc_DefaultEMenu(EControl*, EEvent*) 0x0000496c   ARM Code     596  econtrol.o(.text)
    EG_RedrawFunc_DefaultEMenu(EControl*)    0x00004bc0   ARM Code     556  econtrol.o(.text)
    EG_CallbackFunc_DefaultEPopupMenu(EControl*, EEvent*) 0x00004dec   ARM Code     304  econtrol.o(.text)
    EG_RedrawFunc_DefaultEPopupMenu(EControl*) 0x00004f1c   ARM Code     236  econtrol.o(.text)
    ETree::ETreeItem::OpenAllSubItem()       0x00005008   ARM Code      68  econtrol.o(.text)
    ETree::ETreeItem::CloseAllSubItem()      0x0000504c   ARM Code      68  econtrol.o(.text)
    ETree::ETreeSubItem::GetOpenSubItem(unsigned&) 0x00005090   ARM Code     104  econtrol.o(.text)
    ETree::ETreeItem::GetOpenSubItem(unsigned&) 0x000050f8   ARM Code     108  econtrol.o(.text)
    EG_CallbackFunc_DefaultETree(EControl*, EEvent*) 0x00005164   ARM Code     200  econtrol.o(.text)
    ETree::DrawExtendIcon(const EPosition&, bool) 0x0000522c   ARM Code      96  econtrol.o(.text)
    ETree::ETreeSubItem::GetOpenSubItemCount() 0x0000528c   ARM Code      44  econtrol.o(.text)
    ETree::ETreeItem::GetOpenSubItemCount()  0x000052b8   ARM Code      88  econtrol.o(.text)
    EG_RedrawFunc_DefaultETree(EControl*)    0x00005310   ARM Code     612  econtrol.o(.text)
    EControl::NoticeControl(EEvent*)         0x00005574   ARM Code      72  econtrol.o(.text)
    EControl::InControlArea(EPosition)       0x000055bc   ARM Code      92  econtrol.o(.text)
    EG_CallbackFunc_DefaultEToolBar(EControl*, EEvent*) 0x00005618   ARM Code     132  econtrol.o(.text)
    EToolBar::AdjustControlPosition()        0x0000569c   ARM Code      96  econtrol.o(.text)
    EG_RedrawFunc_DefaultEToolBar(EControl*) 0x000056fc   ARM Code     104  econtrol.o(.text)
    EG_RedrawFunc_DefaultEStatusBar(EControl*) 0x00005764   ARM Code     164  econtrol.o(.text)
    EBarChart::CheckSelectItem(unsigned, unsigned) 0x00005808   ARM Code     256  econtrol.o(.text)
    EG_CallbackFunc_DefaultEBarChart(EControl*, EEvent*) 0x00005908   ARM Code     120  econtrol.o(.text)
    EG_RedrawFunc_DefaultEBarChart(EControl*) 0x00005980   ARM Code     976  econtrol.o(.text)
    EG_RedrawFunc_DefaultEClock(EControl*)   0x00005d50   ARM Code     252  econtrol.o(.text)
    ELabel::ELabel(EPosition, char*, unsigned) 0x00005e4c   ARM Code     116  econtrol.o(.text)
    ELabel::ELabel__sub_object(EPosition, char*, unsigned) 0x00005e4c   ARM Code       0  econtrol.o(.text)
    ELabel::ELabel(void(*)(EControl*, EEvent*), void(*)(EControl*), EPosition, char*, unsigned) 0x00005ec0   ARM Code     132  econtrol.o(.text)
    ELabel::ELabel__sub_object(void(*)(EControl*, EEvent*), void(*)(EControl*), EPosition, char*, unsigned) 0x00005ec0   ARM Code       0  econtrol.o(.text)
    EButton::EButton(void(*)(EControl*, EEvent*), EPosition, char*, unsigned) 0x00005f44   ARM Code     124  econtrol.o(.text)
    EButton::EButton__sub_object(void(*)(EControl*, EEvent*), EPosition, char*, unsigned) 0x00005f44   ARM Code       0  econtrol.o(.text)
    ECheckButton::ECheckButton(bool, EPosition, char*, unsigned) 0x00005fc0   ARM Code     128  econtrol.o(.text)
    ECheckButton::ECheckButton__sub_object(bool, EPosition, char*, unsigned) 0x00005fc0   ARM Code       0  econtrol.o(.text)
    ECheckButton::ECheckButton(void(*)(EControl*, EEvent*), bool, EPosition, char*, unsigned) 0x00006040   ARM Code     140  econtrol.o(.text)
    ECheckButton::ECheckButton__sub_object(void(*)(EControl*, EEvent*), bool, EPosition, char*, unsigned) 0x00006040   ARM Code       0  econtrol.o(.text)
    EEdit::EEdit(bool, EPosition, unsigned)  0x000060cc   ARM Code     152  econtrol.o(.text)
    EEdit::EEdit__sub_object(bool, EPosition, unsigned) 0x000060cc   ARM Code       0  econtrol.o(.text)
    EEdit::SetString(char*)                  0x00006164   ARM Code     100  econtrol.o(.text)
    EEdit::EEdit(char*, bool, EPosition, unsigned) 0x000061c8   ARM Code     176  econtrol.o(.text)
    EEdit::EEdit__sub_object(char*, bool, EPosition, unsigned) 0x000061c8   ARM Code       0  econtrol.o(.text)
    EEdit::EEdit(void(*)(EControl*, EEvent*), char*, bool, EPosition, unsigned) 0x00006278   ARM Code     172  econtrol.o(.text)
    EEdit::EEdit__sub_object(void(*)(EControl*, EEvent*), char*, bool, EPosition, unsigned) 0x00006278   ARM Code       0  econtrol.o(.text)
    EEdit::SetString(char*, int)             0x00006324   ARM Code     100  econtrol.o(.text)
    EExtLabel::EExtLabel()                   0x00006388   ARM Code     100  econtrol.o(.text)
    EExtLabel::EExtLabel__sub_object()       0x00006388   ARM Code       0  econtrol.o(.text)
    EExtLabel::EExtLabel(EPosition, char*, unsigned) 0x000063ec   ARM Code      80  econtrol.o(.text)
    EExtLabel::EExtLabel__sub_object(EPosition, char*, unsigned) 0x000063ec   ARM Code       0  econtrol.o(.text)
    EExtLabel::EExtLabel(void(*)(EControl*, EEvent*), EPosition, char*, unsigned) 0x0000643c   ARM Code      84  econtrol.o(.text)
    EExtLabel::EExtLabel__sub_object(void(*)(EControl*, EEvent*), EPosition, char*, unsigned) 0x0000643c   ARM Code       0  econtrol.o(.text)
    EComboBox::EComboBox()                   0x00006490   ARM Code     132  econtrol.o(.text)
    EComboBox::EComboBox__sub_object()       0x00006490   ARM Code       0  econtrol.o(.text)
    EComboBox::EComboBox(EPosition, unsigned) 0x00006514   ARM Code     188  econtrol.o(.text)
    EComboBox::EComboBox__sub_object(EPosition, unsigned) 0x00006514   ARM Code       0  econtrol.o(.text)
    EComboBox::SetIemString(unsigned, char*) 0x000065d0   ARM Code      76  econtrol.o(.text)
    EComboBox::AddItem(char*)                0x0000661c   ARM Code      88  econtrol.o(.text)
    EComboBox::RemoveItem(unsigned)          0x00006674   ARM Code     128  econtrol.o(.text)
    EIcon::SetIconBuffer(unsigned)           0x000066f4   ARM Code      32  econtrol.o(.text)
    EIcon::EIcon(void(*)(EControl*, EEvent*), EPosition, unsigned) 0x00006714   ARM Code     156  econtrol.o(.text)
    EIcon::EIcon__sub_object(void(*)(EControl*, EEvent*), EPosition, unsigned) 0x00006714   ARM Code       0  econtrol.o(.text)
    EIconButton::EIconButton(void(*)(EControl*, EEvent*), EPosition, ESize, ESize, unsigned char*, char*, bool) 0x000067b0   ARM Code     200  econtrol.o(.text)
    EIconButton::EIconButton__sub_object(void(*)(EControl*, EEvent*), EPosition, ESize, ESize, unsigned char*, char*, bool) 0x000067b0   ARM Code       0  econtrol.o(.text)
    EIconButton::EIconButton(void(*)(EControl*, EEvent*), EPosition, ESize, unsigned, char*, bool) 0x00006878   ARM Code     124  econtrol.o(.text)
    EIconButton::EIconButton__sub_object(void(*)(EControl*, EEvent*), EPosition, ESize, unsigned, char*, bool) 0x00006878   ARM Code       0  econtrol.o(.text)
    EMessageBox::EMessageBox(unsigned char, EPosition, char*, unsigned) 0x000068f4   ARM Code     128  econtrol.o(.text)
    EMessageBox::EMessageBox__sub_object(unsigned char, EPosition, char*, unsigned) 0x000068f4   ARM Code       0  econtrol.o(.text)
    EMessageBox::SwitchState()               0x00006974   ARM Code      56  econtrol.o(.text)
    EDialogBox::EDialogBox(unsigned char, EPosition, char*, unsigned) 0x000069ac   ARM Code     148  econtrol.o(.text)
    EDialogBox::EDialogBox__sub_object(unsigned char, EPosition, char*, unsigned) 0x000069ac   ARM Code       0  econtrol.o(.text)
    EScroll::EScroll()                       0x00006a40   ARM Code      56  econtrol.o(.text)
    EScroll::EScroll__sub_object()           0x00006a40   ARM Code       0  econtrol.o(.text)
    EScroll::EScroll(EPosition, unsigned, unsigned) 0x00006a78   ARM Code     112  econtrol.o(.text)
    EScroll::EScroll__sub_object(EPosition, unsigned, unsigned) 0x00006a78   ARM Code       0  econtrol.o(.text)
    EScroll::SetCurrentPosition(unsigned)    0x00006ae8   ARM Code      60  econtrol.o(.text)
    EList::AddItem(EList::EListItem*)        0x00006b24   ARM Code      84  econtrol.o(.text)
    EList::RemoveItem(int)                   0x00006b78   ARM Code     112  econtrol.o(.text)
    EList::RemoveAllItems()                  0x00006be8   ARM Code      56  econtrol.o(.text)
    EList::AddColumn(unsigned)               0x00006c20   ARM Code     172  econtrol.o(.text)
    EList::SetColumnWidth(unsigned, unsigned) 0x00006ccc   ARM Code      88  econtrol.o(.text)
    EList::SetItem(unsigned, unsigned, char*) 0x00006d24   ARM Code     112  econtrol.o(.text)
    EList::SetItem(unsigned, unsigned, char*, void(*)(EControl*, EEvent*)) 0x00006d94   ARM Code     128  econtrol.o(.text)
    EMenu::EMenu()                           0x00006e14   ARM Code     180  econtrol.o(.text)
    EMenu::EMenu__sub_object()               0x00006e14   ARM Code       0  econtrol.o(.text)
    EMenu::EMenu(char*, unsigned, EPosition, bool) 0x00006ec8   ARM Code     204  econtrol.o(.text)
    EMenu::EMenu__sub_object(char*, unsigned, EPosition, bool) 0x00006ec8   ARM Code       0  econtrol.o(.text)
    EMenu::AddItem(EMenu::EMenuItem*)        0x00006f94   ARM Code     148  econtrol.o(.text)
    EMenu::RemovedAllItems()                 0x00007028   ARM Code      60  econtrol.o(.text)
    EMenu::SetMenuItemState(unsigned, unsigned char) 0x00007064   ARM Code      36  econtrol.o(.text)
    EMenu::SetMenuItem(unsigned, char*, unsigned char) 0x00007088   ARM Code     168  econtrol.o(.text)
    EMenu::SetMenuItem(unsigned, char*, unsigned char, void(*)(EControl*, EEvent*)) 0x00007130   ARM Code     172  econtrol.o(.text)
    EMenu::CollapseMenu()                    0x000071dc   ARM Code      48  econtrol.o(.text)
    EPopupMenu::EPopupMenu()                 0x0000720c   ARM Code     116  econtrol.o(.text)
    EPopupMenu::EPopupMenu__sub_object()     0x0000720c   ARM Code       0  econtrol.o(.text)
    EPopupMenu::AddItem(EPopupMenu::EPopupMenuItem*) 0x00007280   ARM Code     132  econtrol.o(.text)
    EPopupMenu::RemovedAllItems()            0x00007304   ARM Code      52  econtrol.o(.text)
    EPopupMenu::SetPopupMenuItemState(unsigned, unsigned char) 0x00007338   ARM Code      36  econtrol.o(.text)
    EPopupMenu::SetPopupMenuItem(unsigned, char*, unsigned char) 0x0000735c   ARM Code     148  econtrol.o(.text)
    EPopupMenu::SetPopupMenuItem(unsigned, char*, unsigned char, void(*)(EControl*, EEvent*)) 0x000073f0   ARM Code     164  econtrol.o(.text)
    EPopupMenu::ShowPopupMenu(const EPosition&) 0x00007494   ARM Code      80  econtrol.o(.text)
    EPopupMenu::ClosePopupMenu()             0x000074e4   ARM Code      20  econtrol.o(.text)
    ETree::ETreeItem::AddSubItem(ETree::ETreeSubItem*) 0x000074f8   ARM Code      64  econtrol.o(.text)
    ETree::AddRoot(ETree::ETreeSubItem*, char*) 0x00007538   ARM Code     140  econtrol.o(.text)
    ETree::AddBranch(ETree::ETreeItem*, unsigned) 0x000075c4   ARM Code      36  econtrol.o(.text)
    ETree::AddBranch(ETree::ETreeItem*, unsigned, unsigned) 0x000075e8   ARM Code      72  econtrol.o(.text)
    ETree::AddLeaf(unsigned, ETree::ETreeSubItem*, char*) 0x00007630   ARM Code     208  econtrol.o(.text)
    ETree::ETreeSubItem::SetSubItemString(char*) 0x00007700   ARM Code      68  econtrol.o(.text)
    ETree::AddLeaf(unsigned, unsigned, ETree::ETreeSubItem*, char*) 0x00007744   ARM Code     188  econtrol.o(.text)
    ETree::RemoveAllRoots()                  0x00007800   ARM Code      44  econtrol.o(.text)
    ETree::RemoveRoot(unsigned)              0x0000782c   ARM Code      68  econtrol.o(.text)
    ETree::ToggleRootState(unsigned)         0x00007870   ARM Code      96  econtrol.o(.text)
    ETree::ToggleLeafState(unsigned, unsigned) 0x000078d0   ARM Code     156  econtrol.o(.text)
    ETree::ETreeSubItem::ETreeSubItem()      0x0000796c   ARM Code      48  econtrol.o(.text)
    ETree::ETreeSubItem::ETreeSubItem__sub_object() 0x0000796c   ARM Code       0  econtrol.o(.text)
    ETree::ETreeItem::ETreeItem()            0x0000799c   ARM Code      48  econtrol.o(.text)
    ETree::ETreeItem::ETreeItem__sub_object() 0x0000799c   ARM Code       0  econtrol.o(.text)
    EToolBar::RemoveAllItems()               0x000079cc   ARM Code      56  econtrol.o(.text)
    EToolBar::EToolBar()                     0x00007a04   ARM Code      60  econtrol.o(.text)
    EToolBar::EToolBar__sub_object()         0x00007a04   ARM Code       0  econtrol.o(.text)
    EToolBar::EToolBar(EPosition)            0x00007a40   ARM Code     112  econtrol.o(.text)
    EToolBar::EToolBar__sub_object(EPosition) 0x00007a40   ARM Code       0  econtrol.o(.text)
    EToolBar::AddItem(EControl*)             0x00007ab0   ARM Code     116  econtrol.o(.text)
    EToolBar::UpdateToolBarHeight()          0x00007b24   ARM Code      84  econtrol.o(.text)
    EToolBar::RemoveItem(unsigned)           0x00007b78   ARM Code     152  econtrol.o(.text)
    EToolBar::SetDockState(unsigned char)    0x00007c10   ARM Code      88  econtrol.o(.text)
    EStatusBar::SetLabelString(char*)        0x00007c68   ARM Code      84  econtrol.o(.text)
    EStatusBar::SetStatusString(char*, unsigned char) 0x00007cbc   ARM Code     148  econtrol.o(.text)
    EStatusBar::GetStatusString(unsigned char) 0x00007d50   ARM Code      44  econtrol.o(.text)
    EStatusBar::ClearLabelString()           0x00007d7c   ARM Code      36  econtrol.o(.text)
    EStatusBar::ClearStatusString(unsigned char) 0x00007da0   ARM Code      84  econtrol.o(.text)
    EStatusBar::SetStatusPosition(unsigned char, unsigned) 0x00007df4   ARM Code      28  econtrol.o(.text)
    ECursor::SetCursorPosition(const EPosition&) 0x00007e10   ARM Code     744  ecursor.o(.text)
    EG_HookFunc_RedrawESimpleWindow(ESimpleWindow*) 0x000080fc   ARM Code       4  eframe.o(.text)
    EG_HookFunc_RedrawEWindow(ESimpleWindow*) 0x00008100   ARM Code       4  eframe.o(.text)
    EG_HookFunc_RedrawEDesktop(ESimpleDesktop*) 0x00008104   ARM Code       4  eframe.o(.text)
    ESimpleWindow::ESimpleWindow()           0x00008108   ARM Code      56  eframe.o(.text)
    ESimpleWindow::ESimpleWindow__sub_object() 0x00008108   ARM Code       0  eframe.o(.text)
    ESimpleWindow::ESimpleWindow(char*)      0x00008140   ARM Code      56  eframe.o(.text)
    ESimpleWindow::ESimpleWindow__sub_object(char*) 0x00008140   ARM Code       0  eframe.o(.text)
    ESimpleWindow::RemoveAllControl()        0x00008178   ARM Code      48  eframe.o(.text)
    ESimpleWindow::RemoveLastControl()       0x000081a8   ARM Code      48  eframe.o(.text)
    ESimpleWindow::RemoveControl(int)        0x000081d8   ARM Code      80  eframe.o(.text)
    ESimpleWindow::ForceRedrawAllControls()  0x00008228   ARM Code      60  eframe.o(.text)
    ESimpleWindow::RedrawSelectedControls()  0x00008264   ARM Code      80  eframe.o(.text)
    ESimpleWindow::RedrawControl(const EPosition&) 0x000082b4   ARM Code      88  eframe.o(.text)
    ESimpleWindow::SelectControl(EPosition)  0x0000830c   ARM Code      80  eframe.o(.text)
    ESimpleWindow::DispatchEvent(EEvent*)    0x0000835c   ARM Code      60  eframe.o(.text)
    EWindow::RemoveAllMenuItems()            0x00008398   ARM Code      48  eframe.o(.text)
    EWindow::EWindow()                       0x000083c8   ARM Code     176  eframe.o(.text)
    EWindow::EWindow__sub_object()           0x000083c8   ARM Code       0  eframe.o(.text)
    EWindow::EWindow(char*, EPosition, ESize, bool) 0x00008478   ARM Code     188  eframe.o(.text)
    EWindow::EWindow__sub_object(char*, EPosition, ESize, bool) 0x00008478   ARM Code       0  eframe.o(.text)
    EWindow::RedrawBaseWindow()              0x00008534   ARM Code     496  eframe.o(.text)
    EWindow::ForceRedrawAllControls()        0x00008724   ARM Code     176  eframe.o(.text)
    EWindow::RedrawSelectedControls()        0x000087d4   ARM Code     164  eframe.o(.text)
    EWindow::InTitleArea(EPosition)          0x00008878   ARM Code     104  eframe.o(.text)
    EWindow::MinimizeWindow()                0x000088e0   ARM Code      56  eframe.o(.text)
    EWindow::InMinArea(EPosition)            0x00008918   ARM Code     124  eframe.o(.text)
    EWindow::AdjustBarPosition()             0x00008994   ARM Code     840  eframe.o(.text)
    EWindow::AdjustMenuPosition()            0x00008cdc   ARM Code     104  eframe.o(.text)
    EWindow::AdjustControlPosition(int, int) 0x00008d44   ARM Code      92  eframe.o(.text)
    EWindow::MaximizeWindow(ESize)           0x00008da0   ARM Code     132  eframe.o(.text)
    EWindow::InMaxArea(EPosition)            0x00008e24   ARM Code     124  eframe.o(.text)
    ESimpleDesktop::GetWindowIndex(ESimpleWindow*) 0x00008ea0   ARM Code      64  eframe.o(.text)
    ESimpleDesktop::RemoveWindow(unsigned char) 0x00008ee0   ARM Code      96  eframe.o(.text)
    EWindow::InExitArea(EPosition)           0x00008f40   ARM Code     124  eframe.o(.text)
    EWindow::DispatchEvent(EEvent*)          0x00008fbc   ARM Code     724  eframe.o(.text)
    EWindow::MoveWindow(EPosition)           0x00009290   ARM Code     116  eframe.o(.text)
    EWindow::MaximizeWindow()                0x00009304   ARM Code     136  eframe.o(.text)
    EWindow::RecoverWindow()                 0x0000938c   ARM Code     132  eframe.o(.text)
    EWindow::AddMenuItem(EMenu*)             0x00009410   ARM Code      68  eframe.o(.text)
    EWindow::RemoveMenuItem(unsigned)        0x00009454   ARM Code      84  eframe.o(.text)
    EWindow::InWindowArea(EPosition)         0x000094a8   ARM Code      92  eframe.o(.text)
    ESimpleDesktop::ESimpleDesktop()         0x00009504   ARM Code     176  eframe.o(.text)
    ESimpleDesktop::ESimpleDesktop__sub_object() 0x00009504   ARM Code       0  eframe.o(.text)
    ESimpleDesktop::AddWindow(ESimpleWindow*) 0x000095b4   ARM Code      52  eframe.o(.text)
    ESimpleDesktop::AddWindow(ESimpleWindow*, unsigned char) 0x000095e8   ARM Code     104  eframe.o(.text)
    ESimpleDesktop::RemoveAllWindow()        0x00009650   ARM Code      48  eframe.o(.text)
    ESimpleDesktop::RemoveTopmostWindow()    0x00009680   ARM Code      48  eframe.o(.text)
    ESimpleDesktop::SetWindowTopmost(unsigned char) 0x000096b0   ARM Code      52  eframe.o(.text)
    ESimpleDesktop::SetWindowLayer(unsigned char, unsigned char) 0x000096e4   ARM Code      60  eframe.o(.text)
    ESimpleDesktop::GlobalRedraw()           0x00009720   ARM Code     128  eframe.o(.text)
    ESimpleDesktop::SelectedRedraw()         0x000097a0   ARM Code     128  eframe.o(.text)
    ESimpleDesktop::ScheduleRedraw()         0x00009820   ARM Code      68  eframe.o(.text)
    ESimpleDesktop::DispatchEvent(EEvent*)   0x00009864   ARM Code     140  eframe.o(.text)
    ESimpleDesktop::SetKeyboardEvent(const EPosition&, unsigned) 0x000098f0   ARM Code      80  eframe.o(.text)
    ESimpleDesktop::SetCursorEvent(EEvent*)  0x00009940   ARM Code      60  eframe.o(.text)
    ESimpleDesktop::SetCursorEvent(const EPosition&, unsigned) 0x0000997c   ARM Code     132  eframe.o(.text)
    EDesktop::RecalculateWindowTitleCount()  0x00009a00   ARM Code      88  eframe.o(.text)
    EDesktop::RemoveAllIconButton()          0x00009a58   ARM Code      48  eframe.o(.text)
    EDesktop::EDesktop()                     0x00009a88   ARM Code     192  eframe.o(.text)
    EDesktop::EDesktop__sub_object()         0x00009a88   ARM Code       0  eframe.o(.text)
    EDesktop::AddIconButton(EIconButton*)    0x00009b48   ARM Code      56  eframe.o(.text)
    EDesktop::RemoveIconButton(unsigned)     0x00009b80   ARM Code      68  eframe.o(.text)
    EDesktop::AppendStartMenu(EMenu*)        0x00009bc4   ARM Code     104  eframe.o(.text)
    EDesktop::AppendClock(EClock*)           0x00009c2c   ARM Code      64  eframe.o(.text)
    EDesktop::DispatchEvent(EEvent*)         0x00009c6c   ARM Code     524  eframe.o(.text)
    EDesktop::RedrawDesktop()                0x00009e78   ARM Code     468  eframe.o(.text)
    EG_Graphic_DrawHorizonLine(unsigned, unsigned, unsigned) 0x0000a04c   ARM Code      56  graphicfunc.o(.text)
    EG_Graphic_DrawVerticalLine(unsigned, unsigned, unsigned) 0x0000a084   ARM Code      56  graphicfunc.o(.text)
    EG_Graphic_DrawWhiteHorizonLine(unsigned, unsigned, unsigned) 0x0000a0bc   ARM Code      56  graphicfunc.o(.text)
    EG_Graphic_DrawWhiteVerticalLine(unsigned, unsigned, unsigned) 0x0000a0f4   ARM Code      56  graphicfunc.o(.text)
    EG_Graphic_DrawLine(unsigned, unsigned, unsigned, unsigned, unsigned char) 0x0000a12c   ARM Code     596  graphicfunc.o(.text)
    EG_Graphic_DrawWidthLine(unsigned, unsigned, unsigned, unsigned, unsigned char) 0x0000a380   ARM Code     788  graphicfunc.o(.text)
    EG_Graphic_DrawEmptyRectangle(unsigned, unsigned, unsigned, unsigned) 0x0000a694   ARM Code     112  graphicfunc.o(.text)
    EG_Graphic_DrawFilledRectangle(unsigned, unsigned, unsigned, unsigned) 0x0000a704   ARM Code      64  graphicfunc.o(.text)
    EG_Graphic_DrawWhiteFilledRectangle(unsigned, unsigned, unsigned, unsigned) 0x0000a744   ARM Code      64  graphicfunc.o(.text)
    EG_Graphic_DrawEmptyCircle(unsigned, unsigned, unsigned) 0x0000a784   ARM Code     768  graphicfunc.o(.text)
    EG_Graphic_DrawFilledCircle(unsigned, unsigned, unsigned) 0x0000aa84   ARM Code    1292  graphicfunc.o(.text)
    EG_Graphic_DrawWhiteFilledCircle(unsigned, unsigned, unsigned) 0x0000af90   ARM Code    1292  graphicfunc.o(.text)
    EG_Graphic_DrawQuarterArc(unsigned, unsigned, unsigned, unsigned char) 0x0000b49c   ARM Code     960  graphicfunc.o(.text)
    EG_Graphic_DrawArc(unsigned, unsigned, unsigned, unsigned, unsigned) 0x0000b85c   ARM Code    2108  graphicfunc.o(.text)
    EG_Graphic_DrawPieSlice(unsigned, unsigned, unsigned, unsigned, unsigned) 0x0000c098   ARM Code    2340  graphicfunc.o(.text)
    EG_Graphic_DrawEmptyEllipse(unsigned, unsigned, unsigned, unsigned) 0x0000c9bc   ARM Code     868  graphicfunc.o(.text)
    EG_Graphic_DrawFilledEllipse(unsigned, unsigned, unsigned, unsigned) 0x0000cd20   ARM Code    1056  graphicfunc.o(.text)
    EG_Graphic_DrawChar(unsigned, unsigned, char) 0x0000d140   ARM Code      96  graphicfunc.o(.text)
    EG_Graphic_DrawNotChar(unsigned, unsigned, char) 0x0000d1a0   ARM Code     104  graphicfunc.o(.text)
    EG_Graphic_DrawString(unsigned, unsigned, char*) 0x0000d208   ARM Code      68  graphicfunc.o(.text)
    EG_Graphic_DrawNotString(unsigned, unsigned, char*) 0x0000d24c   ARM Code      68  graphicfunc.o(.text)
    EG_Graphic_DrawConstString(unsigned, unsigned, char*, unsigned char) 0x0000d290   ARM Code      88  graphicfunc.o(.text)
    EG_Graphic_DrawNumber(unsigned, unsigned, int) 0x0000d2e8   ARM Code     380  graphicfunc.o(.text)
    EG_Graphic_DrawBitmap(unsigned, unsigned, EBitmap*) 0x0000d464   ARM Code     172  graphicfunc.o(.text)
    EG_LCDDelay(unsigned)                    0x0000d518   ARM Code      52  lcddriver.o(.text)
    EG_LCDReset()                            0x0000d54c   ARM Code     104  lcddriver.o(.text)
    EG_LCDCheckBusy()                        0x0000d5b4   ARM Code      28  lcddriver.o(.text)
    EG_LCDWriteCommand(unsigned char, unsigned char) 0x0000d5d0   ARM Code     236  lcddriver.o(.text)
    EG_LCDReadData(unsigned char)            0x0000d6bc   ARM Code     280  lcddriver.o(.text)
    EG_LCDWriteData(unsigned char)           0x0000d7d4   ARM Code     144  lcddriver.o(.text)
    EG_LCDShowByte(unsigned char, unsigned, unsigned) 0x0000d864   ARM Code      56  lcddriver.o(.text)
    EG_LCDInit()                             0x0000d89c   ARM Code     236  lcddriver.o(.text)
    EG_LCDClearScreen()                      0x0000d988   ARM Code      92  lcddriver.o(.text)
    EG_LCDFlushBuffer()                      0x0000d9e4   ARM Code     100  lcddriver.o(.text)
    EG_LCDClearBuffer()                      0x0000da48   ARM Code      60  lcddriver.o(.text)
    EG_LCDSetPixel(unsigned, unsigned)       0x0000da84   ARM Code      80  lcddriver.o(.text)
    EG_LCDClearPixel(unsigned, unsigned)     0x0000dad4   ARM Code      84  lcddriver.o(.text)
    EG_LCDGetPixel(unsigned, unsigned)       0x0000db28   ARM Code      76  lcddriver.o(.text)
    EG_LCDGetHorizonalByte(unsigned, unsigned) 0x0000db74   ARM Code     284  lcddriver.o(.text)
    EG_LCDSetVerticalByte(unsigned, unsigned, unsigned char) 0x0000dc90   ARM Code      88  lcddriver.o(.text)
    EG_LCDSetORVerticalByte(unsigned, unsigned, unsigned char) 0x0000dce8   ARM Code     124  lcddriver.o(.text)
    EG_LCDSetANDVerticalByte(unsigned, unsigned, unsigned char) 0x0000dd64   ARM Code     124  lcddriver.o(.text)
    EG_LCDSetByte(unsigned, unsigned, unsigned char) 0x0000dde0   ARM Code      92  lcddriver.o(.text)
    __aeabi_memset                           0x0000de48   ARM Code      16  aeabi_memset.o(.text)
    __aeabi_memcpy                           0x0000de58   ARM Code       0  rt_memcpy.o(.text)
    __rt_memcpy                              0x0000de58   ARM Code     212  rt_memcpy.o(.text)
    _memcpy_lastbytes                        0x0000df0c   ARM Code       0  rt_memcpy.o(.text)
    strncpy                                  0x0000df2c   ARM Code     108  strncpy.o(.text)
    __aeabi_idiv                             0x0000df9c   ARM Code       0  aeabi_sdiv.o(.text)
    __aeabi_idivmod                          0x0000df9c   ARM Code     384  aeabi_sdiv.o(.text)
    __use_two_region_memory                  0x0000e11c   ARM Code       4  stkheap2.o(.text)
    __rt_stackheap_init                      0x0000e120   ARM Code      36  stkheap2.o(.text)
    __rt_heap_extend                         0x0000e144   ARM Code      24  stkheap2.o(.text)
    __cpp_initialize__aeabi_                 0x0000e15d   Thumb Code    32  init_aeabi.o(.text)
    __rt_entry                               0x0000e184   ARM Code      76  kernel.o(.text)
    __rt_exit                                0x0000e1d0   ARM Code      20  kernel.o(.text)
    __rt_abort                               0x0000e1e4   ARM Code       8  kernel.o(.text)
    __user_setup_stackheap                   0x0000e1ec   ARM Code      96  sys_stackheap_outer.o(.text)
    __rt_stackheap_storage                   0x0000e24c   ARM Code      12  rt_stackheap_storage_intlibspace.o(.text)
    Inline Thumb to ARM Veneer to __rt_ddtor_pointer_addr 0x0000e25d   Thumb Code     0  rt_ddtor_pointer_addr_intlibspace.o(.text)
    __rt_ddtor_pointer_addr                  0x0000e260   ARM Code      12  rt_ddtor_pointer_addr_intlibspace.o(.text)
    malloc                                   0x0000e271   Thumb Code   110  h1_alloc.o(.text)
    __aeabi_memclr                           0x0000e2e0   ARM Code       0  rt_memclr.o(.text)
    __rt_memclr                              0x0000e2e0   ARM Code      64  rt_memclr.o(.text)
    _memset                                  0x0000e2e4   ARM Code       0  rt_memclr.o(.text)
    __aeabi_memcpy4                          0x0000e320   ARM Code       0  rt_memcpy_w.o(.text)
    __aeabi_memcpy8                          0x0000e320   ARM Code       0  rt_memcpy_w.o(.text)
    __rt_memcpy_w                            0x0000e320   ARM Code     100  rt_memcpy_w.o(.text)
    _memcpy_lastbytes_aligned                0x0000e36c   ARM Code       0  rt_memcpy_w.o(.text)
    __ARM_call_via_r0                        0x0000e385   Thumb Code     2  callvia.o(.text)
    __call_via_r0                            0x0000e385   Thumb Code     0  callvia.o(.text)
    __ARM_call_via_r1                        0x0000e387   Thumb Code     2  callvia.o(.text)
    __call_via_r1                            0x0000e387   Thumb Code     0  callvia.o(.text)
    __ARM_call_via_r2                        0x0000e389   Thumb Code     2  callvia.o(.text)
    __call_via_r2                            0x0000e389   Thumb Code     0  callvia.o(.text)
    __ARM_call_via_r3                        0x0000e38b   Thumb Code     2  callvia.o(.text)
    __call_via_r3                            0x0000e38b   Thumb Code     0  callvia.o(.text)
    __ARM_call_via_r4                        0x0000e38d   Thumb Code     2  callvia.o(.text)
    __call_via_r4                            0x0000e38d   Thumb Code     0  callvia.o(.text)
    __ARM_call_via_r5                        0x0000e38f   Thumb Code     2  callvia.o(.text)
    __call_via_r5                            0x0000e38f   Thumb Code     0  callvia.o(.text)
    __ARM_call_via_r6                        0x0000e391   Thumb Code     2  callvia.o(.text)
    __call_via_r6                            0x0000e391   Thumb Code     0  callvia.o(.text)
    __ARM_call_via_r7                        0x0000e393   Thumb Code     2  callvia.o(.text)
    __call_via_r7                            0x0000e393   Thumb Code     0  callvia.o(.text)
    Inline Thumb to ARM Veneer to _sys_exit  0x0000e395   Thumb Code     0  sys_exit.o(.text)
    _sys_exit                                0x0000e398   ARM Code      20  sys_exit.o(.text)
    __user_libspace                          0x0000e3b0   ARM Code       8  libspace.o(.text)
    __user_perproc_libspace                  0x0000e3b0   ARM Code       0  libspace.o(.text)
    __user_perthread_libspace                0x0000e3b0   ARM Code       0  libspace.o(.text)
    Inline Thumb to ARM Veneer to __rt_heap_descriptor 0x0000e3bd   Thumb Code     0  rt_heap_descriptor_intlibspace.o(.text)
    __rt_heap_descriptor                     0x0000e3c0   ARM Code      12  rt_heap_descriptor_intlibspace.o(.text)
    _terminate_user_alloc                    0x0000e3d1   Thumb Code     2  init_alloc.o(.text)
    _init_user_alloc                         0x0000e3d3   Thumb Code     2  init_alloc.o(.text)
    __Heap_Full                              0x0000e3d5   Thumb Code    34  init_alloc.o(.text)
    __Heap_Broken                            0x0000e3f7   Thumb Code    14  init_alloc.o(.text)
    _init_alloc                              0x0000e405   Thumb Code    88  init_alloc.o(.text)
    __use_no_heap                            0x0000e45d   Thumb Code     2  hguard.o(.text)
    __heap_guard                             0x0000e45f   Thumb Code     2  hguard.o(.text)
    __Heap_Initialize                        0x0000e461   Thumb Code    10  h1_init.o(.text)
    __Heap_DescSize                          0x0000e46b   Thumb Code     4  h1_init.o(.text)
    free                                     0x0000e46f   Thumb Code    84  h1_free.o(.text)
    exit                                     0x0000e4c3   Thumb Code    12  exit.o(.text)
    __aeabi_memclr4                          0x0000e4d0   ARM Code       0  rt_memclr_w.o(.text)
    __aeabi_memclr8                          0x0000e4d0   ARM Code       0  rt_memclr_w.o(.text)
    __rt_memclr_w                            0x0000e4d0   ARM Code      84  rt_memclr_w.o(.text)
    _memset_w                                0x0000e4d4   ARM Code       0  rt_memclr_w.o(.text)
    Inline ARM to Thumb Veneer to __rt_lib_init 0x0000e524   ARM Code       0  lib_init.o(.text)
    __rt_lib_init                            0x0000e52d   Thumb Code   184  lib_init.o(.text)
    __rt_lib_shutdown                        0x0000e5e5   Thumb Code    22  lib_init.o(.text)
    _platform_post_stackheap_init            0x0000e5fc   ARM Code      12  boardinit2.o(.text)
    _platform_post_lib_init                  0x0000e608   ARM Code      16  boardinit3.o(.text)
    __I_use_semihosting                      0x0000e618   ARM Code       0  use_no_semi.o(.text)
    __use_no_semihosting_swi                 0x0000e618   ARM Code       4  use_no_semi.o(.text)
    Inline Thumb to ARM Veneer to __rt_locale 0x0000e61d   Thumb Code     0  rt_locale_intlibspace.o(.text)
    __rt_locale                              0x0000e620   ARM Code      12  rt_locale_intlibspace.o(.text)
    __Heap_ProvideMemory                     0x0000e631   Thumb Code    54  h1_extend.o(.text)
    __rt_SIGRTMEM                            0x0000e667   Thumb Code    16  defsig_rtmem_outer.o(.text)
    Inline Thumb to ARM Veneer to __heap_extend 0x0000e679   Thumb Code     0  heapext.o(.text)
    __heap_extend                            0x0000e67c   ARM Code      16  heapext.o(.text)
    __ARM_get_argv                           0x0000e68d   Thumb Code     6  no_argv.o(.text)
    __rt_fp_status_addr                      0x0000e694   ARM Code      12  rt_fp_status_addr_intlibspace.o(.text)
    __sig_exit                               0x0000e6a5   Thumb Code    16  defsig_exit.o(.text)
    __rt_SIGRTMEM_inner                      0x0000e6b5   Thumb Code    24  defsig_rtmem_inner.o(.text)
    __default_signal_display                 0x0000e705   Thumb Code    56  defsig_general.o(.text)
    _ttywrch                                 0x0000e73d   Thumb Code    16  sys_wrch.o(.text)
    __aeabi_uidiv                            0x0000e74c   ARM Code       0  aeabi_sdiv.o(.text_udiv)
    __aeabi_uidivmod                         0x0000e74c   ARM Code      28  aeabi_sdiv.o(.text_udiv)
    vPortStartFirstTask                      0x0000e768   ARM Code       0  portasm.o(PORT_ASM)
    vPortYield                               0x0000e798   ARM Code       0  portasm.o(PORT_ASM)
    vPortYieldProcessor                      0x0000e7a0   ARM Code       0  portasm.o(PORT_ASM)
    vPreemptiveTick                          0x0000e82c   ARM Code       0  portasm.o(PORT_ASM)
    Long ARM to Thumb Veneer to __rt_lib_shutdown 0x0000e8ec   ARM Code       0  anon$$obj.o(Veneer$$Code)
    Short Thumb to ARM Veneer to __rt_exit   0x0000e8f9   Thumb Code     0  anon$$obj.o(Veneer$$Code)
    ECheckButton::~ECheckButton()            0x0000e900   ARM Code       8  guidemo.o(i._ZN12ECheckButtonD1Ev)
    ECheckButton::~ECheckButton__sub_object() 0x0000e900   ARM Code       0  guidemo.o(i._ZN12ECheckButtonD1Ev)
    ESimpleWindow::AddControl(EControl*)     0x0000e908   ARM Code      32  guidemo.o(i._ZN13ESimpleWindow10AddControlEP8EControl)
    ESimpleWindow::InWindowArea(EPosition)   0x0000e928   ARM Code      20  eframe.o(i._ZN13ESimpleWindow12InWindowAreaE9EPosition)
    ESimpleWindow::RecoverWindow()           0x0000e93c   ARM Code       4  eframe.o(i._ZN13ESimpleWindow13RecoverWindowEv)
    ESimpleWindow::GetWindowState()          0x0000e940   ARM Code      12  eframe.o(i._ZN13ESimpleWindow14GetWindowStateEv)
    ESimpleDesktop::RedrawDesktop()          0x0000e94c   ARM Code      20  eframe.o(i._ZN14ESimpleDesktop13RedrawDesktopEv)
    EEdit::~EEdit()                          0x0000e960   ARM Code       8  guidemo.o(i._ZN5EEditD1Ev)
    EEdit::~EEdit__sub_object()              0x0000e960   ARM Code       0  guidemo.o(i._ZN5EEditD1Ev)
    EMenu::SetSelectItem(unsigned)           0x0000e968   ARM Code      28  econtrol.o(i._ZN5EMenu13SetSelectItemEj)
    ESize::ESize(unsigned, unsigned)         0x0000e984   ARM Code      12  econtrol.o(i._ZN5ESizeC1Ejj)
    ESize::ESize__sub_object(unsigned, unsigned) 0x0000e984   ARM Code       0  econtrol.o(i._ZN5ESizeC1Ejj)
    ETree::ETreeSubItem::OpenSubItem()       0x0000e990   ARM Code      36  econtrol.o(i._ZN5ETree12ETreeSubItem11OpenSubItemEv)
    ETree::ETreeSubItem::CloseSubItem()      0x0000e9b4   ARM Code      36  econtrol.o(i._ZN5ETree12ETreeSubItem12CloseSubItemEv)
    EEvent::EEvent()                         0x0000e9d8   ARM Code      52  eframe.o(i._ZN6EEventC1Ev)
    EEvent::EEvent__sub_object()             0x0000e9d8   ARM Code       0  eframe.o(i._ZN6EEventC1Ev)
    ELabel::~ELabel()                        0x0000ea0c   ARM Code       8  guidemo.o(i._ZN6ELabelD1Ev)
    ELabel::~ELabel__sub_object()            0x0000ea0c   ARM Code       0  guidemo.o(i._ZN6ELabelD1Ev)
    EButton::~EButton()                      0x0000ea14   ARM Code       8  guidemo.o(i._ZN7EButtonD1Ev)
    EButton::~EButton__sub_object()          0x0000ea14   ARM Code       0  guidemo.o(i._ZN7EButtonD1Ev)
    EWindow::GetWindowState()                0x0000ea1c   ARM Code      12  eframe.o(i._ZN7EWindow14GetWindowStateEv)
    EWindow::~EWindow()                      0x0000ea28   ARM Code      16  guidemo.o(i._ZN7EWindowD1Ev)
    EWindow::~EWindow__sub_object()          0x0000ea28   ARM Code       0  guidemo.o(i._ZN7EWindowD1Ev)
    EControl::RedrawControl()                0x0000ea38   ARM Code      44  econtrol.o(i._ZN8EControl13RedrawControlEv)
    EControl::SetRedrawFunction(void(*)(EControl*)) 0x0000ea64   ARM Code       8  econtrol.o(i._ZN8EControl17SetRedrawFunctionEPFvPS_E)
    EControl::EControl(void(*)(EControl*, EEvent*), void(*)(EControl*)) 0x0000ea6c   ARM Code      84  econtrol.o(i._ZN8EControlC1EPFvPS_P6EEventEPFvS0_E)
    EControl::EControl__sub_object(void(*)(EControl*, EEvent*), void(*)(EControl*)) 0x0000ea6c   ARM Code       0  econtrol.o(i._ZN8EControlC1EPFvPS_P6EEventEPFvS0_E)
    EControl::EControl(void(*)(EControl*, EEvent*), void(*)(EControl*), ESize, EPosition) 0x0000eac0   ARM Code      60  econtrol.o(i._ZN8EControlC1EPFvPS_P6EEventEPFvS0_E5ESize9EPosition)
    EControl::EControl__sub_object(void(*)(EControl*, EEvent*), void(*)(EControl*), ESize, EPosition) 0x0000eac0   ARM Code       0  econtrol.o(i._ZN8EControlC1EPFvPS_P6EEventEPFvS0_E5ESize9EPosition)
    EComboBox::GetItemString(unsigned)       0x0000eafc   ARM Code      24  econtrol.o(i._ZN9EComboBox13GetItemStringEj)
    EComboBox::SetSelectIndex(unsigned)      0x0000eb14   ARM Code      32  econtrol.o(i._ZN9EComboBox14SetSelectIndexEj)
    EPosition::EPosition(unsigned, unsigned) 0x0000eb34   ARM Code      12  guidemo.o(i._ZN9EPositionC1Ejj)
    EPosition::EPosition__sub_object(unsigned, unsigned) 0x0000eb34   ARM Code       0  guidemo.o(i._ZN9EPositionC1Ejj)
    Inline ARM to Thumb Veneer to __aeabi_atexit 0x0000eb40   ARM Code       0  aeabi_atexit.o(i.__aeabi_atexit)
    __aeabi_atexit                           0x0000eb49   Thumb Code    48  aeabi_atexit.o(i.__aeabi_atexit)
    __cxa_finalize                           0x0000eb79   Thumb Code    74  cxa_finalize.o(i.__cxa_finalize)
    Inline Thumb to ARM Veneer to _fp_init   0x0000ebc5   Thumb Code     0  fpinit.o(x$fpl$fpinit)
    _fp_init                                 0x0000ebc8   ARM Code      24  fpinit.o(x$fpl$fpinit)
    __fplib_config_pureend_doubles           0x0000ebd8   ARM Code       0  fpinit.o(x$fpl$fpinit)
    vtable for ESimpleWindow                 0x0000f020   Data          32  eframe.o(.constdata__ZTV13ESimpleWindow)
    vtable for ESimpleDesktop                0x0000f040   Data          16  eframe.o(.constdata__ZTV14ESimpleDesktop)
    vtable for EWindow                       0x0000f050   Data          32  eframe.o(.constdata__ZTV7EWindow)
    vtable for EDesktop                      0x0000f070   Data          16  eframe.o(.constdata__ZTV8EDesktop)
    Region$$Table$$Base                      0x0000f080   Number         0  anon$$obj.o(Region$$Table)
    Region$$Table$$Limit                     0x0000f0a0   Number         0  anon$$obj.o(Region$$Table)
    SHT$$INIT_ARRAY$$Base                    0x0000f0a0   Number         0  guidemo.o(.init_array)
    __dso_handle                             0x0000f0a0   Number         0  dso_handle.o(__dso_handle)
    SHT$$INIT_ARRAY$$Limit                   0x0000f0a4   Number         0  guidemo.o(.init_array)
    hComHandle                               0x40000000   Data           4  main.o(.data)
    pxCurrentTCB                             0x40000028   Data           4  tasks.o(.data)
    ulCriticalNesting                        0x40000060   Data           4  port.o(.data)
    click                                    0x40000064   Data           1  guidemo.o(.data)
    stage                                    0x40000065   Data           1  guidemo.o(.data)
    xSuspendedTestQueue                      0x40000090   Data           4  dynamic.o(.data)
    ESimpleDesktop::m_pdInstance             0x400000d0   Data           4  eframe.o(.data)
    desk                                     0x4000358c   Data          84  guidemo.o(.bss)
    introWin                                 0x400035e0   Data         152  guidemo.o(.bss)
    labelCtrl                                0x40003678   Data          32  guidemo.o(.bss)
    nextButn                                 0x40003698   Data          32  guidemo.o(.bss)
    chkButn1                                 0x400036b8   Data          36  guidemo.o(.bss)
    chkButn2                                 0x400036dc   Data          36  guidemo.o(.bss)
    editCtrl                                 0x40003700   Data          52  guidemo.o(.bss)
    UARTevent                                0x40003734   Data          16  guidemo.o(.bss)
    EG_LCD_Buffer                            0x40003744   Data        4096  lcddriver.o(.bss)
    __libspace_start                         0x40004744   Data          96  libspace.o(.bss)
    __temporary_stack_top_libspace           0x400047a4   Number         0  libspace.o(.bss)


================================================================================

Memory Map of the image

  Image Entry point : 0x00000104

  Load Region LR_IROM1 (Base: 0x00000000, Size: 0x0000f178, Max: 0x00080000, ABSOLUTE)

    Execution Region ER_IROM1 (Base: 0x00000000, Size: 0x0000f0a4, Max: 0x00080000, ABSOLUTE)

    Base Addr    Size         Type   Attr      Idx    E Section Name        Object

    0x00000000   0x00000104   Code   RO            3    RESET               startup.o
    0x00000104   0x00000008   Code   RO          728  * !!!main             __main.o(c_t.l)
    0x0000010c   0x0000003c   Code   RO         1109    !!!scatter          __scatter.o(c_t.l)
    0x00000148   0x00000028   Code   RO         1111    !!handler_copy      __scatter_copy.o(c_t.l)
    0x00000170   0x0000002c   Code   RO         1113    !!handler_zi        __scatter_zi.o(c_t.l)
    0x0000019c   0x00000004   Ven    RO         1028    .emb_text           lib_init.o(c_t.l)
    0x000001a0   0x00000010   Code   RO         1028    .emb_text           lib_init.o(c_t.l)
    0x000001b0   0x00000020   Code   RO            4    .text               startup.o
    0x000001d0   0x00000070   Code   RO           12    .text               partest.o
    0x00000240   0x000000c0   Code   RO           52    .text               main.o
    0x00000300   0x0000036c   Code   RO          116    .text               serial.o
    0x0000066c   0x00000094   Code   RO          141    .text               serialisr.o
    0x00000700   0x00000200   Code   RO          161    .text               heap_2.o
    0x00000900   0x00000110   Code   RO          175    .text               list.o
    0x00000a10   0x0000079c   Code   RO          187    .text               queue.o
    0x000011ac   0x00001060   Code   RO          202    .text               tasks.o
    0x0000220c   0x000001f4   Code   RO          235    .text               port.o
    0x00002400   0x000005d0   Code   RO          248    .text               guidemo.o
    0x000029d0   0x000003e4   Code   RO          360    .text               dynamic.o
    0x00002db4   0x000000cc   Code   RO          379    .text               flash.o
    0x00002e80   0x000001f8   Code   RO          395    .text               pollq.o
    0x00003078   0x000003e4   Code   RO          411    .text               blockq.o
    0x0000345c   0x00000344   Code   RO          443    .text               semtest.o
    0x000037a0   0x00004670   Code   RO          459    .text               econtrol.o
    0x00007e10   0x000002ec   Code   RO          548    .text               ecursor.o
    0x000080fc   0x00001f50   Code   RO          576    .text               eframe.o
    0x0000a04c   0x000034cc   Code   RO          665    .text               graphicfunc.o
    0x0000d518   0x00000930   Code   RO          682    .text               lcddriver.o
    0x0000de48   0x00000010   Code   RO          704    .text               aeabi_memset.o(c_t.l)
    0x0000de58   0x000000d4   Code   RO          706    .text               rt_memcpy.o(c_t.l)
    0x0000df2c   0x00000070   Code   RO          708    .text               strncpy.o(c_t.l)
    0x0000df9c   0x00000180   Code   RO          710    .text               aeabi_sdiv.o(c_t.l)
    0x0000e11c   0x00000040   Code   RO          726    .text               stkheap2.o(c_t.l)
    0x0000e15c   0x00000028   Code   RO          735    .text               init_aeabi.o(c_t.l)
    0x0000e184   0x00000068   Code   RO          886    .text               kernel.o(c_t.l)
    0x0000e1ec   0x00000060   Code   RO          889    .text               sys_stackheap_outer.o(c_t.l)
    0x0000e24c   0x00000010   Code   RO          898    .text               rt_stackheap_storage_intlibspace.o(c_t.l)
    0x0000e25c   0x00000004   Ven    RO          903    .text               rt_ddtor_pointer_addr_intlibspace.o(c_t.l)
    0x0000e260   0x00000010   Code   RO          903    .text               rt_ddtor_pointer_addr_intlibspace.o(c_t.l)
    0x0000e270   0x0000006e   Code   RO          907    .text               h1_alloc.o(c_t.l)
    0x0000e2de   0x00000002   PAD
    0x0000e2e0   0x00000040   Code   RO          953    .text               rt_memclr.o(c_t.l)
    0x0000e320   0x00000064   Code   RO          955    .text               rt_memcpy_w.o(c_t.l)
    0x0000e384   0x00000010   Code   RO          981    .text               callvia.o(h_t.l)
    0x0000e394   0x00000004   Ven    RO          982    .text               sys_exit.o(c_t.l)
    0x0000e398   0x00000018   Code   RO          982    .text               sys_exit.o(c_t.l)
    0x0000e3b0   0x0000000c   Code   RO          984    .text               libspace.o(c_t.l)
    0x0000e3bc   0x00000004   Ven    RO          994    .text               rt_heap_descriptor_intlibspace.o(c_t.l)
    0x0000e3c0   0x00000010   Code   RO          994    .text               rt_heap_descriptor_intlibspace.o(c_t.l)
    0x0000e3d0   0x0000008c   Code   RO          996    .text               init_alloc.o(c_t.l)
    0x0000e45c   0x00000004   Code   RO         1000    .text               hguard.o(c_t.l)
    0x0000e460   0x0000000e   Code   RO         1004    .text               h1_init.o(c_t.l)
    0x0000e46e   0x00000054   Code   RO         1006    .text               h1_free.o(c_t.l)
    0x0000e4c2   0x0000000c   Code   RO         1022    .text               exit.o(c_t.l)
    0x0000e4ce   0x00000002   PAD
    0x0000e4d0   0x00000054   Code   RO         1024    .text               rt_memclr_w.o(c_t.l)
    0x0000e524   0x00000008   Ven    RO         1029    .text               lib_init.o(c_t.l)
    0x0000e52c   0x000000ce   Code   RO         1029    .text               lib_init.o(c_t.l)
    0x0000e5fa   0x00000002   PAD
    0x0000e5fc   0x0000000c   Code   RO         1034    .text               boardinit2.o(c_t.l)
    0x0000e608   0x00000010   Code   RO         1036    .text               boardinit3.o(c_t.l)
    0x0000e618   0x00000004   Code   RO         1040    .text               use_no_semi.o(c_t.l)
    0x0000e61c   0x00000004   Ven    RO         1045    .text               rt_locale_intlibspace.o(c_t.l)
    0x0000e620   0x00000010   Code   RO         1045    .text               rt_locale_intlibspace.o(c_t.l)
    0x0000e630   0x00000036   Code   RO         1047    .text               h1_extend.o(c_t.l)
    0x0000e666   0x00000010   Code   RO         1055    .text               defsig_rtmem_outer.o(c_t.l)
    0x0000e676   0x00000002   PAD
    0x0000e678   0x00000004   Ven    RO         1059    .text               heapext.o(c_t.l)
    0x0000e67c   0x00000010   Code   RO         1059    .text               heapext.o(c_t.l)
    0x0000e68c   0x00000006   Code   RO         1065    .text               no_argv.o(c_t.l)
    0x0000e692   0x00000002   PAD
    0x0000e694   0x00000010   Code   RO         1076    .text               rt_fp_status_addr_intlibspace.o(c_t.l)
    0x0000e6a4   0x00000010   Code   RO         1082    .text               defsig_exit.o(c_t.l)
    0x0000e6b4   0x00000050   Code   RO         1086    .text               defsig_rtmem_inner.o(c_t.l)
    0x0000e704   0x00000038   Code   RO         1090    .text               defsig_general.o(c_t.l)
    0x0000e73c   0x00000010   Code   RO         1106    .text               sys_wrch.o(c_t.l)
    0x0000e74c   0x0000001c   Code   RO          711    .text_udiv          aeabi_sdiv.o(c_t.l)
    0x0000e768   0x00000184   Code   RO          232    PORT_ASM            portasm.o
    0x0000e8ec   0x0000000c   Ven    RO         1124    Veneer$$Code        anon$$obj.o
    0x0000e8f8   0x00000008   Ven    RO         1125    Veneer$$Code        anon$$obj.o
    0x0000e900   0x00000008   Code   RO          279    i._ZN12ECheckButtonD1Ev  guidemo.o
    0x0000e908   0x00000020   Code   RO          261    i._ZN13ESimpleWindow10AddControlEP8EControl  guidemo.o
    0x0000e928   0x00000014   Code   RO          594    i._ZN13ESimpleWindow12InWindowAreaE9EPosition  eframe.o
    0x0000e93c   0x00000004   Code   RO          600    i._ZN13ESimpleWindow13RecoverWindowEv  eframe.o
    0x0000e940   0x0000000c   Code   RO          606    i._ZN13ESimpleWindow14GetWindowStateEv  eframe.o
    0x0000e94c   0x00000014   Code   RO          618    i._ZN14ESimpleDesktop13RedrawDesktopEv  eframe.o
    0x0000e960   0x00000008   Code   RO          282    i._ZN5EEditD1Ev     guidemo.o
    0x0000e968   0x0000001c   Code   RO          512    i._ZN5EMenu13SetSelectItemEj  econtrol.o
    0x0000e984   0x0000000c   Code   RO          518    i._ZN5ESizeC1Ejj    econtrol.o
    0x0000e990   0x00000024   Code   RO          470    i._ZN5ETree12ETreeSubItem11OpenSubItemEv  econtrol.o
    0x0000e9b4   0x00000024   Code   RO          476    i._ZN5ETree12ETreeSubItem12CloseSubItemEv  econtrol.o
    0x0000e9d8   0x00000034   Code   RO          588    i._ZN6EEventC1Ev    eframe.o
    0x0000ea0c   0x00000008   Code   RO          273    i._ZN6ELabelD1Ev    guidemo.o
    0x0000ea14   0x00000008   Code   RO          276    i._ZN7EButtonD1Ev   guidemo.o
    0x0000ea1c   0x0000000c   Code   RO          612    i._ZN7EWindow14GetWindowStateEv  eframe.o
    0x0000ea28   0x00000010   Code   RO          285    i._ZN7EWindowD1Ev   guidemo.o
    0x0000ea38   0x0000002c   Code   RO          494    i._ZN8EControl13RedrawControlEv  econtrol.o
    0x0000ea64   0x00000008   Code   RO          524    i._ZN8EControl17SetRedrawFunctionEPFvPS_E  econtrol.o
    0x0000ea6c   0x00000054   Code   RO          482    i._ZN8EControlC1EPFvPS_P6EEventEPFvS0_E  econtrol.o
    0x0000eac0   0x0000003c   Code   RO          488    i._ZN8EControlC1EPFvPS_P6EEventEPFvS0_E5ESize9EPosition  econtrol.o
    0x0000eafc   0x00000018   Code   RO          506    i._ZN9EComboBox13GetItemStringEj  econtrol.o
    0x0000eb14   0x00000020   Code   RO          500    i._ZN9EComboBox14SetSelectIndexEj  econtrol.o
    0x0000eb34   0x0000000c   Code   RO          267    i._ZN9EPositionC1Ejj  guidemo.o
    0x0000eb40   0x00000008   Ven    RO          740    i.__aeabi_atexit    aeabi_atexit.o(cpprt_t.l)
    0x0000eb48   0x00000030   Code   RO          740    i.__aeabi_atexit    aeabi_atexit.o(cpprt_t.l)
    0x0000eb78   0x0000004a   Code   RO          962    i.__cxa_finalize    cxa_finalize.o(cpprt_t.l)
    0x0000ebc2   0x00000002   PAD
    0x0000ebc4   0x00000004   Ven    RO         1067    x$fpl$fpinit        fpinit.o(fz_ts.l)
    0x0000ebc8   0x00000018   Code   RO         1067    x$fpl$fpinit        fpinit.o(fz_ts.l)
    0x0000ebe0   0x00000140   Data   RO          460    .constdata          econtrol.o
    0x0000ed20   0x00000300   Data   RO          666    .constdata          graphicfunc.o
    0x0000f020   0x00000020   Data   RO          625    .constdata__ZTV13ESimpleWindow  eframe.o
    0x0000f040   0x00000010   Data   RO          629    .constdata__ZTV14ESimpleDesktop  eframe.o
    0x0000f050   0x00000020   Data   RO          627    .constdata__ZTV7EWindow  eframe.o
    0x0000f070   0x00000010   Data   RO          631    .constdata__ZTV8EDesktop  eframe.o
    0x0000f080   0x00000020   Data   RO         1108    Region$$Table       anon$$obj.o
    0x0000f0a0   0x00000000   Data   RO          885    __dso_handle        dso_handle.o(h_t.l)
    0x0000f0a0   0x00000004   Data   RO          251    .init_array         guidemo.o


    Execution Region RW_IRAM1 (Base: 0x40000000, Size: 0x00004dc8, Max: 0x00008000, ABSOLUTE)

    Base Addr    Size         Type   Attr      Idx    E Section Name        Object

    0x40000000   0x00000004   Data   RW           53    .data               main.o
    0x40000004   0x0000000c   Data   RW          117    .data               serial.o
    0x40000010   0x00000018   Data   RW          162    .data               heap_2.o
    0x40000028   0x00000038   Data   RW          203    .data               tasks.o
    0x40000060   0x00000004   Data   RW          236    .data               port.o
    0x40000064   0x00000002   Data   RW          249    .data               guidemo.o
    0x40000066   0x00000002   PAD
    0x40000068   0x0000002c   Data   RW          361    .data               dynamic.o
    0x40000094   0x00000004   Data   RW          380    .data               flash.o
    0x40000098   0x0000000c   Data   RW          396    .data               pollq.o
    0x400000a4   0x00000018   Data   RW          412    .data               blockq.o
    0x400000bc   0x00000012   Data   RW          444    .data               semtest.o
    0x400000ce   0x00000002   PAD
    0x400000d0   0x00000004   Data   RW          577    .data               eframe.o
    0x400000d4   0x00000004   PAD
    0x400000d8   0x00003400   Zero   RW          163    .bss                heap_2.o
    0x400034d8   0x000000b4   Zero   RW          204    .bss                tasks.o
    0x4000358c   0x000001b8   Zero   RW          250    .bss                guidemo.o
    0x40003744   0x00001000   Zero   RW          683    .bss                lcddriver.o
    0x40004744   0x00000060   Zero   RW          985    .bss                libspace.o(c_t.l)
    0x400047a4   0x00000004   PAD
    0x400047a8   0x00000000   Zero   RW            2    HEAP                startup.o
    0x400047a8   0x00000620   Zero   RW            1    STACK               startup.o


================================================================================

Image component sizes


      Code (inc. data)   RO Data    RW Data    ZI Data      Debug   Object Name

       996         80          0         24          0       2534   blockq.o
       996         84          0         44          0       3798   dynamic.o
     18396        136        320          0          0      58446   econtrol.o
       748          4          0          0          0       4032   ecursor.o
      8136         20         96          4          0      42215   eframe.o
       204         16          0          4          0        774   flash.o
     13516          8        768          0          0      19579   graphicfunc.o
      1580        208          4          2        440      31884   guidemo.o
       512         20          0         24      13312       2884   heap_2.o
      2352         12          0          0       4096       5493   lcddriver.o
       272          0          0          0          0       1413   list.o
       192         28          0          4          0       7318   main.o
       112          4          0          0          0      16696   partest.o
       504         28          0         12          0       1275   pollq.o
       500         36          0          4          0       1313   port.o
       388         24          0          0          0        296   portasm.o
      1948          0          0          0          0       6309   queue.o
       836         48          0         18          0       2226   semtest.o
       876         24          0         12          0       6413   serial.o
       148         12          0          0          0        220   serialisr.o
       292         60          0          0       1568        484   startup.o
      4192         88          0         56        180      10383   tasks.o

    ------------------------------------------------------------------------
     57716        944       1220        212      19600     225988   Object Totals
        20          4         32          0          0          0   (incl. Generated)
         0          0          0          4          4          3   (incl. Padding)

    ------------------------------------------------------------------------

      Code (inc. data)   RO Data    RW Data    ZI Data      Debug   Library Member Name

         8          0          0          0          0          0   __main.o
        60          8          0          0          0          0   __scatter.o
        40          0          0          0          0          0   __scatter_copy.o
        44          0          0          0          0          0   __scatter_zi.o
        56          0          0          0          0          0   aeabi_atexit.o
        16          0          0          0          0          0   aeabi_memset.o
       412          0          0          0          0          0   aeabi_sdiv.o
        12          0          0          0          0          0   boardinit2.o
        16          0          0          0          0          0   boardinit3.o
        16          0          0          0          0          0   callvia.o
        74          0          0          0          0          0   cxa_finalize.o
        16          0          0          0          0          0   defsig_exit.o
        56          0          0          0          0          0   defsig_general.o
        80         56          0          0          0          0   defsig_rtmem_inner.o
        16          0          0          0          0          0   defsig_rtmem_outer.o
         0          0          0          0          0          0   dso_handle.o
        12          0          0          0          0          0   exit.o
        28          0          0          0          0          0   fpinit.o
       110          0          0          0          0          0   h1_alloc.o
        54          0          0          0          0          0   h1_extend.o
        84          0          0          0          0          0   h1_free.o
        14          0          0          0          0          0   h1_init.o
        20          0          0          0          0          0   heapext.o
         4          0          0          0          0          0   hguard.o
        40          8          0          0          0          0   init_aeabi.o
       140          0          0          0          0          0   init_alloc.o
       104          4          0          0          0          0   kernel.o
       234          4          0          0          0          0   lib_init.o
        12          4          0          0         96          0   libspace.o
         6          0          0          0          0          0   no_argv.o
        20          4          0          0          0          0   rt_ddtor_pointer_addr_intlibspace.o
        16          4          0          0          0          0   rt_fp_status_addr_intlibspace.o
        20          4          0          0          0          0   rt_heap_descriptor_intlibspace.o
        20          4          0          0          0          0   rt_locale_intlibspace.o
        64          0          0          0          0          0   rt_memclr.o
        84          0          0          0          0          0   rt_memclr_w.o
       212          0          0          0          0          0   rt_memcpy.o
       100          0          0          0          0          0   rt_memcpy_w.o
        16          4          0          0          0          0   rt_stackheap_storage_intlibspace.o
        64          0          0          0          0          0   stkheap2.o
       112          4          0          0          0          0   strncpy.o
        28          8          0          0          0          0   sys_exit.o
        96          0          0          0          0          0   sys_stackheap_outer.o
        16          0          0          0          0          0   sys_wrch.o
         4          0          0          0          0          0   use_no_semi.o

    ------------------------------------------------------------------------
      2668        116          0          0        100          0   Library Totals
        12          0          0          0          4          0   (incl. Padding)

    ------------------------------------------------------------------------

      Code (inc. data)   RO Data    RW Data    ZI Data      Debug   Library Name

      2482        116          0          0         96          0   c_t.l
       130          0          0          0          0          0   cpprt_t.l
        28          0          0          0          0          0   fz_ts.l
        16          0          0          0          0          0   h_t.l

    ------------------------------------------------------------------------
      2668        116          0          0        100          0   Library Totals

    ------------------------------------------------------------------------

================================================================================


      Code (inc. data)   RO Data    RW Data    ZI Data      Debug   

     60384       1060       1220        212      19700     225988   Grand Totals
     60384       1060       1220        212      19700     225988   ELF Image Totals
     60384       1060       1220        212          0          0   ROM Totals

================================================================================

    Total RO  Size (Code + RO Data)                61604 (  60.16kB)
    Total RW  Size (RW Data + ZI Data)             19912 (  19.45kB)
    Total ROM Size (Code + RO Data + RW Data)      61816 (  60.37kB)

================================================================================

