<html>
<body>
<pre>
<h1>µVision3 Build Log</h1>
<h2>Project:</h2>
E:\My Programes\EmbeddedGUI\0.5.4\example\arm\FreeRTOS\RTOSDemo.uv2
Project File Date:  03/22/2010

<h2>Output:</h2>
Build target 'EmbeddedGUIDemo'
assembling Startup.s...
compiling ParTest.c...
compiling main.c...
compiling serial.c...
assembling serialISR.s...
compiling croutine.c...
compiling heap_2.c...
compiling list.c...
compiling queue.c...
compiling tasks.c...
assembling portASM.s...
compiling GUIdemo.cpp...
Task.h(111): warning:  #368-D: class "xTASK_PARAMTERS" defines no constructor to initialize the following:
compiling dynamic.c...
compiling flash.c...
compiling PollQ.c...
compiling BlockQ.c...
compiling comtest.c...
compiling EControl.cpp...
compiling ECursor.cpp...
compiling EFrame.cpp...
compiling GraphicFunc.cpp...
compiling LCDDriver.cpp...
linking...
.\bin\RTOSDemo.axf: Error: L6218E: Undefined symbol vStartSemaphoreTasks (referred from main.o).
.\bin\RTOSDemo.axf: Error: L6218E: Undefined symbol vPortEnterCritical (referred from serial.o).
.\bin\RTOSDemo.axf: Error: L6218E: Undefined symbol vPortExitCritical (referred from serial.o).
.\bin\RTOSDemo.axf: Error: L6218E: Undefined symbol ulCriticalNesting (referred from serialisr.o).
.\bin\RTOSDemo.axf: Error: L6218E: Undefined symbol pxPortInitialiseStack (referred from tasks.o).
.\bin\RTOSDemo.axf: Error: L6218E: Undefined symbol vPortEndScheduler (referred from tasks.o).
.\bin\RTOSDemo.axf: Error: L6218E: Undefined symbol xPortStartScheduler (referred from tasks.o).
Target not created
Build target 'EmbeddedGUIDemo'
compiling port.c...
linking...
.\bin\RTOSDemo.axf: Error: L6218E: Undefined symbol vStartSemaphoreTasks (referred from main.o).
Target not created
Build target 'EmbeddedGUIDemo'
compiling semtest.c...
linking...
Program Size: Code=60384 RO-data=1220 RW-data=212 ZI-data=19700  
FromELF: creating hex file...
".\bin\RTOSDemo.axf" - 0 Error(s), 0 Warning(s).
</pre>
</body>
</html>
