<!doctype html public "-//w3c//dtd html 4.0 transitional//en">
<html><head>
<title>Static Call Graph - [E:\My Programes\EmbeddedGUI\0.5.4\example\arm\LPC2214\example.axf]</title></head>
<body><HR>
<H1>Static Call Graph for image E:\My Programes\EmbeddedGUI\0.5.4\example\arm\LPC2214\example.axf</H1><HR>
<BR><P>#&#060CALLGRAPH&#062# ARM Linker, RVCT3.1 [Build 939]: Last Updated: Wed Apr 14 19:47:53 2010
<BR><P>
<H3>Maximum Stack Usage =        176 bytes + Unknown(Functions without stacksize, Untraceable Function Pointers)</H3><H3>
Call chain for Maximum Stack Depth:</H3>
__sti___8_main_cpp &rArr; __aeabi_atexit &rArr; malloc &rArr; __Heap_Full &rArr; __Heap_ProvideMemory &rArr; free
<P>
<H3>
Functions with no stack information
</H3><UL>
 <LI><a href="#[bc3290]">Reset_Handler</a>
 <LI><a href="#[bc32d8]">__user_initial_stackheap</a>
 <LI><a href="#[bc30e0]">Undefine_ISR</a>
 <LI><a href="#[bc3128]">SWI_ISR</a>
 <LI><a href="#[bc3170]">PAbt_ISR</a>
 <LI><a href="#[bc3248]">DAbt_ISR</a>
 <LI><a href="#[bc3200]">Default_vIRQ_ISR</a>
 <LI><a href="#[bc31b8]">FIQ_ISR</a>
 <LI><a href="#[bc2a80]">PERIPHERIAL_INIT</a>
</UL>
</UL>
<P>
<H3>
Function Pointers
</H3><UL>
 <LI><a href="#[bc3290]">Reset_Handler</a>
 <LI><a href="#[bc30e0]">Undefine_ISR</a>
 <LI><a href="#[bc3128]">SWI_ISR</a>
 <LI><a href="#[bc3170]">PAbt_ISR</a>
 <LI><a href="#[bc3248]">DAbt_ISR</a>
 <LI><a href="#[bc3200]">Default_vIRQ_ISR</a>
 <LI><a href="#[bc31b8]">FIQ_ISR</a>
 <LI><a href="#[104f960]">__main</a>
 <LI><a href="#[11af468]">__ARM_get_argv</a>
 <LI><a href="#[bbfd28]">EWindow::~EWindow()</a>
 <LI><a href="#[bbfe48]">ELabel::~ELabel()</a>
 <LI><a href="#[bbfdb8]">EButton::~EButton()</a>
 <LI><a href="#[bbffb0]">ECheckButton::~ECheckButton()</a>
 <LI><a href="#[bbfed8]">EEdit::~EEdit()</a>
 <LI><a href="#[bbd1a8]">EG_RedrawFunc_DefaultELabel(EControl*)</a>
 <LI><a href="#[bbd160]">EG_RedrawFunc_DefaultEButton(EControl*)</a>
 <LI><a href="#[bbd118]">EG_CallbackFunc_DefaultECheckButton(EControl*, EEvent*)</a>
 <LI><a href="#[bbd0d0]">EG_RedrawFunc_DefaultECheckButton(EControl*)</a>
 <LI><a href="#[bbd040]">EG_RedrawFunc_DefaultEEdit(EControl*)</a>
 <LI><a href="#[bbd088]">EG_CallbackFunc_DefaultEEdit(EControl*, EEvent*)</a>
 <LI><a href="#[bbcf20]">EG_RedrawFunc_DefaultEExtLabel(EControl*)</a>
 <LI><a href="#[bbcf68]">EG_CallbackFunc_DefaultEExtLabel(EControl*, EEvent*)</a>
 <LI><a href="#[bbce48]">EG_RedrawFunc_DefaultEComboBox(EControl*)</a>
 <LI><a href="#[bbce90]">EG_CallbackFunc_DefaultEComboBox(EControl*, EEvent*)</a>
 <LI><a href="#[bbce00]">EG_RedrawFunc_DefaultEIcon(EControl*)</a>
 <LI><a href="#[bbcdb8]">EG_RedrawFunc_DefaultEIconButton(EControl*)</a>
 <LI><a href="#[bbcce0]">EG_RedrawFunc_DefaultEMessageBox(EControl*)</a>
 <LI><a href="#[bbcd28]">EG_CallbackFunc_DefaultEMessageBox(EControl*, EEvent*)</a>
 <LI><a href="#[bbcc08]">EG_RedrawFunc_DefaultEDialogBox(EControl*)</a>
 <LI><a href="#[bbcc50]">EG_CallbackFunc_DefaultEDialogBox(EControl*, EEvent*)</a>
 <LI><a href="#[bbcb78]">EG_RedrawFunc_DefaultEScroll(EControl*)</a>
 <LI><a href="#[bbcbc0]">EG_CallbackFunc_DefaultEScroll(EControl*, EEvent*)</a>
 <LI><a href="#[bbc9c8]">EG_RedrawFunc_DefaultEMenu(EControl*)</a>
 <LI><a href="#[bbca10]">EG_CallbackFunc_DefaultEMenu(EControl*, EEvent*)</a>
 <LI><a href="#[bbc980]">EG_CallbackFunc_DefaultEPopupMenu(EControl*, EEvent*)</a>
 <LI><a href="#[bbc548]">EG_RedrawFunc_DefaultEToolBar(EControl*)</a>
 <LI><a href="#[bbc5d8]">EG_CallbackFunc_DefaultEToolBar(EControl*, EEvent*)</a>
 <LI><a href="#[bc0088]">main</a>
 <LI><a href="#[11b08c8]">__I_use_semihosting</a>
 <LI><a href="#[bc3200]">Default_vIRQ_ISR</a>
 <LI><a href="#[bb3ce8]">ESimpleWindow::ForceRedrawAllControls()</a>
 <LI><a href="#[bb3ca0]">ESimpleWindow::RedrawSelectedControls()</a>
 <LI><a href="#[bb3bc8]">ESimpleWindow::DispatchEvent(EEvent*)</a>
 <LI><a href="#[1052b08]">ESimpleWindow::InWindowArea(EPosition)</a>
 <LI><a href="#[1052ac0]">ESimpleWindow::RecoverWindow()</a>
 <LI><a href="#[1052a78]">ESimpleWindow::GetWindowState()</a>
 <LI><a href="#[bbfaa0]">ESimpleDesktop::DispatchEvent(EEvent*)</a>
 <LI><a href="#[1052a30]">ESimpleDesktop::RedrawDesktop()</a>
 <LI><a href="#[bb3a18]">EWindow::ForceRedrawAllControls()</a>
 <LI><a href="#[bb39d0]">EWindow::RedrawSelectedControls()</a>
 <LI><a href="#[10532a0]">EWindow::DispatchEvent(EEvent*)</a>
 <LI><a href="#[10530f0]">EWindow::InWindowArea(EPosition)</a>
 <LI><a href="#[10531c8]">EWindow::RecoverWindow()</a>
 <LI><a href="#[10528c8]">EWindow::GetWindowState()</a>
 <LI><a href="#[1052b98]">EDesktop::DispatchEvent(EEvent*)</a>
 <LI><a href="#[1052b50]">EDesktop::RedrawDesktop()</a>
 <LI><a href="#[bc0c10]">__sti___8_main_cpp</a>
</UL>
<P>
<H3>
Global Symbols
</H3>
<P><STRONG><a name="[bc3290]"></a>Reset_Handler</STRONG> (ARM, 0 bytes, Stack size unknown bytes, startup.o(RESET))
<BR>[Address Reference Count : 1]<UL><LI> startup.o(RESET)
</UL>
<P><STRONG><a name="[104f960]"></a>__main</STRONG> (ARM, 8 bytes, Stack size 0 bytes, __main.o(!!!main))
<BR><BR>[Stack]<UL><LI>Max Depth = 120 + Unknown Stack Size
<LI>Call Chain = __main &rArr; __rt_entry &rArr; __rt_lib_init &rArr; _init_alloc &rArr; __rt_SIGRTMEM &rArr; __rt_SIGRTMEM_inner &rArr; __default_signal_display &rArr; _ttywrch
</UL>
<BR>[Calls]<UL><LI><a href="#[104b3d0]">&gt;&gt;</a>&nbsp;&nbsp;&nbsp;__rt_entry
<LI><a href="#[11ac730]">&gt;&gt;</a>&nbsp;&nbsp;&nbsp;__scatterload
</UL>

<P><STRONG><a name="[11ac730]"></a>__scatterload</STRONG> (ARM, 0 bytes, Stack size unknown bytes, __scatter.o(!!!scatter))
<BR><BR>[Called By]<UL><LI><a href="#[104f960]">&gt;&gt;</a>&nbsp;&nbsp;&nbsp;__main
</UL>

<P><STRONG><a name="[11ac6e8]"></a>__scatterload_rt2</STRONG> (ARM, 52 bytes, Stack size unknown bytes, __scatter.o(!!!scatter), UNUSED)
<BR><BR>[Calls]<UL><LI><a href="#[104b3d0]">&gt;&gt;</a>&nbsp;&nbsp;&nbsp;__rt_entry
</UL>

<P><STRONG><a name="[11ac6a0]"></a>__scatterload_null</STRONG> (ARM, 0 bytes, Stack size unknown bytes, __scatter.o(!!!scatter), UNUSED)

<P><STRONG><a name="[11ac460]"></a>__scatterload_copy</STRONG> (ARM, 40 bytes, Stack size unknown bytes, __scatter_copy.o(!!handler_copy), UNUSED)
<BR><BR>[Calls]<UL><LI><a href="#[11ac460]">&gt;&gt;</a>&nbsp;&nbsp;&nbsp;__scatterload_copy
</UL>
<BR>[Called By]<UL><LI><a href="#[11ac460]">&gt;&gt;</a>&nbsp;&nbsp;&nbsp;__scatterload_copy
</UL>

<P><STRONG><a name="[11ac2f8]"></a>__scatterload_zeroinit</STRONG> (ARM, 44 bytes, Stack size unknown bytes, __scatter_zi.o(!!handler_zi), UNUSED)

<P><STRONG><a name="[1044008]"></a>__ARM_argv_veneer</STRONG> (ARM, 16 bytes, Stack size 0 bytes, lib_init.o(.emb_text))
<BR><BR>[Called By]<UL><LI><a href="#[1043f78]">&gt;&gt;</a>&nbsp;&nbsp;&nbsp;__rt_lib_init (via Veneer)
</UL>

<P><STRONG><a name="[bc32d8]"></a>__user_initial_stackheap</STRONG> (ARM, 0 bytes, Stack size unknown bytes, startup.o(.text))
<BR><BR>[Called By]<UL><LI><a href="#[104ada8]">&gt;&gt;</a>&nbsp;&nbsp;&nbsp;__user_setup_stackheap
</UL>

<P><STRONG><a name="[bc00d0]"></a>timerISR()</STRONG> (ARM, 44 bytes, Stack size 32 bytes, main.o(.text), UNUSED)
<BR><BR>[Calls]<UL><LI><a href="#[bbfa58]">&gt;&gt;</a>&nbsp;&nbsp;&nbsp;ESimpleDesktop::ScheduleRedraw()
</UL>

<P><STRONG><a name="[bc0088]"></a>main</STRONG> (ARM, 160 bytes, Stack size 32 bytes, main.o(.text))
<BR><BR>[Stack]<UL><LI>Max Depth = 104 + Unknown Stack Size
<LI>Call Chain = main &rArr; ESimpleDesktop::GlobalRedraw() &rArr; ECursor::SetCursorPosition(const EPosition&)
</UL>
<BR>[Calls]<UL><LI><a href="#[bbfa10]">&gt;&gt;</a>&nbsp;&nbsp;&nbsp;ESimpleDesktop::AddWindow(ESimpleWindow*)
<LI><a href="#[bbfaa0]">&gt;&gt;</a>&nbsp;&nbsp;&nbsp;ESimpleDesktop::DispatchEvent(EEvent*)
<LI><a href="#[bbfae8]">&gt;&gt;</a>&nbsp;&nbsp;&nbsp;ESimpleDesktop::GlobalRedraw()
<LI><a href="#[bbfbc0]">&gt;&gt;</a>&nbsp;&nbsp;&nbsp;EG_LCDClearBuffer()
<LI><a href="#[bbfc08]">&gt;&gt;</a>&nbsp;&nbsp;&nbsp;EG_LCDInit()
<LI><a href="#[bbfc98]">&gt;&gt;</a>&nbsp;&nbsp;&nbsp;EPosition::EPosition(unsigned, unsigned)
<LI><a href="#[bbff20]">&gt;&gt;</a>&nbsp;&nbsp;&nbsp;ESimpleWindow::AddControl(EControl*)
<LI><a href="#[bbfff8]">&gt;&gt;</a>&nbsp;&nbsp;&nbsp;BSP_FeedDog()
<LI><a href="#[bc2a80]">&gt;&gt;</a>&nbsp;&nbsp;&nbsp;PERIPHERIAL_INIT
</UL>
<BR>[Address Reference Count : 1]<UL><LI> kernel.o(.text)
</UL>
<P><STRONG><a name="[bc0040]"></a>nextButtonCBF(EControl*, EEvent*)</STRONG> (ARM, 248 bytes, Stack size 16 bytes, main.o(.text), UNUSED)
<BR><BR>[Calls]<UL><LI><a href="#[bbf980]">&gt;&gt;</a>&nbsp;&nbsp;&nbsp;EEdit::AddCharToString(char)
<LI><a href="#[bbfb30]">&gt;&gt;</a>&nbsp;&nbsp;&nbsp;ESimpleWindow::RemoveControl(int)
<LI><a href="#[bbff20]">&gt;&gt;</a>&nbsp;&nbsp;&nbsp;ESimpleWindow::AddControl(EControl*)
</UL>

<P><STRONG><a name="[bbd1a8]"></a>EG_RedrawFunc_DefaultELabel(EControl*)</STRONG> (ARM, 52 bytes, Stack size 16 bytes, econtrol.o(.text))
<BR><BR>[Stack]<UL><LI>Max Depth = 96<LI>Call Chain = EG_RedrawFunc_DefaultELabel(EControl*) &rArr; EG_Graphic_DrawString(unsigned, unsigned, char*) &rArr; EG_Graphic_DrawChar(unsigned, unsigned, char) &rArr; EG_LCDSetByte(unsigned, unsigned, unsigned char) &rArr; EG_LCDClearPixel(unsigned, unsigned)
</UL>
<BR>[Calls]<UL><LI><a href="#[bba190]">&gt;&gt;</a>&nbsp;&nbsp;&nbsp;EG_Graphic_DrawString(unsigned, unsigned, char*)
</UL>
<BR>[Address Reference Count : 1]<UL><LI> econtrol.o(.text)
</UL>
<P><STRONG><a name="[bbd160]"></a>EG_RedrawFunc_DefaultEButton(EControl*)</STRONG> (ARM, 84 bytes, Stack size 16 bytes, econtrol.o(.text))
<BR><BR>[Stack]<UL><LI>Max Depth = 96<LI>Call Chain = EG_RedrawFunc_DefaultEButton(EControl*) &rArr; EG_Graphic_DrawString(unsigned, unsigned, char*) &rArr; EG_Graphic_DrawChar(unsigned, unsigned, char) &rArr; EG_LCDSetByte(unsigned, unsigned, unsigned char) &rArr; EG_LCDClearPixel(unsigned, unsigned)
</UL>
<BR>[Calls]<UL><LI><a href="#[bba028]">&gt;&gt;</a>&nbsp;&nbsp;&nbsp;EG_Graphic_DrawEmptyRectangle(unsigned, unsigned, unsigned, unsigned)
<LI><a href="#[bba190]">&gt;&gt;</a>&nbsp;&nbsp;&nbsp;EG_Graphic_DrawString(unsigned, unsigned, char*)
</UL>
<BR>[Address Reference Count : 1]<UL><LI> econtrol.o(.text)
</UL>
<P><STRONG><a name="[bbd118]"></a>EG_CallbackFunc_DefaultECheckButton(EControl*, EEvent*)</STRONG> (ARM, 96 bytes, Stack size 16 bytes, econtrol.o(.text))
<BR><BR>[Stack]<UL><LI>Max Depth = 24<LI>Call Chain = EG_CallbackFunc_DefaultECheckButton(EControl*, EEvent*) &rArr; EControl::RedrawControl()
</UL>
<BR>[Calls]<UL><LI><a href="#[bba580]">&gt;&gt;</a>&nbsp;&nbsp;&nbsp;EControl::RedrawControl()
</UL>
<BR>[Address Reference Count : 1]<UL><LI> econtrol.o(.text)
</UL>
<P><STRONG><a name="[bbd0d0]"></a>EG_RedrawFunc_DefaultECheckButton(EControl*)</STRONG> (ARM, 180 bytes, Stack size 24 bytes, econtrol.o(.text))
<BR><BR>[Stack]<UL><LI>Max Depth = 104<LI>Call Chain = EG_RedrawFunc_DefaultECheckButton(EControl*) &rArr; EG_Graphic_DrawString(unsigned, unsigned, char*) &rArr; EG_Graphic_DrawChar(unsigned, unsigned, char) &rArr; EG_LCDSetByte(unsigned, unsigned, unsigned char) &rArr; EG_LCDClearPixel(unsigned, unsigned)
</UL>
<BR>[Calls]<UL><LI><a href="#[bb9f98]">&gt;&gt;</a>&nbsp;&nbsp;&nbsp;EG_Graphic_DrawWhiteFilledRectangle(unsigned, unsigned, unsigned, unsigned)
<LI><a href="#[bb9fe0]">&gt;&gt;</a>&nbsp;&nbsp;&nbsp;EG_Graphic_DrawFilledRectangle(unsigned, unsigned, unsigned, unsigned)
<LI><a href="#[bba028]">&gt;&gt;</a>&nbsp;&nbsp;&nbsp;EG_Graphic_DrawEmptyRectangle(unsigned, unsigned, unsigned, unsigned)
<LI><a href="#[bba190]">&gt;&gt;</a>&nbsp;&nbsp;&nbsp;EG_Graphic_DrawString(unsigned, unsigned, char*)
<LI><a href="#[bbfc98]">&gt;&gt;</a>&nbsp;&nbsp;&nbsp;EPosition::EPosition(unsigned, unsigned)
</UL>
<BR>[Address Reference Count : 1]<UL><LI> econtrol.o(.text)
</UL>
<P><STRONG><a name="[bbf980]"></a>EEdit::AddCharToString(char)</STRONG> (ARM, 68 bytes, Stack size 16 bytes, econtrol.o(.text))
<BR><BR>[Stack]<UL><LI>Max Depth = 24<LI>Call Chain = EEdit::AddCharToString(char) &rArr; EControl::RedrawControl()
</UL>
<BR>[Calls]<UL><LI><a href="#[bba580]">&gt;&gt;</a>&nbsp;&nbsp;&nbsp;EControl::RedrawControl()
</UL>
<BR>[Called By]<UL><LI><a href="#[bbd088]">&gt;&gt;</a>&nbsp;&nbsp;&nbsp;EG_CallbackFunc_DefaultEEdit(EControl*, EEvent*)
<LI><a href="#[bc0040]">&gt;&gt;</a>&nbsp;&nbsp;&nbsp;nextButtonCBF(EControl*, EEvent*)
</UL>

<P><STRONG><a name="[bbd088]"></a>EG_CallbackFunc_DefaultEEdit(EControl*, EEvent*)</STRONG> (ARM, 68 bytes, Stack size 16 bytes, econtrol.o(.text))
<BR><BR>[Stack]<UL><LI>Max Depth = 40<LI>Call Chain = EG_CallbackFunc_DefaultEEdit(EControl*, EEvent*) &rArr; EEdit::AddCharToString(char) &rArr; EControl::RedrawControl()
</UL>
<BR>[Calls]<UL><LI><a href="#[bba580]">&gt;&gt;</a>&nbsp;&nbsp;&nbsp;EControl::RedrawControl()
<LI><a href="#[bbf980]">&gt;&gt;</a>&nbsp;&nbsp;&nbsp;EEdit::AddCharToString(char)
</UL>
<BR>[Address Reference Count : 1]<UL><LI> econtrol.o(.text)
</UL>
<P><STRONG><a name="[bbd040]"></a>EG_RedrawFunc_DefaultEEdit(EControl*)</STRONG> (ARM, 192 bytes, Stack size 32 bytes, econtrol.o(.text))
<BR><BR>[Stack]<UL><LI>Max Depth = 112<LI>Call Chain = EG_RedrawFunc_DefaultEEdit(EControl*) &rArr; EG_Graphic_DrawConstString(unsigned, unsigned, char*, unsigned char) &rArr; EG_Graphic_DrawChar(unsigned, unsigned, char) &rArr; EG_LCDSetByte(unsigned, unsigned, unsigned char) &rArr; EG_LCDClearPixel(unsigned, unsigned)
</UL>
<BR>[Calls]<UL><LI><a href="#[bba028]">&gt;&gt;</a>&nbsp;&nbsp;&nbsp;EG_Graphic_DrawEmptyRectangle(unsigned, unsigned, unsigned, unsigned)
<LI><a href="#[bba100]">&gt;&gt;</a>&nbsp;&nbsp;&nbsp;EG_Graphic_DrawConstString(unsigned, unsigned, char*, unsigned char)
<LI><a href="#[bba2b0]">&gt;&gt;</a>&nbsp;&nbsp;&nbsp;EG_Graphic_DrawChar(unsigned, unsigned, char)
<LI><a href="#[bbfc98]">&gt;&gt;</a>&nbsp;&nbsp;&nbsp;EPosition::EPosition(unsigned, unsigned)
</UL>
<BR>[Address Reference Count : 1]<UL><LI> econtrol.o(.text)
</UL>
<P><STRONG><a name="[bbcff8]"></a>EG_RedrawFunc_DefaultEProgress(EControl*)</STRONG> (ARM, 164 bytes, Stack size 24 bytes, econtrol.o(.text), UNUSED)
<BR><BR>[Calls]<UL><LI><a href="#[bb9fe0]">&gt;&gt;</a>&nbsp;&nbsp;&nbsp;EG_Graphic_DrawFilledRectangle(unsigned, unsigned, unsigned, unsigned)
<LI><a href="#[bba028]">&gt;&gt;</a>&nbsp;&nbsp;&nbsp;EG_Graphic_DrawEmptyRectangle(unsigned, unsigned, unsigned, unsigned)
<LI><a href="#[bbfc98]">&gt;&gt;</a>&nbsp;&nbsp;&nbsp;EPosition::EPosition(unsigned, unsigned)
</UL>

<P><STRONG><a name="[bbcfb0]"></a>EExtLabel::ChangeState()</STRONG> (ARM, 56 bytes, Stack size 8 bytes, econtrol.o(.text))
<BR><BR>[Stack]<UL><LI>Max Depth = 16<LI>Call Chain = EExtLabel::ChangeState() &rArr; EControl::RedrawControl()
</UL>
<BR>[Calls]<UL><LI><a href="#[bba580]">&gt;&gt;</a>&nbsp;&nbsp;&nbsp;EControl::RedrawControl()
</UL>
<BR>[Called By]<UL><LI><a href="#[bbcf68]">&gt;&gt;</a>&nbsp;&nbsp;&nbsp;EG_CallbackFunc_DefaultEExtLabel(EControl*, EEvent*)
</UL>

<P><STRONG><a name="[bbcf68]"></a>EG_CallbackFunc_DefaultEExtLabel(EControl*, EEvent*)</STRONG> (ARM, 72 bytes, Stack size 16 bytes, econtrol.o(.text))
<BR><BR>[Stack]<UL><LI>Max Depth = 32<LI>Call Chain = EG_CallbackFunc_DefaultEExtLabel(EControl*, EEvent*) &rArr; EExtLabel::ChangeState() &rArr; EControl::RedrawControl()
</UL>
<BR>[Calls]<UL><LI><a href="#[bba580]">&gt;&gt;</a>&nbsp;&nbsp;&nbsp;EControl::RedrawControl()
<LI><a href="#[bbcfb0]">&gt;&gt;</a>&nbsp;&nbsp;&nbsp;EExtLabel::ChangeState()
</UL>
<BR>[Address Reference Count : 1]<UL><LI> econtrol.o(.text)
</UL>
<P><STRONG><a name="[bbcf20]"></a>EG_RedrawFunc_DefaultEExtLabel(EControl*)</STRONG> (ARM, 80 bytes, Stack size 16 bytes, econtrol.o(.text))
<BR><BR>[Stack]<UL><LI>Max Depth = 96<LI>Call Chain = EG_RedrawFunc_DefaultEExtLabel(EControl*) &rArr; EG_Graphic_DrawNotString(unsigned, unsigned, char*) &rArr; EG_Graphic_DrawNotChar(unsigned, unsigned, char) &rArr; EG_LCDSetByte(unsigned, unsigned, unsigned char) &rArr; EG_LCDClearPixel(unsigned, unsigned)
</UL>
<BR>[Calls]<UL><LI><a href="#[bba148]">&gt;&gt;</a>&nbsp;&nbsp;&nbsp;EG_Graphic_DrawNotString(unsigned, unsigned, char*)
<LI><a href="#[bba190]">&gt;&gt;</a>&nbsp;&nbsp;&nbsp;EG_Graphic_DrawString(unsigned, unsigned, char*)
</UL>
<BR>[Address Reference Count : 1]<UL><LI> econtrol.o(.text)
</UL>
<P><STRONG><a name="[bbced8]"></a>EComboBox::SwitchOpenState()</STRONG> (ARM, 84 bytes, Stack size 8 bytes, econtrol.o(.text))
<BR><BR>[Stack]<UL><LI>Max Depth = 16<LI>Call Chain = EComboBox::SwitchOpenState() &rArr; EControl::RedrawControl()
</UL>
<BR>[Calls]<UL><LI><a href="#[bba580]">&gt;&gt;</a>&nbsp;&nbsp;&nbsp;EControl::RedrawControl()
</UL>
<BR>[Called By]<UL><LI><a href="#[bbce90]">&gt;&gt;</a>&nbsp;&nbsp;&nbsp;EG_CallbackFunc_DefaultEComboBox(EControl*, EEvent*)
</UL>

<P><STRONG><a name="[bbce90]"></a>EG_CallbackFunc_DefaultEComboBox(EControl*, EEvent*)</STRONG> (ARM, 208 bytes, Stack size 40 bytes, econtrol.o(.text))
<BR><BR>[Stack]<UL><LI>Max Depth = 64 + Unknown Stack Size
<LI>Call Chain = EG_CallbackFunc_DefaultEComboBox(EControl*, EEvent*) &rArr; EComboBox::SetSelectIndex(unsigned) &rArr; EControl::RedrawControl()
</UL>
<BR>[Calls]<UL><LI><a href="#[bba388]">&gt;&gt;</a>&nbsp;&nbsp;&nbsp;EComboBox::SetSelectIndex(unsigned)
<LI><a href="#[bba580]">&gt;&gt;</a>&nbsp;&nbsp;&nbsp;EControl::RedrawControl()
<LI><a href="#[bbced8]">&gt;&gt;</a>&nbsp;&nbsp;&nbsp;EComboBox::SwitchOpenState()
<LI><a href="#[1050898]">&gt;&gt;</a>&nbsp;&nbsp;&nbsp;__aeabi_uidivmod
</UL>
<BR>[Address Reference Count : 1]<UL><LI> econtrol.o(.text)
</UL>
<P><STRONG><a name="[bbce48]"></a>EG_RedrawFunc_DefaultEComboBox(EControl*)</STRONG> (ARM, 468 bytes, Stack size 24 bytes, econtrol.o(.text))
<BR><BR>[Stack]<UL><LI>Max Depth = 128<LI>Call Chain = EG_RedrawFunc_DefaultEComboBox(EControl*) &rArr; EG_Graphic_DrawLine(unsigned, unsigned, unsigned, unsigned, unsigned char) &rArr; EG_Graphic_DrawVerticalLine(unsigned, unsigned, unsigned) &rArr; EG_LCDSetPixel(unsigned, unsigned)
</UL>
<BR>[Calls]<UL><LI><a href="#[bb9f98]">&gt;&gt;</a>&nbsp;&nbsp;&nbsp;EG_Graphic_DrawWhiteFilledRectangle(unsigned, unsigned, unsigned, unsigned)
<LI><a href="#[bba028]">&gt;&gt;</a>&nbsp;&nbsp;&nbsp;EG_Graphic_DrawEmptyRectangle(unsigned, unsigned, unsigned, unsigned)
<LI><a href="#[bba070]">&gt;&gt;</a>&nbsp;&nbsp;&nbsp;EG_Graphic_DrawVerticalLine(unsigned, unsigned, unsigned)
<LI><a href="#[bba0b8]">&gt;&gt;</a>&nbsp;&nbsp;&nbsp;EG_Graphic_DrawHorizonLine(unsigned, unsigned, unsigned)
<LI><a href="#[bba190]">&gt;&gt;</a>&nbsp;&nbsp;&nbsp;EG_Graphic_DrawString(unsigned, unsigned, char*)
<LI><a href="#[bba268]">&gt;&gt;</a>&nbsp;&nbsp;&nbsp;EG_Graphic_DrawLine(unsigned, unsigned, unsigned, unsigned, unsigned char)
<LI><a href="#[bba3d0]">&gt;&gt;</a>&nbsp;&nbsp;&nbsp;EComboBox::GetItemString(unsigned)
</UL>
<BR>[Address Reference Count : 1]<UL><LI> econtrol.o(.text)
</UL>
<P><STRONG><a name="[bbce00]"></a>EG_RedrawFunc_DefaultEIcon(EControl*)</STRONG> (ARM, 68 bytes, Stack size 16 bytes, econtrol.o(.text))
<BR><BR>[Stack]<UL><LI>Max Depth = 64<LI>Call Chain = EG_RedrawFunc_DefaultEIcon(EControl*) &rArr; EG_Graphic_DrawBitmap(unsigned, unsigned, EBitmap*) &rArr; EG_LCDClearPixel(unsigned, unsigned)
</UL>
<BR>[Calls]<UL><LI><a href="#[bba220]">&gt;&gt;</a>&nbsp;&nbsp;&nbsp;EG_Graphic_DrawBitmap(unsigned, unsigned, EBitmap*)
</UL>
<BR>[Address Reference Count : 1]<UL><LI> econtrol.o(.text)
</UL>
<P><STRONG><a name="[bbcdb8]"></a>EG_RedrawFunc_DefaultEIconButton(EControl*)</STRONG> (ARM, 180 bytes, Stack size 16 bytes, econtrol.o(.text))
<BR><BR>[Stack]<UL><LI>Max Depth = 96<LI>Call Chain = EG_RedrawFunc_DefaultEIconButton(EControl*) &rArr; EG_Graphic_DrawString(unsigned, unsigned, char*) &rArr; EG_Graphic_DrawChar(unsigned, unsigned, char) &rArr; EG_LCDSetByte(unsigned, unsigned, unsigned char) &rArr; EG_LCDClearPixel(unsigned, unsigned)
</UL>
<BR>[Calls]<UL><LI><a href="#[bba028]">&gt;&gt;</a>&nbsp;&nbsp;&nbsp;EG_Graphic_DrawEmptyRectangle(unsigned, unsigned, unsigned, unsigned)
<LI><a href="#[bba190]">&gt;&gt;</a>&nbsp;&nbsp;&nbsp;EG_Graphic_DrawString(unsigned, unsigned, char*)
<LI><a href="#[bba220]">&gt;&gt;</a>&nbsp;&nbsp;&nbsp;EG_Graphic_DrawBitmap(unsigned, unsigned, EBitmap*)
</UL>
<BR>[Address Reference Count : 1]<UL><LI> econtrol.o(.text)
</UL>
<P><STRONG><a name="[bbcd70]"></a>EMessageBox::InCloseArea(const EPosition&)</STRONG> (ARM, 104 bytes, Stack size 0 bytes, econtrol.o(.text))
<BR><BR>[Called By]<UL><LI><a href="#[bbcd28]">&gt;&gt;</a>&nbsp;&nbsp;&nbsp;EG_CallbackFunc_DefaultEMessageBox(EControl*, EEvent*)
</UL>

<P><STRONG><a name="[bbcd28]"></a>EG_CallbackFunc_DefaultEMessageBox(EControl*, EEvent*)</STRONG> (ARM, 104 bytes, Stack size 16 bytes, econtrol.o(.text))
<BR><BR>[Stack]<UL><LI>Max Depth = 24<LI>Call Chain = EG_CallbackFunc_DefaultEMessageBox(EControl*, EEvent*) &rArr; EControl::RedrawControl()
</UL>
<BR>[Calls]<UL><LI><a href="#[bba580]">&gt;&gt;</a>&nbsp;&nbsp;&nbsp;EControl::RedrawControl()
<LI><a href="#[bbcd70]">&gt;&gt;</a>&nbsp;&nbsp;&nbsp;EMessageBox::InCloseArea(const EPosition&)
</UL>
<BR>[Address Reference Count : 1]<UL><LI> econtrol.o(.text)
</UL>
<P><STRONG><a name="[bbcce0]"></a>EG_RedrawFunc_DefaultEMessageBox(EControl*)</STRONG> (ARM, 224 bytes, Stack size 16 bytes, econtrol.o(.text))
<BR><BR>[Stack]<UL><LI>Max Depth = 96<LI>Call Chain = EG_RedrawFunc_DefaultEMessageBox(EControl*) &rArr; EG_Graphic_DrawNotString(unsigned, unsigned, char*) &rArr; EG_Graphic_DrawNotChar(unsigned, unsigned, char) &rArr; EG_LCDSetByte(unsigned, unsigned, unsigned char) &rArr; EG_LCDClearPixel(unsigned, unsigned)
</UL>
<BR>[Calls]<UL><LI><a href="#[bb9fe0]">&gt;&gt;</a>&nbsp;&nbsp;&nbsp;EG_Graphic_DrawFilledRectangle(unsigned, unsigned, unsigned, unsigned)
<LI><a href="#[bba028]">&gt;&gt;</a>&nbsp;&nbsp;&nbsp;EG_Graphic_DrawEmptyRectangle(unsigned, unsigned, unsigned, unsigned)
<LI><a href="#[bba148]">&gt;&gt;</a>&nbsp;&nbsp;&nbsp;EG_Graphic_DrawNotString(unsigned, unsigned, char*)
<LI><a href="#[bba190]">&gt;&gt;</a>&nbsp;&nbsp;&nbsp;EG_Graphic_DrawString(unsigned, unsigned, char*)
</UL>
<BR>[Address Reference Count : 1]<UL><LI> econtrol.o(.text)
</UL>
<P><STRONG><a name="[bbcc98]"></a>EDialogBox::UpdataState(const EPosition&)</STRONG> (ARM, 184 bytes, Stack size 0 bytes, econtrol.o(.text))
<BR><BR>[Called By]<UL><LI><a href="#[bbcc50]">&gt;&gt;</a>&nbsp;&nbsp;&nbsp;EG_CallbackFunc_DefaultEDialogBox(EControl*, EEvent*)
</UL>

<P><STRONG><a name="[bbcc50]"></a>EG_CallbackFunc_DefaultEDialogBox(EControl*, EEvent*)</STRONG> (ARM, 104 bytes, Stack size 16 bytes, econtrol.o(.text))
<BR><BR>[Stack]<UL><LI>Max Depth = 24<LI>Call Chain = EG_CallbackFunc_DefaultEDialogBox(EControl*, EEvent*) &rArr; EControl::RedrawControl()
</UL>
<BR>[Calls]<UL><LI><a href="#[bba580]">&gt;&gt;</a>&nbsp;&nbsp;&nbsp;EControl::RedrawControl()
<LI><a href="#[bbcc98]">&gt;&gt;</a>&nbsp;&nbsp;&nbsp;EDialogBox::UpdataState(const EPosition&)
</UL>
<BR>[Address Reference Count : 1]<UL><LI> econtrol.o(.text)
</UL>
<P><STRONG><a name="[bbcc08]"></a>EG_RedrawFunc_DefaultEDialogBox(EControl*)</STRONG> (ARM, 368 bytes, Stack size 16 bytes, econtrol.o(.text))
<BR><BR>[Stack]<UL><LI>Max Depth = 96<LI>Call Chain = EG_RedrawFunc_DefaultEDialogBox(EControl*) &rArr; EG_Graphic_DrawNotString(unsigned, unsigned, char*) &rArr; EG_Graphic_DrawNotChar(unsigned, unsigned, char) &rArr; EG_LCDSetByte(unsigned, unsigned, unsigned char) &rArr; EG_LCDClearPixel(unsigned, unsigned)
</UL>
<BR>[Calls]<UL><LI><a href="#[bb9fe0]">&gt;&gt;</a>&nbsp;&nbsp;&nbsp;EG_Graphic_DrawFilledRectangle(unsigned, unsigned, unsigned, unsigned)
<LI><a href="#[bba028]">&gt;&gt;</a>&nbsp;&nbsp;&nbsp;EG_Graphic_DrawEmptyRectangle(unsigned, unsigned, unsigned, unsigned)
<LI><a href="#[bba148]">&gt;&gt;</a>&nbsp;&nbsp;&nbsp;EG_Graphic_DrawNotString(unsigned, unsigned, char*)
<LI><a href="#[bba190]">&gt;&gt;</a>&nbsp;&nbsp;&nbsp;EG_Graphic_DrawString(unsigned, unsigned, char*)
</UL>
<BR>[Address Reference Count : 1]<UL><LI> econtrol.o(.text)
</UL>
<P><STRONG><a name="[bbcbc0]"></a>EG_CallbackFunc_DefaultEScroll(EControl*, EEvent*)</STRONG> (ARM, 208 bytes, Stack size 24 bytes, econtrol.o(.text))
<BR><BR>[Stack]<UL><LI>Max Depth = 32<LI>Call Chain = EG_CallbackFunc_DefaultEScroll(EControl*, EEvent*) &rArr; EControl::RedrawControl()
</UL>
<BR>[Calls]<UL><LI><a href="#[bba580]">&gt;&gt;</a>&nbsp;&nbsp;&nbsp;EControl::RedrawControl()
</UL>
<BR>[Address Reference Count : 1]<UL><LI> econtrol.o(.text)
</UL>
<P><STRONG><a name="[bbcb78]"></a>EG_RedrawFunc_DefaultEScroll(EControl*)</STRONG> (ARM, 444 bytes, Stack size 16 bytes, econtrol.o(.text))
<BR><BR>[Stack]<UL><LI>Max Depth = 120<LI>Call Chain = EG_RedrawFunc_DefaultEScroll(EControl*) &rArr; EG_Graphic_DrawLine(unsigned, unsigned, unsigned, unsigned, unsigned char) &rArr; EG_Graphic_DrawVerticalLine(unsigned, unsigned, unsigned) &rArr; EG_LCDSetPixel(unsigned, unsigned)
</UL>
<BR>[Calls]<UL><LI><a href="#[bb9f98]">&gt;&gt;</a>&nbsp;&nbsp;&nbsp;EG_Graphic_DrawWhiteFilledRectangle(unsigned, unsigned, unsigned, unsigned)
<LI><a href="#[bb9fe0]">&gt;&gt;</a>&nbsp;&nbsp;&nbsp;EG_Graphic_DrawFilledRectangle(unsigned, unsigned, unsigned, unsigned)
<LI><a href="#[bba028]">&gt;&gt;</a>&nbsp;&nbsp;&nbsp;EG_Graphic_DrawEmptyRectangle(unsigned, unsigned, unsigned, unsigned)
<LI><a href="#[bba0b8]">&gt;&gt;</a>&nbsp;&nbsp;&nbsp;EG_Graphic_DrawHorizonLine(unsigned, unsigned, unsigned)
<LI><a href="#[bba268]">&gt;&gt;</a>&nbsp;&nbsp;&nbsp;EG_Graphic_DrawLine(unsigned, unsigned, unsigned, unsigned, unsigned char)
</UL>
<BR>[Address Reference Count : 1]<UL><LI> econtrol.o(.text)
</UL>
<P><STRONG><a name="[bbcb30]"></a>EG_CallbackFunc_DefaultEList(EControl*, EEvent*)</STRONG> (ARM, 200 bytes, Stack size 24 bytes, econtrol.o(.text), UNUSED)
<BR><BR>[Calls]<UL><LI><a href="#[bba580]">&gt;&gt;</a>&nbsp;&nbsp;&nbsp;EControl::RedrawControl()
<LI><a href="#[1050898]">&gt;&gt;</a>&nbsp;&nbsp;&nbsp;__aeabi_uidivmod
</UL>

<P><STRONG><a name="[bbcae8]"></a>EG_RedrawFunc_DefaultEList(EControl*)</STRONG> (ARM, 248 bytes, Stack size 32 bytes, econtrol.o(.text), UNUSED)
<BR><BR>[Calls]<UL><LI><a href="#[bb9f98]">&gt;&gt;</a>&nbsp;&nbsp;&nbsp;EG_Graphic_DrawWhiteFilledRectangle(unsigned, unsigned, unsigned, unsigned)
<LI><a href="#[bba028]">&gt;&gt;</a>&nbsp;&nbsp;&nbsp;EG_Graphic_DrawEmptyRectangle(unsigned, unsigned, unsigned, unsigned)
<LI><a href="#[bba190]">&gt;&gt;</a>&nbsp;&nbsp;&nbsp;EG_Graphic_DrawString(unsigned, unsigned, char*)
</UL>

<P><STRONG><a name="[bbcaa0]"></a>EMenu::UpdateHeightAndPosition()</STRONG> (ARM, 80 bytes, Stack size 0 bytes, econtrol.o(.text))
<BR><BR>[Called By]<UL><LI><a href="#[bbca58]">&gt;&gt;</a>&nbsp;&nbsp;&nbsp;EMenu::SwitchShowState()
</UL>

<P><STRONG><a name="[bbca58]"></a>EMenu::SwitchShowState()</STRONG> (ARM, 168 bytes, Stack size 8 bytes, econtrol.o(.text))
<BR><BR>[Stack]<UL><LI>Max Depth = 16<LI>Call Chain = EMenu::SwitchShowState() &rArr; EControl::RedrawControl()
</UL>
<BR>[Calls]<UL><LI><a href="#[bba580]">&gt;&gt;</a>&nbsp;&nbsp;&nbsp;EControl::RedrawControl()
<LI><a href="#[bbcaa0]">&gt;&gt;</a>&nbsp;&nbsp;&nbsp;EMenu::UpdateHeightAndPosition()
</UL>
<BR>[Called By]<UL><LI><a href="#[bbca10]">&gt;&gt;</a>&nbsp;&nbsp;&nbsp;EG_CallbackFunc_DefaultEMenu(EControl*, EEvent*)
</UL>

<P><STRONG><a name="[bbca10]"></a>EG_CallbackFunc_DefaultEMenu(EControl*, EEvent*)</STRONG> (ARM, 596 bytes, Stack size 32 bytes, econtrol.o(.text))
<BR><BR>[Stack]<UL><LI>Max Depth = 48 + Unknown Stack Size
<LI>Call Chain = EG_CallbackFunc_DefaultEMenu(EControl*, EEvent*) &rArr; EMenu::SwitchShowState() &rArr; EControl::RedrawControl()
</UL>
<BR>[Calls]<UL><LI><a href="#[bba580]">&gt;&gt;</a>&nbsp;&nbsp;&nbsp;EControl::RedrawControl()
<LI><a href="#[bba6e8]">&gt;&gt;</a>&nbsp;&nbsp;&nbsp;EMenu::SetSelectItem(unsigned)
<LI><a href="#[bbca58]">&gt;&gt;</a>&nbsp;&nbsp;&nbsp;EMenu::SwitchShowState()
<LI><a href="#[1050898]">&gt;&gt;</a>&nbsp;&nbsp;&nbsp;__aeabi_uidivmod
</UL>
<BR>[Address Reference Count : 1]<UL><LI> econtrol.o(.text)
</UL>
<P><STRONG><a name="[bbc9c8]"></a>EG_RedrawFunc_DefaultEMenu(EControl*)</STRONG> (ARM, 556 bytes, Stack size 24 bytes, econtrol.o(.text))
<BR><BR>[Stack]<UL><LI>Max Depth = 104<LI>Call Chain = EG_RedrawFunc_DefaultEMenu(EControl*) &rArr; EG_Graphic_DrawNotString(unsigned, unsigned, char*) &rArr; EG_Graphic_DrawNotChar(unsigned, unsigned, char) &rArr; EG_LCDSetByte(unsigned, unsigned, unsigned char) &rArr; EG_LCDClearPixel(unsigned, unsigned)
</UL>
<BR>[Calls]<UL><LI><a href="#[bb9f98]">&gt;&gt;</a>&nbsp;&nbsp;&nbsp;EG_Graphic_DrawWhiteFilledRectangle(unsigned, unsigned, unsigned, unsigned)
<LI><a href="#[bb9fe0]">&gt;&gt;</a>&nbsp;&nbsp;&nbsp;EG_Graphic_DrawFilledRectangle(unsigned, unsigned, unsigned, unsigned)
<LI><a href="#[bba028]">&gt;&gt;</a>&nbsp;&nbsp;&nbsp;EG_Graphic_DrawEmptyRectangle(unsigned, unsigned, unsigned, unsigned)
<LI><a href="#[bba148]">&gt;&gt;</a>&nbsp;&nbsp;&nbsp;EG_Graphic_DrawNotString(unsigned, unsigned, char*)
<LI><a href="#[bba190]">&gt;&gt;</a>&nbsp;&nbsp;&nbsp;EG_Graphic_DrawString(unsigned, unsigned, char*)
</UL>
<BR>[Address Reference Count : 1]<UL><LI> econtrol.o(.text)
</UL>
<P><STRONG><a name="[bbc980]"></a>EG_CallbackFunc_DefaultEPopupMenu(EControl*, EEvent*)</STRONG> (ARM, 304 bytes, Stack size 32 bytes, econtrol.o(.text))
<BR><BR>[Stack]<UL><LI>Max Depth = 40 + Unknown Stack Size
<LI>Call Chain = EG_CallbackFunc_DefaultEPopupMenu(EControl*, EEvent*) &rArr; EControl::RedrawControl()
</UL>
<BR>[Calls]<UL><LI><a href="#[bba580]">&gt;&gt;</a>&nbsp;&nbsp;&nbsp;EControl::RedrawControl()
<LI><a href="#[1050898]">&gt;&gt;</a>&nbsp;&nbsp;&nbsp;__aeabi_uidivmod
</UL>
<BR>[Address Reference Count : 1]<UL><LI> econtrol.o(.text)
</UL>
<P><STRONG><a name="[bbc938]"></a>EG_RedrawFunc_DefaultEPopupMenu(EControl*)</STRONG> (ARM, 236 bytes, Stack size 32 bytes, econtrol.o(.text), UNUSED)
<BR><BR>[Calls]<UL><LI><a href="#[bb9f98]">&gt;&gt;</a>&nbsp;&nbsp;&nbsp;EG_Graphic_DrawWhiteFilledRectangle(unsigned, unsigned, unsigned, unsigned)
<LI><a href="#[bb9fe0]">&gt;&gt;</a>&nbsp;&nbsp;&nbsp;EG_Graphic_DrawFilledRectangle(unsigned, unsigned, unsigned, unsigned)
<LI><a href="#[bba028]">&gt;&gt;</a>&nbsp;&nbsp;&nbsp;EG_Graphic_DrawEmptyRectangle(unsigned, unsigned, unsigned, unsigned)
<LI><a href="#[bba148]">&gt;&gt;</a>&nbsp;&nbsp;&nbsp;EG_Graphic_DrawNotString(unsigned, unsigned, char*)
<LI><a href="#[bba190]">&gt;&gt;</a>&nbsp;&nbsp;&nbsp;EG_Graphic_DrawString(unsigned, unsigned, char*)
</UL>

<P><STRONG><a name="[bbc8f0]"></a>ETree::ETreeItem::OpenAllSubItem()</STRONG> (ARM, 68 bytes, Stack size 16 bytes, econtrol.o(.text), UNUSED)
<BR><BR>[Calls]<UL><LI><a href="#[bba610]">&gt;&gt;</a>&nbsp;&nbsp;&nbsp;ETree::ETreeSubItem::OpenSubItem()
</UL>
<BR>[Called By]<UL><LI><a href="#[bba610]">&gt;&gt;</a>&nbsp;&nbsp;&nbsp;ETree::ETreeSubItem::OpenSubItem()
</UL>

<P><STRONG><a name="[bbc8a8]"></a>ETree::ETreeItem::CloseAllSubItem()</STRONG> (ARM, 68 bytes, Stack size 16 bytes, econtrol.o(.text), UNUSED)
<BR><BR>[Calls]<UL><LI><a href="#[bba5c8]">&gt;&gt;</a>&nbsp;&nbsp;&nbsp;ETree::ETreeSubItem::CloseSubItem()
</UL>
<BR>[Called By]<UL><LI><a href="#[bba5c8]">&gt;&gt;</a>&nbsp;&nbsp;&nbsp;ETree::ETreeSubItem::CloseSubItem()
</UL>

<P><STRONG><a name="[bbc860]"></a>ETree::ETreeSubItem::GetOpenSubItem(unsigned&)</STRONG> (ARM, 104 bytes, Stack size 16 bytes, econtrol.o(.text), UNUSED)
<BR><BR>[Calls]<UL><LI><a href="#[bbc818]">&gt;&gt;</a>&nbsp;&nbsp;&nbsp;ETree::ETreeItem::GetOpenSubItem(unsigned&)
</UL>
<BR>[Called By]<UL><LI><a href="#[bbc818]">&gt;&gt;</a>&nbsp;&nbsp;&nbsp;ETree::ETreeItem::GetOpenSubItem(unsigned&)
</UL>

<P><STRONG><a name="[bbc818]"></a>ETree::ETreeItem::GetOpenSubItem(unsigned&)</STRONG> (ARM, 108 bytes, Stack size 24 bytes, econtrol.o(.text), UNUSED)
<BR><BR>[Calls]<UL><LI><a href="#[bbc860]">&gt;&gt;</a>&nbsp;&nbsp;&nbsp;ETree::ETreeSubItem::GetOpenSubItem(unsigned&)
</UL>
<BR>[Called By]<UL><LI><a href="#[bbc6b0]">&gt;&gt;</a>&nbsp;&nbsp;&nbsp;EG_RedrawFunc_DefaultETree(EControl*)
<LI><a href="#[bbc7d0]">&gt;&gt;</a>&nbsp;&nbsp;&nbsp;EG_CallbackFunc_DefaultETree(EControl*, EEvent*)
<LI><a href="#[bbc860]">&gt;&gt;</a>&nbsp;&nbsp;&nbsp;ETree::ETreeSubItem::GetOpenSubItem(unsigned&)
</UL>

<P><STRONG><a name="[bbc7d0]"></a>EG_CallbackFunc_DefaultETree(EControl*, EEvent*)</STRONG> (ARM, 200 bytes, Stack size 24 bytes, econtrol.o(.text), UNUSED)
<BR><BR>[Calls]<UL><LI><a href="#[bba580]">&gt;&gt;</a>&nbsp;&nbsp;&nbsp;EControl::RedrawControl()
<LI><a href="#[bba5c8]">&gt;&gt;</a>&nbsp;&nbsp;&nbsp;ETree::ETreeSubItem::CloseSubItem()
<LI><a href="#[bba610]">&gt;&gt;</a>&nbsp;&nbsp;&nbsp;ETree::ETreeSubItem::OpenSubItem()
<LI><a href="#[bbc818]">&gt;&gt;</a>&nbsp;&nbsp;&nbsp;ETree::ETreeItem::GetOpenSubItem(unsigned&)
<LI><a href="#[1050898]">&gt;&gt;</a>&nbsp;&nbsp;&nbsp;__aeabi_uidivmod
</UL>

<P><STRONG><a name="[bbc788]"></a>ETree::DrawExtendIcon(const EPosition&, bool)</STRONG> (ARM, 96 bytes, Stack size 16 bytes, econtrol.o(.text), UNUSED)
<BR><BR>[Calls]<UL><LI><a href="#[bba028]">&gt;&gt;</a>&nbsp;&nbsp;&nbsp;EG_Graphic_DrawEmptyRectangle(unsigned, unsigned, unsigned, unsigned)
<LI><a href="#[bba070]">&gt;&gt;</a>&nbsp;&nbsp;&nbsp;EG_Graphic_DrawVerticalLine(unsigned, unsigned, unsigned)
<LI><a href="#[bba0b8]">&gt;&gt;</a>&nbsp;&nbsp;&nbsp;EG_Graphic_DrawHorizonLine(unsigned, unsigned, unsigned)
</UL>
<BR>[Called By]<UL><LI><a href="#[bbc6b0]">&gt;&gt;</a>&nbsp;&nbsp;&nbsp;EG_RedrawFunc_DefaultETree(EControl*)
</UL>

<P><STRONG><a name="[bbc740]"></a>ETree::ETreeSubItem::GetOpenSubItemCount()</STRONG> (ARM, 44 bytes, Stack size 8 bytes, econtrol.o(.text), UNUSED)
<BR><BR>[Calls]<UL><LI><a href="#[bbc6f8]">&gt;&gt;</a>&nbsp;&nbsp;&nbsp;ETree::ETreeItem::GetOpenSubItemCount()
</UL>
<BR>[Called By]<UL><LI><a href="#[bbc6f8]">&gt;&gt;</a>&nbsp;&nbsp;&nbsp;ETree::ETreeItem::GetOpenSubItemCount()
</UL>

<P><STRONG><a name="[bbc6f8]"></a>ETree::ETreeItem::GetOpenSubItemCount()</STRONG> (ARM, 88 bytes, Stack size 16 bytes, econtrol.o(.text), UNUSED)
<BR><BR>[Calls]<UL><LI><a href="#[bbc740]">&gt;&gt;</a>&nbsp;&nbsp;&nbsp;ETree::ETreeSubItem::GetOpenSubItemCount()
</UL>
<BR>[Called By]<UL><LI><a href="#[bbc6b0]">&gt;&gt;</a>&nbsp;&nbsp;&nbsp;EG_RedrawFunc_DefaultETree(EControl*)
<LI><a href="#[bbc740]">&gt;&gt;</a>&nbsp;&nbsp;&nbsp;ETree::ETreeSubItem::GetOpenSubItemCount()
</UL>

<P><STRONG><a name="[bbc6b0]"></a>EG_RedrawFunc_DefaultETree(EControl*)</STRONG> (ARM, 612 bytes, Stack size 40 bytes, econtrol.o(.text), UNUSED)
<BR><BR>[Calls]<UL><LI><a href="#[bb9f98]">&gt;&gt;</a>&nbsp;&nbsp;&nbsp;EG_Graphic_DrawWhiteFilledRectangle(unsigned, unsigned, unsigned, unsigned)
<LI><a href="#[bba028]">&gt;&gt;</a>&nbsp;&nbsp;&nbsp;EG_Graphic_DrawEmptyRectangle(unsigned, unsigned, unsigned, unsigned)
<LI><a href="#[bba070]">&gt;&gt;</a>&nbsp;&nbsp;&nbsp;EG_Graphic_DrawVerticalLine(unsigned, unsigned, unsigned)
<LI><a href="#[bba0b8]">&gt;&gt;</a>&nbsp;&nbsp;&nbsp;EG_Graphic_DrawHorizonLine(unsigned, unsigned, unsigned)
<LI><a href="#[bba190]">&gt;&gt;</a>&nbsp;&nbsp;&nbsp;EG_Graphic_DrawString(unsigned, unsigned, char*)
<LI><a href="#[bbc6f8]">&gt;&gt;</a>&nbsp;&nbsp;&nbsp;ETree::ETreeItem::GetOpenSubItemCount()
<LI><a href="#[bbc788]">&gt;&gt;</a>&nbsp;&nbsp;&nbsp;ETree::DrawExtendIcon(const EPosition&, bool)
<LI><a href="#[bbc818]">&gt;&gt;</a>&nbsp;&nbsp;&nbsp;ETree::ETreeItem::GetOpenSubItem(unsigned&)
<LI><a href="#[bbfc98]">&gt;&gt;</a>&nbsp;&nbsp;&nbsp;EPosition::EPosition(unsigned, unsigned)
</UL>

<P><STRONG><a name="[bbc668]"></a>EControl::NoticeControl(EEvent*)</STRONG> (ARM, 72 bytes, Stack size 16 bytes, econtrol.o(.text))
<BR><BR>[Stack]<UL><LI>Max Depth = 24<LI>Call Chain = EControl::NoticeControl(EEvent*) &rArr; EControl::RedrawControl()
</UL>
<BR>[Calls]<UL><LI><a href="#[bba580]">&gt;&gt;</a>&nbsp;&nbsp;&nbsp;EControl::RedrawControl()
</UL>
<BR>[Called By]<UL><LI><a href="#[bb3bc8]">&gt;&gt;</a>&nbsp;&nbsp;&nbsp;ESimpleWindow::DispatchEvent(EEvent*)
<LI><a href="#[bbc5d8]">&gt;&gt;</a>&nbsp;&nbsp;&nbsp;EG_CallbackFunc_DefaultEToolBar(EControl*, EEvent*)
<LI><a href="#[1052b98]">&gt;&gt;</a>&nbsp;&nbsp;&nbsp;EDesktop::DispatchEvent(EEvent*)
<LI><a href="#[10532a0]">&gt;&gt;</a>&nbsp;&nbsp;&nbsp;EWindow::DispatchEvent(EEvent*)
</UL>

<P><STRONG><a name="[bbc620]"></a>EControl::InControlArea(EPosition)</STRONG> (ARM, 92 bytes, Stack size 12 bytes, econtrol.o(.text))
<BR><BR>[Stack]<UL><LI>Max Depth = 12<LI>Call Chain = EControl::InControlArea(EPosition)
</UL>
<BR>[Called By]<UL><LI><a href="#[bb3c10]">&gt;&gt;</a>&nbsp;&nbsp;&nbsp;ESimpleWindow::SelectControl(EPosition)
<LI><a href="#[bb3c58]">&gt;&gt;</a>&nbsp;&nbsp;&nbsp;ESimpleWindow::RedrawControl(const EPosition&)
<LI><a href="#[bbc5d8]">&gt;&gt;</a>&nbsp;&nbsp;&nbsp;EG_CallbackFunc_DefaultEToolBar(EControl*, EEvent*)
<LI><a href="#[1052b98]">&gt;&gt;</a>&nbsp;&nbsp;&nbsp;EDesktop::DispatchEvent(EEvent*)
<LI><a href="#[10532a0]">&gt;&gt;</a>&nbsp;&nbsp;&nbsp;EWindow::DispatchEvent(EEvent*)
</UL>

<P><STRONG><a name="[bbc5d8]"></a>EG_CallbackFunc_DefaultEToolBar(EControl*, EEvent*)</STRONG> (ARM, 132 bytes, Stack size 24 bytes, econtrol.o(.text))
<BR><BR>[Stack]<UL><LI>Max Depth = 48<LI>Call Chain = EG_CallbackFunc_DefaultEToolBar(EControl*, EEvent*) &rArr; EControl::NoticeControl(EEvent*) &rArr; EControl::RedrawControl()
</UL>
<BR>[Calls]<UL><LI><a href="#[bba580]">&gt;&gt;</a>&nbsp;&nbsp;&nbsp;EControl::RedrawControl()
<LI><a href="#[bbc620]">&gt;&gt;</a>&nbsp;&nbsp;&nbsp;EControl::InControlArea(EPosition)
<LI><a href="#[bbc668]">&gt;&gt;</a>&nbsp;&nbsp;&nbsp;EControl::NoticeControl(EEvent*)
</UL>
<BR>[Address Reference Count : 1]<UL><LI> econtrol.o(.text)
</UL>
<P><STRONG><a name="[bbc590]"></a>EToolBar::AdjustControlPosition()</STRONG> (ARM, 96 bytes, Stack size 0 bytes, econtrol.o(.text))
<BR><BR>[Called By]<UL><LI><a href="#[bbc548]">&gt;&gt;</a>&nbsp;&nbsp;&nbsp;EG_RedrawFunc_DefaultEToolBar(EControl*)
<LI><a href="#[10534e0]">&gt;&gt;</a>&nbsp;&nbsp;&nbsp;EWindow::AdjustBarPosition()
</UL>

<P><STRONG><a name="[bbc548]"></a>EG_RedrawFunc_DefaultEToolBar(EControl*)</STRONG> (ARM, 104 bytes, Stack size 16 bytes, econtrol.o(.text))
<BR><BR>[Stack]<UL><LI>Max Depth = 72<LI>Call Chain = EG_RedrawFunc_DefaultEToolBar(EControl*) &rArr; EG_Graphic_DrawEmptyRectangle(unsigned, unsigned, unsigned, unsigned) &rArr; EG_Graphic_DrawVerticalLine(unsigned, unsigned, unsigned) &rArr; EG_LCDSetPixel(unsigned, unsigned)
</UL>
<BR>[Calls]<UL><LI><a href="#[bba028]">&gt;&gt;</a>&nbsp;&nbsp;&nbsp;EG_Graphic_DrawEmptyRectangle(unsigned, unsigned, unsigned, unsigned)
<LI><a href="#[bba580]">&gt;&gt;</a>&nbsp;&nbsp;&nbsp;EControl::RedrawControl()
<LI><a href="#[bbc590]">&gt;&gt;</a>&nbsp;&nbsp;&nbsp;EToolBar::AdjustControlPosition()
</UL>
<BR>[Address Reference Count : 1]<UL><LI> econtrol.o(.text)
</UL>
<P><STRONG><a name="[bbc500]"></a>EG_RedrawFunc_DefaultEStatusBar(EControl*)</STRONG> (ARM, 164 bytes, Stack size 16 bytes, econtrol.o(.text), UNUSED)
<BR><BR>[Calls]<UL><LI><a href="#[bba028]">&gt;&gt;</a>&nbsp;&nbsp;&nbsp;EG_Graphic_DrawEmptyRectangle(unsigned, unsigned, unsigned, unsigned)
<LI><a href="#[bba190]">&gt;&gt;</a>&nbsp;&nbsp;&nbsp;EG_Graphic_DrawString(unsigned, unsigned, char*)
</UL>

<P><STRONG><a name="[bbc4b8]"></a>EBarChart::CheckSelectItem(unsigned, unsigned)</STRONG> (ARM, 256 bytes, Stack size 20 bytes, econtrol.o(.text), UNUSED)
<BR><BR>[Called By]<UL><LI><a href="#[bbc470]">&gt;&gt;</a>&nbsp;&nbsp;&nbsp;EG_CallbackFunc_DefaultEBarChart(EControl*, EEvent*)
</UL>

<P><STRONG><a name="[bbc470]"></a>EG_CallbackFunc_DefaultEBarChart(EControl*, EEvent*)</STRONG> (ARM, 120 bytes, Stack size 32 bytes, econtrol.o(.text), UNUSED)
<BR><BR>[Calls]<UL><LI><a href="#[bba580]">&gt;&gt;</a>&nbsp;&nbsp;&nbsp;EControl::RedrawControl()
<LI><a href="#[bbc4b8]">&gt;&gt;</a>&nbsp;&nbsp;&nbsp;EBarChart::CheckSelectItem(unsigned, unsigned)
</UL>

<P><STRONG><a name="[bbc428]"></a>EG_RedrawFunc_DefaultEBarChart(EControl*)</STRONG> (ARM, 976 bytes, Stack size 40 bytes, econtrol.o(.text), UNUSED)
<BR><BR>[Calls]<UL><LI><a href="#[bb9fe0]">&gt;&gt;</a>&nbsp;&nbsp;&nbsp;EG_Graphic_DrawFilledRectangle(unsigned, unsigned, unsigned, unsigned)
<LI><a href="#[bba028]">&gt;&gt;</a>&nbsp;&nbsp;&nbsp;EG_Graphic_DrawEmptyRectangle(unsigned, unsigned, unsigned, unsigned)
<LI><a href="#[bba070]">&gt;&gt;</a>&nbsp;&nbsp;&nbsp;EG_Graphic_DrawVerticalLine(unsigned, unsigned, unsigned)
<LI><a href="#[bba0b8]">&gt;&gt;</a>&nbsp;&nbsp;&nbsp;EG_Graphic_DrawHorizonLine(unsigned, unsigned, unsigned)
<LI><a href="#[bba190]">&gt;&gt;</a>&nbsp;&nbsp;&nbsp;EG_Graphic_DrawString(unsigned, unsigned, char*)
<LI><a href="#[bba1d8]">&gt;&gt;</a>&nbsp;&nbsp;&nbsp;EG_Graphic_DrawNumber(unsigned, unsigned, int)
<LI><a href="#[bba268]">&gt;&gt;</a>&nbsp;&nbsp;&nbsp;EG_Graphic_DrawLine(unsigned, unsigned, unsigned, unsigned, unsigned char)
<LI><a href="#[bba2b0]">&gt;&gt;</a>&nbsp;&nbsp;&nbsp;EG_Graphic_DrawChar(unsigned, unsigned, char)
</UL>

<P><STRONG><a name="[bbc3e0]"></a>EG_RedrawFunc_DefaultEClock(EControl*)</STRONG> (ARM, 252 bytes, Stack size 24 bytes, econtrol.o(.text), UNUSED)
<BR><BR>[Calls]<UL><LI><a href="#[bba1d8]">&gt;&gt;</a>&nbsp;&nbsp;&nbsp;EG_Graphic_DrawNumber(unsigned, unsigned, int)
<LI><a href="#[bba2b0]">&gt;&gt;</a>&nbsp;&nbsp;&nbsp;EG_Graphic_DrawChar(unsigned, unsigned, char)
</UL>

<P><STRONG><a name="[bbf8f0]"></a>ELabel::ELabel(EPosition, char*, unsigned)</STRONG> (ARM, 116 bytes, Stack size 56 bytes, econtrol.o(.text))
<BR><BR>[Stack]<UL><LI>Max Depth = 72<LI>Call Chain = ELabel::ELabel(EPosition, char*, unsigned) &rArr; EControl::EControl(void(*)(EControl*, EEvent*), void(*)(EControl*), ESize, EPosition)
</UL>
<BR>[Calls]<UL><LI><a href="#[bba460]">&gt;&gt;</a>&nbsp;&nbsp;&nbsp;EControl::EControl(void(*)(EControl*, EEvent*), void(*)(EControl*), ESize, EPosition)
<LI><a href="#[bba6a0]">&gt;&gt;</a>&nbsp;&nbsp;&nbsp;ESize::ESize(unsigned, unsigned)
</UL>
<BR>[Called By]<UL><LI><a href="#[bc0c10]">&gt;&gt;</a>&nbsp;&nbsp;&nbsp;__sti___8_main_cpp
</UL>

<P><STRONG><a name="[bbc398]"></a>ELabel::ELabel__sub_object(EPosition, char*, unsigned)</STRONG> (ARM, 0 bytes, Stack size 56 bytes, econtrol.o(.text), UNUSED)

<P><STRONG><a name="[bbc350]"></a>ELabel::ELabel(void(*)(EControl*, EEvent*), void(*)(EControl*), EPosition, char*, unsigned)</STRONG> (ARM, 132 bytes, Stack size 64 bytes, econtrol.o(.text), UNUSED)
<BR><BR>[Calls]<UL><LI><a href="#[bba460]">&gt;&gt;</a>&nbsp;&nbsp;&nbsp;EControl::EControl(void(*)(EControl*, EEvent*), void(*)(EControl*), ESize, EPosition)
<LI><a href="#[bba6a0]">&gt;&gt;</a>&nbsp;&nbsp;&nbsp;ESize::ESize(unsigned, unsigned)
</UL>
<BR>[Called By]<UL><LI><a href="#[bbbe88]">&gt;&gt;</a>&nbsp;&nbsp;&nbsp;EExtLabel::EExtLabel(void(*)(EControl*, EEvent*), EPosition, char*, unsigned)
<LI><a href="#[bbbf18]">&gt;&gt;</a>&nbsp;&nbsp;&nbsp;EExtLabel::EExtLabel(EPosition, char*, unsigned)
<LI><a href="#[bbbfa8]">&gt;&gt;</a>&nbsp;&nbsp;&nbsp;EExtLabel::EExtLabel()
</UL>

<P><STRONG><a name="[bbc308]"></a>ELabel::ELabel__sub_object(void(*)(EControl*, EEvent*), void(*)(EControl*), EPosition, char*, unsigned)</STRONG> (ARM, 0 bytes, Stack size 64 bytes, econtrol.o(.text), UNUSED)

<P><STRONG><a name="[bbf8a8]"></a>EButton::EButton(void(*)(EControl*, EEvent*), EPosition, char*, unsigned)</STRONG> (ARM, 124 bytes, Stack size 64 bytes, econtrol.o(.text))
<BR><BR>[Stack]<UL><LI>Max Depth = 80<LI>Call Chain = EButton::EButton(void(*)(EControl*, EEvent*), EPosition, char*, unsigned) &rArr; EControl::EControl(void(*)(EControl*, EEvent*), void(*)(EControl*), ESize, EPosition)
</UL>
<BR>[Calls]<UL><LI><a href="#[bba460]">&gt;&gt;</a>&nbsp;&nbsp;&nbsp;EControl::EControl(void(*)(EControl*, EEvent*), void(*)(EControl*), ESize, EPosition)
<LI><a href="#[bba6a0]">&gt;&gt;</a>&nbsp;&nbsp;&nbsp;ESize::ESize(unsigned, unsigned)
</UL>
<BR>[Called By]<UL><LI><a href="#[bc0c10]">&gt;&gt;</a>&nbsp;&nbsp;&nbsp;__sti___8_main_cpp
</UL>

<P><STRONG><a name="[bbc2c0]"></a>EButton::EButton__sub_object(void(*)(EControl*, EEvent*), EPosition, char*, unsigned)</STRONG> (ARM, 0 bytes, Stack size 64 bytes, econtrol.o(.text), UNUSED)

<P><STRONG><a name="[bbfb78]"></a>ECheckButton::ECheckButton(bool, EPosition, char*, unsigned)</STRONG> (ARM, 128 bytes, Stack size 64 bytes, econtrol.o(.text))
<BR><BR>[Stack]<UL><LI>Max Depth = 80<LI>Call Chain = ECheckButton::ECheckButton(bool, EPosition, char*, unsigned) &rArr; EControl::EControl(void(*)(EControl*, EEvent*), void(*)(EControl*), ESize, EPosition)
</UL>
<BR>[Calls]<UL><LI><a href="#[bba460]">&gt;&gt;</a>&nbsp;&nbsp;&nbsp;EControl::EControl(void(*)(EControl*, EEvent*), void(*)(EControl*), ESize, EPosition)
<LI><a href="#[bba6a0]">&gt;&gt;</a>&nbsp;&nbsp;&nbsp;ESize::ESize(unsigned, unsigned)
</UL>
<BR>[Called By]<UL><LI><a href="#[bc0c10]">&gt;&gt;</a>&nbsp;&nbsp;&nbsp;__sti___8_main_cpp
</UL>

<P><STRONG><a name="[bbc278]"></a>ECheckButton::ECheckButton__sub_object(bool, EPosition, char*, unsigned)</STRONG> (ARM, 0 bytes, Stack size 64 bytes, econtrol.o(.text), UNUSED)

<P><STRONG><a name="[bbc230]"></a>ECheckButton::ECheckButton(void(*)(EControl*, EEvent*), bool, EPosition, char*, unsigned)</STRONG> (ARM, 140 bytes, Stack size 64 bytes, econtrol.o(.text), UNUSED)
<BR><BR>[Calls]<UL><LI><a href="#[bba460]">&gt;&gt;</a>&nbsp;&nbsp;&nbsp;EControl::EControl(void(*)(EControl*, EEvent*), void(*)(EControl*), ESize, EPosition)
<LI><a href="#[bba6a0]">&gt;&gt;</a>&nbsp;&nbsp;&nbsp;ESize::ESize(unsigned, unsigned)
</UL>

<P><STRONG><a name="[bbc1e8]"></a>ECheckButton::ECheckButton__sub_object(void(*)(EControl*, EEvent*), bool, EPosition, char*, unsigned)</STRONG> (ARM, 0 bytes, Stack size 64 bytes, econtrol.o(.text), UNUSED)

<P><STRONG><a name="[bbf938]"></a>EEdit::EEdit(bool, EPosition, unsigned)</STRONG> (ARM, 152 bytes, Stack size 56 bytes, econtrol.o(.text))
<BR><BR>[Stack]<UL><LI>Max Depth = 72<LI>Call Chain = EEdit::EEdit(bool, EPosition, unsigned) &rArr; EControl::EControl(void(*)(EControl*, EEvent*), void(*)(EControl*), ESize, EPosition)
</UL>
<BR>[Calls]<UL><LI><a href="#[bba460]">&gt;&gt;</a>&nbsp;&nbsp;&nbsp;EControl::EControl(void(*)(EControl*, EEvent*), void(*)(EControl*), ESize, EPosition)
<LI><a href="#[bba6a0]">&gt;&gt;</a>&nbsp;&nbsp;&nbsp;ESize::ESize(unsigned, unsigned)
</UL>
<BR>[Called By]<UL><LI><a href="#[bc0c10]">&gt;&gt;</a>&nbsp;&nbsp;&nbsp;__sti___8_main_cpp
</UL>

<P><STRONG><a name="[bbc1a0]"></a>EEdit::EEdit__sub_object(bool, EPosition, unsigned)</STRONG> (ARM, 0 bytes, Stack size 56 bytes, econtrol.o(.text), UNUSED)

<P><STRONG><a name="[bbc158]"></a>EEdit::SetString(char*)</STRONG> (ARM, 100 bytes, Stack size 16 bytes, econtrol.o(.text), UNUSED)
<BR><BR>[Calls]<UL><LI><a href="#[bba580]">&gt;&gt;</a>&nbsp;&nbsp;&nbsp;EControl::RedrawControl()
</UL>
<BR>[Called By]<UL><LI><a href="#[bbc080]">&gt;&gt;</a>&nbsp;&nbsp;&nbsp;EEdit::EEdit(void(*)(EControl*, EEvent*), char*, bool, EPosition, unsigned)
<LI><a href="#[bbc110]">&gt;&gt;</a>&nbsp;&nbsp;&nbsp;EEdit::EEdit(char*, bool, EPosition, unsigned)
</UL>

<P><STRONG><a name="[bbc110]"></a>EEdit::EEdit(char*, bool, EPosition, unsigned)</STRONG> (ARM, 176 bytes, Stack size 64 bytes, econtrol.o(.text), UNUSED)
<BR><BR>[Calls]<UL><LI><a href="#[bba460]">&gt;&gt;</a>&nbsp;&nbsp;&nbsp;EControl::EControl(void(*)(EControl*, EEvent*), void(*)(EControl*), ESize, EPosition)
<LI><a href="#[bba6a0]">&gt;&gt;</a>&nbsp;&nbsp;&nbsp;ESize::ESize(unsigned, unsigned)
<LI><a href="#[bbc158]">&gt;&gt;</a>&nbsp;&nbsp;&nbsp;EEdit::SetString(char*)
</UL>

<P><STRONG><a name="[bbc0c8]"></a>EEdit::EEdit__sub_object(char*, bool, EPosition, unsigned)</STRONG> (ARM, 0 bytes, Stack size 64 bytes, econtrol.o(.text), UNUSED)

<P><STRONG><a name="[bbc080]"></a>EEdit::EEdit(void(*)(EControl*, EEvent*), char*, bool, EPosition, unsigned)</STRONG> (ARM, 172 bytes, Stack size 48 bytes, econtrol.o(.text), UNUSED)
<BR><BR>[Calls]<UL><LI><a href="#[bba460]">&gt;&gt;</a>&nbsp;&nbsp;&nbsp;EControl::EControl(void(*)(EControl*, EEvent*), void(*)(EControl*), ESize, EPosition)
<LI><a href="#[bba6a0]">&gt;&gt;</a>&nbsp;&nbsp;&nbsp;ESize::ESize(unsigned, unsigned)
<LI><a href="#[bbc158]">&gt;&gt;</a>&nbsp;&nbsp;&nbsp;EEdit::SetString(char*)
</UL>

<P><STRONG><a name="[bbc038]"></a>EEdit::EEdit__sub_object(void(*)(EControl*, EEvent*), char*, bool, EPosition, unsigned)</STRONG> (ARM, 0 bytes, Stack size 48 bytes, econtrol.o(.text), UNUSED)

<P><STRONG><a name="[bbbff0]"></a>EEdit::SetString(char*, int)</STRONG> (ARM, 100 bytes, Stack size 24 bytes, econtrol.o(.text), UNUSED)
<BR><BR>[Calls]<UL><LI><a href="#[bba580]">&gt;&gt;</a>&nbsp;&nbsp;&nbsp;EControl::RedrawControl()
</UL>

<P><STRONG><a name="[bbbfa8]"></a>EExtLabel::EExtLabel()</STRONG> (ARM, 100 bytes, Stack size 32 bytes, econtrol.o(.text), UNUSED)
<BR><BR>[Calls]<UL><LI><a href="#[bbc350]">&gt;&gt;</a>&nbsp;&nbsp;&nbsp;ELabel::ELabel(void(*)(EControl*, EEvent*), void(*)(EControl*), EPosition, char*, unsigned)
<LI><a href="#[bbfc98]">&gt;&gt;</a>&nbsp;&nbsp;&nbsp;EPosition::EPosition(unsigned, unsigned)
</UL>

<P><STRONG><a name="[bbbf60]"></a>EExtLabel::EExtLabel__sub_object()</STRONG> (ARM, 0 bytes, Stack size 32 bytes, econtrol.o(.text), UNUSED)

<P><STRONG><a name="[bbbf18]"></a>EExtLabel::EExtLabel(EPosition, char*, unsigned)</STRONG> (ARM, 80 bytes, Stack size 48 bytes, econtrol.o(.text), UNUSED)
<BR><BR>[Calls]<UL><LI><a href="#[bbc350]">&gt;&gt;</a>&nbsp;&nbsp;&nbsp;ELabel::ELabel(void(*)(EControl*, EEvent*), void(*)(EControl*), EPosition, char*, unsigned)
</UL>

<P><STRONG><a name="[bbbed0]"></a>EExtLabel::EExtLabel__sub_object(EPosition, char*, unsigned)</STRONG> (ARM, 0 bytes, Stack size 48 bytes, econtrol.o(.text), UNUSED)

<P><STRONG><a name="[bbbe88]"></a>EExtLabel::EExtLabel(void(*)(EControl*, EEvent*), EPosition, char*, unsigned)</STRONG> (ARM, 84 bytes, Stack size 48 bytes, econtrol.o(.text), UNUSED)
<BR><BR>[Calls]<UL><LI><a href="#[bbc350]">&gt;&gt;</a>&nbsp;&nbsp;&nbsp;ELabel::ELabel(void(*)(EControl*, EEvent*), void(*)(EControl*), EPosition, char*, unsigned)
</UL>

<P><STRONG><a name="[bbbe40]"></a>EExtLabel::EExtLabel__sub_object(void(*)(EControl*, EEvent*), EPosition, char*, unsigned)</STRONG> (ARM, 0 bytes, Stack size 48 bytes, econtrol.o(.text), UNUSED)

<P><STRONG><a name="[bbbdf8]"></a>EComboBox::EComboBox()</STRONG> (ARM, 132 bytes, Stack size 8 bytes, econtrol.o(.text), UNUSED)
<BR><BR>[Calls]<UL><LI><a href="#[bba4f0]">&gt;&gt;</a>&nbsp;&nbsp;&nbsp;EControl::EControl(void(*)(EControl*, EEvent*), void(*)(EControl*))
</UL>

<P><STRONG><a name="[bbbdb0]"></a>EComboBox::EComboBox__sub_object()</STRONG> (ARM, 0 bytes, Stack size 8 bytes, econtrol.o(.text), UNUSED)

<P><STRONG><a name="[bbbd68]"></a>EComboBox::EComboBox(EPosition, unsigned)</STRONG> (ARM, 188 bytes, Stack size 56 bytes, econtrol.o(.text), UNUSED)
<BR><BR>[Calls]<UL><LI><a href="#[bba460]">&gt;&gt;</a>&nbsp;&nbsp;&nbsp;EControl::EControl(void(*)(EControl*, EEvent*), void(*)(EControl*), ESize, EPosition)
<LI><a href="#[bba6a0]">&gt;&gt;</a>&nbsp;&nbsp;&nbsp;ESize::ESize(unsigned, unsigned)
</UL>

<P><STRONG><a name="[bbbd20]"></a>EComboBox::EComboBox__sub_object(EPosition, unsigned)</STRONG> (ARM, 0 bytes, Stack size 56 bytes, econtrol.o(.text), UNUSED)

<P><STRONG><a name="[bbbcd8]"></a>EComboBox::SetIemString(unsigned, char*)</STRONG> (ARM, 76 bytes, Stack size 16 bytes, econtrol.o(.text), UNUSED)
<BR><BR>[Calls]<UL><LI><a href="#[bba580]">&gt;&gt;</a>&nbsp;&nbsp;&nbsp;EControl::RedrawControl()
</UL>

<P><STRONG><a name="[bbbc90]"></a>EComboBox::AddItem(char*)</STRONG> (ARM, 88 bytes, Stack size 16 bytes, econtrol.o(.text), UNUSED)
<BR><BR>[Calls]<UL><LI><a href="#[bba580]">&gt;&gt;</a>&nbsp;&nbsp;&nbsp;EControl::RedrawControl()
</UL>

<P><STRONG><a name="[bbbc48]"></a>EComboBox::RemoveItem(unsigned)</STRONG> (ARM, 128 bytes, Stack size 16 bytes, econtrol.o(.text), UNUSED)
<BR><BR>[Calls]<UL><LI><a href="#[bba580]">&gt;&gt;</a>&nbsp;&nbsp;&nbsp;EControl::RedrawControl()
</UL>

<P><STRONG><a name="[bbbc00]"></a>EIcon::SetIconBuffer(unsigned)</STRONG> (ARM, 32 bytes, Stack size 0 bytes, econtrol.o(.text), UNUSED)
<BR><BR>[Called By]<UL><LI><a href="#[bbbbb8]">&gt;&gt;</a>&nbsp;&nbsp;&nbsp;EIcon::EIcon(void(*)(EControl*, EEvent*), EPosition, unsigned)
</UL>

<P><STRONG><a name="[bbbbb8]"></a>EIcon::EIcon(void(*)(EControl*, EEvent*), EPosition, unsigned)</STRONG> (ARM, 156 bytes, Stack size 56 bytes, econtrol.o(.text), UNUSED)
<BR><BR>[Calls]<UL><LI><a href="#[bba460]">&gt;&gt;</a>&nbsp;&nbsp;&nbsp;EControl::EControl(void(*)(EControl*, EEvent*), void(*)(EControl*), ESize, EPosition)
<LI><a href="#[bba6a0]">&gt;&gt;</a>&nbsp;&nbsp;&nbsp;ESize::ESize(unsigned, unsigned)
<LI><a href="#[bbbc00]">&gt;&gt;</a>&nbsp;&nbsp;&nbsp;EIcon::SetIconBuffer(unsigned)
</UL>
<BR>[Called By]<UL><LI><a href="#[bbba08]">&gt;&gt;</a>&nbsp;&nbsp;&nbsp;EIconButton::EIconButton(void(*)(EControl*, EEvent*), EPosition, ESize, unsigned, char*, bool)
</UL>

<P><STRONG><a name="[bbbb70]"></a>EIcon::EIcon__sub_object(void(*)(EControl*, EEvent*), EPosition, unsigned)</STRONG> (ARM, 0 bytes, Stack size 56 bytes, econtrol.o(.text), UNUSED)

<P><STRONG><a name="[bbbae0]"></a>EIconButton::EIconButton(void(*)(EControl*, EEvent*), EPosition, ESize, ESize, unsigned char*, char*, bool)</STRONG> (ARM, 200 bytes, Stack size 72 bytes, econtrol.o(.text), UNUSED)
<BR><BR>[Calls]<UL><LI><a href="#[bba460]">&gt;&gt;</a>&nbsp;&nbsp;&nbsp;EControl::EControl(void(*)(EControl*, EEvent*), void(*)(EControl*), ESize, EPosition)
<LI><a href="#[bba538]">&gt;&gt;</a>&nbsp;&nbsp;&nbsp;EControl::SetRedrawFunction(void(*)(EControl*))
</UL>

<P><STRONG><a name="[bbba50]"></a>EIconButton::EIconButton__sub_object(void(*)(EControl*, EEvent*), EPosition, ESize, ESize, unsigned char*, char*, bool)</STRONG> (ARM, 0 bytes, Stack size 72 bytes, econtrol.o(.text), UNUSED)

<P><STRONG><a name="[bbba08]"></a>EIconButton::EIconButton(void(*)(EControl*, EEvent*), EPosition, ESize, unsigned, char*, bool)</STRONG> (ARM, 124 bytes, Stack size 48 bytes, econtrol.o(.text), UNUSED)
<BR><BR>[Calls]<UL><LI><a href="#[bba538]">&gt;&gt;</a>&nbsp;&nbsp;&nbsp;EControl::SetRedrawFunction(void(*)(EControl*))
<LI><a href="#[bbbbb8]">&gt;&gt;</a>&nbsp;&nbsp;&nbsp;EIcon::EIcon(void(*)(EControl*, EEvent*), EPosition, unsigned)
</UL>

<P><STRONG><a name="[bbb9c0]"></a>EIconButton::EIconButton__sub_object(void(*)(EControl*, EEvent*), EPosition, ESize, unsigned, char*, bool)</STRONG> (ARM, 0 bytes, Stack size 48 bytes, econtrol.o(.text), UNUSED)

<P><STRONG><a name="[bbb978]"></a>EMessageBox::EMessageBox(unsigned char, EPosition, char*, unsigned)</STRONG> (ARM, 128 bytes, Stack size 64 bytes, econtrol.o(.text), UNUSED)
<BR><BR>[Calls]<UL><LI><a href="#[bba460]">&gt;&gt;</a>&nbsp;&nbsp;&nbsp;EControl::EControl(void(*)(EControl*, EEvent*), void(*)(EControl*), ESize, EPosition)
<LI><a href="#[bba6a0]">&gt;&gt;</a>&nbsp;&nbsp;&nbsp;ESize::ESize(unsigned, unsigned)
</UL>

<P><STRONG><a name="[bbb930]"></a>EMessageBox::EMessageBox__sub_object(unsigned char, EPosition, char*, unsigned)</STRONG> (ARM, 0 bytes, Stack size 64 bytes, econtrol.o(.text), UNUSED)

<P><STRONG><a name="[bbb8e8]"></a>EMessageBox::SwitchState()</STRONG> (ARM, 56 bytes, Stack size 8 bytes, econtrol.o(.text), UNUSED)
<BR><BR>[Calls]<UL><LI><a href="#[bba580]">&gt;&gt;</a>&nbsp;&nbsp;&nbsp;EControl::RedrawControl()
</UL>

<P><STRONG><a name="[bbb8a0]"></a>EDialogBox::EDialogBox(unsigned char, EPosition, char*, unsigned)</STRONG> (ARM, 148 bytes, Stack size 64 bytes, econtrol.o(.text), UNUSED)
<BR><BR>[Calls]<UL><LI><a href="#[bba460]">&gt;&gt;</a>&nbsp;&nbsp;&nbsp;EControl::EControl(void(*)(EControl*, EEvent*), void(*)(EControl*), ESize, EPosition)
<LI><a href="#[bba6a0]">&gt;&gt;</a>&nbsp;&nbsp;&nbsp;ESize::ESize(unsigned, unsigned)
</UL>

<P><STRONG><a name="[bbb858]"></a>EDialogBox::EDialogBox__sub_object(unsigned char, EPosition, char*, unsigned)</STRONG> (ARM, 0 bytes, Stack size 64 bytes, econtrol.o(.text), UNUSED)

<P><STRONG><a name="[bbb810]"></a>EScroll::EScroll()</STRONG> (ARM, 56 bytes, Stack size 8 bytes, econtrol.o(.text), UNUSED)
<BR><BR>[Calls]<UL><LI><a href="#[bba4f0]">&gt;&gt;</a>&nbsp;&nbsp;&nbsp;EControl::EControl(void(*)(EControl*, EEvent*), void(*)(EControl*))
</UL>

<P><STRONG><a name="[bbb7c8]"></a>EScroll::EScroll__sub_object()</STRONG> (ARM, 0 bytes, Stack size 8 bytes, econtrol.o(.text), UNUSED)

<P><STRONG><a name="[bbb780]"></a>EScroll::EScroll(EPosition, unsigned, unsigned)</STRONG> (ARM, 112 bytes, Stack size 56 bytes, econtrol.o(.text), UNUSED)
<BR><BR>[Calls]<UL><LI><a href="#[bba460]">&gt;&gt;</a>&nbsp;&nbsp;&nbsp;EControl::EControl(void(*)(EControl*, EEvent*), void(*)(EControl*), ESize, EPosition)
<LI><a href="#[bba6a0]">&gt;&gt;</a>&nbsp;&nbsp;&nbsp;ESize::ESize(unsigned, unsigned)
</UL>

<P><STRONG><a name="[bbb738]"></a>EScroll::EScroll__sub_object(EPosition, unsigned, unsigned)</STRONG> (ARM, 0 bytes, Stack size 56 bytes, econtrol.o(.text), UNUSED)

<P><STRONG><a name="[bbb6f0]"></a>EScroll::SetCurrentPosition(unsigned)</STRONG> (ARM, 60 bytes, Stack size 0 bytes, econtrol.o(.text), UNUSED)

<P><STRONG><a name="[bbb6a8]"></a>EList::AddItem(EList::EListItem*)</STRONG> (ARM, 84 bytes, Stack size 0 bytes, econtrol.o(.text), UNUSED)

<P><STRONG><a name="[bbb660]"></a>EList::RemoveItem(int)</STRONG> (ARM, 112 bytes, Stack size 4 bytes, econtrol.o(.text), UNUSED)

<P><STRONG><a name="[bbb618]"></a>EList::RemoveAllItems()</STRONG> (ARM, 56 bytes, Stack size 0 bytes, econtrol.o(.text), UNUSED)

<P><STRONG><a name="[bbb5d0]"></a>EList::AddColumn(unsigned)</STRONG> (ARM, 172 bytes, Stack size 0 bytes, econtrol.o(.text), UNUSED)

<P><STRONG><a name="[bbb588]"></a>EList::SetColumnWidth(unsigned, unsigned)</STRONG> (ARM, 88 bytes, Stack size 4 bytes, econtrol.o(.text), UNUSED)

<P><STRONG><a name="[bbb540]"></a>EList::SetItem(unsigned, unsigned, char*)</STRONG> (ARM, 112 bytes, Stack size 12 bytes, econtrol.o(.text), UNUSED)

<P><STRONG><a name="[bbb4f8]"></a>EList::SetItem(unsigned, unsigned, char*, void(*)(EControl*, EEvent*))</STRONG> (ARM, 128 bytes, Stack size 16 bytes, econtrol.o(.text), UNUSED)

<P><STRONG><a name="[bbb4b0]"></a>EMenu::EMenu()</STRONG> (ARM, 180 bytes, Stack size 16 bytes, econtrol.o(.text), UNUSED)
<BR><BR>[Calls]<UL><LI><a href="#[bba6a0]">&gt;&gt;</a>&nbsp;&nbsp;&nbsp;ESize::ESize(unsigned, unsigned)
<LI><a href="#[bbfc98]">&gt;&gt;</a>&nbsp;&nbsp;&nbsp;EPosition::EPosition(unsigned, unsigned)
</UL>

<P><STRONG><a name="[bbb468]"></a>EMenu::EMenu__sub_object()</STRONG> (ARM, 0 bytes, Stack size 16 bytes, econtrol.o(.text), UNUSED)

<P><STRONG><a name="[bbb420]"></a>EMenu::EMenu(char*, unsigned, EPosition, bool)</STRONG> (ARM, 204 bytes, Stack size 64 bytes, econtrol.o(.text), UNUSED)
<BR><BR>[Calls]<UL><LI><a href="#[bba460]">&gt;&gt;</a>&nbsp;&nbsp;&nbsp;EControl::EControl(void(*)(EControl*, EEvent*), void(*)(EControl*), ESize, EPosition)
<LI><a href="#[bba6a0]">&gt;&gt;</a>&nbsp;&nbsp;&nbsp;ESize::ESize(unsigned, unsigned)
</UL>

<P><STRONG><a name="[bbb3d8]"></a>EMenu::EMenu__sub_object(char*, unsigned, EPosition, bool)</STRONG> (ARM, 0 bytes, Stack size 64 bytes, econtrol.o(.text), UNUSED)

<P><STRONG><a name="[bbb390]"></a>EMenu::AddItem(EMenu::EMenuItem*)</STRONG> (ARM, 148 bytes, Stack size 4 bytes, econtrol.o(.text), UNUSED)

<P><STRONG><a name="[bbb348]"></a>EMenu::RemovedAllItems()</STRONG> (ARM, 60 bytes, Stack size 0 bytes, econtrol.o(.text), UNUSED)

<P><STRONG><a name="[bbb300]"></a>EMenu::SetMenuItemState(unsigned, unsigned char)</STRONG> (ARM, 36 bytes, Stack size 0 bytes, econtrol.o(.text), UNUSED)

<P><STRONG><a name="[bbb2b8]"></a>EMenu::SetMenuItem(unsigned, char*, unsigned char)</STRONG> (ARM, 168 bytes, Stack size 12 bytes, econtrol.o(.text), UNUSED)

<P><STRONG><a name="[bbb270]"></a>EMenu::SetMenuItem(unsigned, char*, unsigned char, void(*)(EControl*, EEvent*))</STRONG> (ARM, 172 bytes, Stack size 12 bytes, econtrol.o(.text), UNUSED)

<P><STRONG><a name="[bbb228]"></a>EMenu::CollapseMenu()</STRONG> (ARM, 48 bytes, Stack size 0 bytes, econtrol.o(.text), UNUSED)
<BR><BR>[Called By]<UL><LI><a href="#[1052c28]">&gt;&gt;</a>&nbsp;&nbsp;&nbsp;EDesktop::AppendStartMenu(EMenu*)
</UL>

<P><STRONG><a name="[bbb1e0]"></a>EPopupMenu::EPopupMenu()</STRONG> (ARM, 116 bytes, Stack size 8 bytes, econtrol.o(.text), UNUSED)
<BR><BR>[Calls]<UL><LI><a href="#[bba4f0]">&gt;&gt;</a>&nbsp;&nbsp;&nbsp;EControl::EControl(void(*)(EControl*, EEvent*), void(*)(EControl*))
<LI><a href="#[bba6a0]">&gt;&gt;</a>&nbsp;&nbsp;&nbsp;ESize::ESize(unsigned, unsigned)
</UL>

<P><STRONG><a name="[bbb198]"></a>EPopupMenu::EPopupMenu__sub_object()</STRONG> (ARM, 0 bytes, Stack size 8 bytes, econtrol.o(.text), UNUSED)

<P><STRONG><a name="[bbb150]"></a>EPopupMenu::AddItem(EPopupMenu::EPopupMenuItem*)</STRONG> (ARM, 132 bytes, Stack size 0 bytes, econtrol.o(.text), UNUSED)

<P><STRONG><a name="[bbb108]"></a>EPopupMenu::RemovedAllItems()</STRONG> (ARM, 52 bytes, Stack size 0 bytes, econtrol.o(.text), UNUSED)

<P><STRONG><a name="[bbb0c0]"></a>EPopupMenu::SetPopupMenuItemState(unsigned, unsigned char)</STRONG> (ARM, 36 bytes, Stack size 0 bytes, econtrol.o(.text), UNUSED)

<P><STRONG><a name="[bbb078]"></a>EPopupMenu::SetPopupMenuItem(unsigned, char*, unsigned char)</STRONG> (ARM, 148 bytes, Stack size 8 bytes, econtrol.o(.text), UNUSED)

<P><STRONG><a name="[bbb030]"></a>EPopupMenu::SetPopupMenuItem(unsigned, char*, unsigned char, void(*)(EControl*, EEvent*))</STRONG> (ARM, 164 bytes, Stack size 12 bytes, econtrol.o(.text), UNUSED)

<P><STRONG><a name="[bbafe8]"></a>EPopupMenu::ShowPopupMenu(const EPosition&)</STRONG> (ARM, 80 bytes, Stack size 16 bytes, econtrol.o(.text))
<BR><BR>[Stack]<UL><LI>Max Depth = 24<LI>Call Chain = EPopupMenu::ShowPopupMenu(const EPosition&) &rArr; EControl::RedrawControl()
</UL>
<BR>[Calls]<UL><LI><a href="#[bba580]">&gt;&gt;</a>&nbsp;&nbsp;&nbsp;EControl::RedrawControl()
</UL>
<BR>[Called By]<UL><LI><a href="#[1052b98]">&gt;&gt;</a>&nbsp;&nbsp;&nbsp;EDesktop::DispatchEvent(EEvent*)
<LI><a href="#[10532a0]">&gt;&gt;</a>&nbsp;&nbsp;&nbsp;EWindow::DispatchEvent(EEvent*)
</UL>

<P><STRONG><a name="[bbafa0]"></a>EPopupMenu::ClosePopupMenu()</STRONG> (ARM, 20 bytes, Stack size 0 bytes, econtrol.o(.text))
<BR><BR>[Called By]<UL><LI><a href="#[1052b98]">&gt;&gt;</a>&nbsp;&nbsp;&nbsp;EDesktop::DispatchEvent(EEvent*)
<LI><a href="#[10532a0]">&gt;&gt;</a>&nbsp;&nbsp;&nbsp;EWindow::DispatchEvent(EEvent*)
</UL>

<P><STRONG><a name="[bbaf58]"></a>ETree::ETreeItem::AddSubItem(ETree::ETreeSubItem*)</STRONG> (ARM, 64 bytes, Stack size 0 bytes, econtrol.o(.text), UNUSED)
<BR><BR>[Called By]<UL><LI><a href="#[bbada8]">&gt;&gt;</a>&nbsp;&nbsp;&nbsp;ETree::AddLeaf(unsigned, unsigned, ETree::ETreeSubItem*, char*)
<LI><a href="#[bbae38]">&gt;&gt;</a>&nbsp;&nbsp;&nbsp;ETree::AddLeaf(unsigned, ETree::ETreeSubItem*, char*)
<LI><a href="#[bbaf10]">&gt;&gt;</a>&nbsp;&nbsp;&nbsp;ETree::AddRoot(ETree::ETreeSubItem*, char*)
</UL>

<P><STRONG><a name="[bbaf10]"></a>ETree::AddRoot(ETree::ETreeSubItem*, char*)</STRONG> (ARM, 140 bytes, Stack size 20 bytes, econtrol.o(.text), UNUSED)
<BR><BR>[Calls]<UL><LI><a href="#[bbaf58]">&gt;&gt;</a>&nbsp;&nbsp;&nbsp;ETree::ETreeItem::AddSubItem(ETree::ETreeSubItem*)
</UL>

<P><STRONG><a name="[bbaec8]"></a>ETree::AddBranch(ETree::ETreeItem*, unsigned)</STRONG> (ARM, 36 bytes, Stack size 0 bytes, econtrol.o(.text), UNUSED)

<P><STRONG><a name="[bbae80]"></a>ETree::AddBranch(ETree::ETreeItem*, unsigned, unsigned)</STRONG> (ARM, 72 bytes, Stack size 0 bytes, econtrol.o(.text), UNUSED)

<P><STRONG><a name="[bbae38]"></a>ETree::AddLeaf(unsigned, ETree::ETreeSubItem*, char*)</STRONG> (ARM, 208 bytes, Stack size 24 bytes, econtrol.o(.text), UNUSED)
<BR><BR>[Calls]<UL><LI><a href="#[bbaf58]">&gt;&gt;</a>&nbsp;&nbsp;&nbsp;ETree::ETreeItem::AddSubItem(ETree::ETreeSubItem*)
</UL>

<P><STRONG><a name="[bbadf0]"></a>ETree::ETreeSubItem::SetSubItemString(char*)</STRONG> (ARM, 68 bytes, Stack size 0 bytes, econtrol.o(.text), UNUSED)
<BR><BR>[Called By]<UL><LI><a href="#[bbada8]">&gt;&gt;</a>&nbsp;&nbsp;&nbsp;ETree::AddLeaf(unsigned, unsigned, ETree::ETreeSubItem*, char*)
</UL>

<P><STRONG><a name="[bbada8]"></a>ETree::AddLeaf(unsigned, unsigned, ETree::ETreeSubItem*, char*)</STRONG> (ARM, 188 bytes, Stack size 28 bytes, econtrol.o(.text), UNUSED)
<BR><BR>[Calls]<UL><LI><a href="#[bbadf0]">&gt;&gt;</a>&nbsp;&nbsp;&nbsp;ETree::ETreeSubItem::SetSubItemString(char*)
<LI><a href="#[bbaf58]">&gt;&gt;</a>&nbsp;&nbsp;&nbsp;ETree::ETreeItem::AddSubItem(ETree::ETreeSubItem*)
</UL>

<P><STRONG><a name="[bbad60]"></a>ETree::RemoveAllRoots()</STRONG> (ARM, 44 bytes, Stack size 0 bytes, econtrol.o(.text), UNUSED)

<P><STRONG><a name="[bbad18]"></a>ETree::RemoveRoot(unsigned)</STRONG> (ARM, 68 bytes, Stack size 4 bytes, econtrol.o(.text), UNUSED)

<P><STRONG><a name="[bbacd0]"></a>ETree::ToggleRootState(unsigned)</STRONG> (ARM, 96 bytes, Stack size 16 bytes, econtrol.o(.text), UNUSED)
<BR><BR>[Calls]<UL><LI><a href="#[bba580]">&gt;&gt;</a>&nbsp;&nbsp;&nbsp;EControl::RedrawControl()
</UL>

<P><STRONG><a name="[bbac88]"></a>ETree::ToggleLeafState(unsigned, unsigned)</STRONG> (ARM, 156 bytes, Stack size 16 bytes, econtrol.o(.text), UNUSED)
<BR><BR>[Calls]<UL><LI><a href="#[bba580]">&gt;&gt;</a>&nbsp;&nbsp;&nbsp;EControl::RedrawControl()
</UL>

<P><STRONG><a name="[bbac40]"></a>ETree::ETreeSubItem::ETreeSubItem()</STRONG> (ARM, 48 bytes, Stack size 0 bytes, econtrol.o(.text), UNUSED)

<P><STRONG><a name="[bbabf8]"></a>ETree::ETreeSubItem::ETreeSubItem__sub_object()</STRONG> (ARM, 0 bytes, Stack size 0 bytes, econtrol.o(.text), UNUSED)

<P><STRONG><a name="[bbabb0]"></a>ETree::ETreeItem::ETreeItem()</STRONG> (ARM, 48 bytes, Stack size 0 bytes, econtrol.o(.text), UNUSED)

<P><STRONG><a name="[bbab68]"></a>ETree::ETreeItem::ETreeItem__sub_object()</STRONG> (ARM, 0 bytes, Stack size 0 bytes, econtrol.o(.text), UNUSED)

<P><STRONG><a name="[bbab20]"></a>EToolBar::RemoveAllItems()</STRONG> (ARM, 56 bytes, Stack size 0 bytes, econtrol.o(.text), UNUSED)
<BR><BR>[Called By]<UL><LI><a href="#[bbaa48]">&gt;&gt;</a>&nbsp;&nbsp;&nbsp;EToolBar::EToolBar(EPosition)
<LI><a href="#[bbaad8]">&gt;&gt;</a>&nbsp;&nbsp;&nbsp;EToolBar::EToolBar()
</UL>

<P><STRONG><a name="[bbaad8]"></a>EToolBar::EToolBar()</STRONG> (ARM, 60 bytes, Stack size 8 bytes, econtrol.o(.text), UNUSED)
<BR><BR>[Calls]<UL><LI><a href="#[bba4f0]">&gt;&gt;</a>&nbsp;&nbsp;&nbsp;EControl::EControl(void(*)(EControl*, EEvent*), void(*)(EControl*))
<LI><a href="#[bbab20]">&gt;&gt;</a>&nbsp;&nbsp;&nbsp;EToolBar::RemoveAllItems()
</UL>

<P><STRONG><a name="[bbaa90]"></a>EToolBar::EToolBar__sub_object()</STRONG> (ARM, 0 bytes, Stack size 8 bytes, econtrol.o(.text), UNUSED)

<P><STRONG><a name="[bbaa48]"></a>EToolBar::EToolBar(EPosition)</STRONG> (ARM, 112 bytes, Stack size 48 bytes, econtrol.o(.text), UNUSED)
<BR><BR>[Calls]<UL><LI><a href="#[bba460]">&gt;&gt;</a>&nbsp;&nbsp;&nbsp;EControl::EControl(void(*)(EControl*, EEvent*), void(*)(EControl*), ESize, EPosition)
<LI><a href="#[bba6a0]">&gt;&gt;</a>&nbsp;&nbsp;&nbsp;ESize::ESize(unsigned, unsigned)
<LI><a href="#[bbab20]">&gt;&gt;</a>&nbsp;&nbsp;&nbsp;EToolBar::RemoveAllItems()
</UL>

<P><STRONG><a name="[bbaa00]"></a>EToolBar::EToolBar__sub_object(EPosition)</STRONG> (ARM, 0 bytes, Stack size 48 bytes, econtrol.o(.text), UNUSED)

<P><STRONG><a name="[bba9b8]"></a>EToolBar::AddItem(EControl*)</STRONG> (ARM, 116 bytes, Stack size 0 bytes, econtrol.o(.text), UNUSED)

<P><STRONG><a name="[bba970]"></a>EToolBar::UpdateToolBarHeight()</STRONG> (ARM, 84 bytes, Stack size 0 bytes, econtrol.o(.text), UNUSED)
<BR><BR>[Called By]<UL><LI><a href="#[bba928]">&gt;&gt;</a>&nbsp;&nbsp;&nbsp;EToolBar::RemoveItem(unsigned)
</UL>

<P><STRONG><a name="[bba928]"></a>EToolBar::RemoveItem(unsigned)</STRONG> (ARM, 152 bytes, Stack size 16 bytes, econtrol.o(.text), UNUSED)
<BR><BR>[Calls]<UL><LI><a href="#[bba970]">&gt;&gt;</a>&nbsp;&nbsp;&nbsp;EToolBar::UpdateToolBarHeight()
</UL>

<P><STRONG><a name="[bba8e0]"></a>EToolBar::SetDockState(unsigned char)</STRONG> (ARM, 88 bytes, Stack size 0 bytes, econtrol.o(.text), UNUSED)

<P><STRONG><a name="[bba898]"></a>EStatusBar::SetLabelString(char*)</STRONG> (ARM, 84 bytes, Stack size 0 bytes, econtrol.o(.text), UNUSED)

<P><STRONG><a name="[bba850]"></a>EStatusBar::SetStatusString(char*, unsigned char)</STRONG> (ARM, 148 bytes, Stack size 4 bytes, econtrol.o(.text), UNUSED)

<P><STRONG><a name="[bba808]"></a>EStatusBar::GetStatusString(unsigned char)</STRONG> (ARM, 44 bytes, Stack size 0 bytes, econtrol.o(.text), UNUSED)

<P><STRONG><a name="[bba7c0]"></a>EStatusBar::ClearLabelString()</STRONG> (ARM, 36 bytes, Stack size 0 bytes, econtrol.o(.text), UNUSED)

<P><STRONG><a name="[bba778]"></a>EStatusBar::ClearStatusString(unsigned char)</STRONG> (ARM, 84 bytes, Stack size 0 bytes, econtrol.o(.text), UNUSED)

<P><STRONG><a name="[bba730]"></a>EStatusBar::SetStatusPosition(unsigned char, unsigned)</STRONG> (ARM, 28 bytes, Stack size 0 bytes, econtrol.o(.text), UNUSED)

<P><STRONG><a name="[bb87c8]"></a>ECursor::SetCursorPosition(const EPosition&)</STRONG> (ARM, 744 bytes, Stack size 48 bytes, ecursor.o(.text))
<BR><BR>[Stack]<UL><LI>Max Depth = 48<LI>Call Chain = ECursor::SetCursorPosition(const EPosition&)
</UL>
<BR>[Called By]<UL><LI><a href="#[bbfae8]">&gt;&gt;</a>&nbsp;&nbsp;&nbsp;ESimpleDesktop::GlobalRedraw()
<LI><a href="#[1052e20]">&gt;&gt;</a>&nbsp;&nbsp;&nbsp;ESimpleDesktop::SetCursorEvent(const EPosition&, unsigned)
<LI><a href="#[1052e68]">&gt;&gt;</a>&nbsp;&nbsp;&nbsp;ESimpleDesktop::SetCursorEvent(EEvent*)
</UL>

<P><STRONG><a name="[bba0b8]"></a>EG_Graphic_DrawHorizonLine(unsigned, unsigned, unsigned)</STRONG> (ARM, 56 bytes, Stack size 24 bytes, graphicfunc.o(.text))
<BR><BR>[Stack]<UL><LI>Max Depth = 32<LI>Call Chain = EG_Graphic_DrawHorizonLine(unsigned, unsigned, unsigned) &rArr; EG_LCDSetPixel(unsigned, unsigned)
</UL>
<BR>[Calls]<UL><LI><a href="#[bb73c0]">&gt;&gt;</a>&nbsp;&nbsp;&nbsp;EG_LCDSetPixel(unsigned, unsigned)
</UL>
<BR>[Called By]<UL><LI><a href="#[bb3a60]">&gt;&gt;</a>&nbsp;&nbsp;&nbsp;EWindow::RedrawBaseWindow()
<LI><a href="#[bb7498]">&gt;&gt;</a>&nbsp;&nbsp;&nbsp;EG_Graphic_DrawFilledEllipse(unsigned, unsigned, unsigned, unsigned)
<LI><a href="#[bb7648]">&gt;&gt;</a>&nbsp;&nbsp;&nbsp;EG_Graphic_DrawFilledCircle(unsigned, unsigned, unsigned)
<LI><a href="#[bb76d8]">&gt;&gt;</a>&nbsp;&nbsp;&nbsp;EG_Graphic_DrawWidthLine(unsigned, unsigned, unsigned, unsigned, unsigned char)
<LI><a href="#[bb9fe0]">&gt;&gt;</a>&nbsp;&nbsp;&nbsp;EG_Graphic_DrawFilledRectangle(unsigned, unsigned, unsigned, unsigned)
<LI><a href="#[bba028]">&gt;&gt;</a>&nbsp;&nbsp;&nbsp;EG_Graphic_DrawEmptyRectangle(unsigned, unsigned, unsigned, unsigned)
<LI><a href="#[bba268]">&gt;&gt;</a>&nbsp;&nbsp;&nbsp;EG_Graphic_DrawLine(unsigned, unsigned, unsigned, unsigned, unsigned char)
<LI><a href="#[bbc428]">&gt;&gt;</a>&nbsp;&nbsp;&nbsp;EG_RedrawFunc_DefaultEBarChart(EControl*)
<LI><a href="#[bbc6b0]">&gt;&gt;</a>&nbsp;&nbsp;&nbsp;EG_RedrawFunc_DefaultETree(EControl*)
<LI><a href="#[bbc788]">&gt;&gt;</a>&nbsp;&nbsp;&nbsp;ETree::DrawExtendIcon(const EPosition&, bool)
<LI><a href="#[bbcb78]">&gt;&gt;</a>&nbsp;&nbsp;&nbsp;EG_RedrawFunc_DefaultEScroll(EControl*)
<LI><a href="#[bbce48]">&gt;&gt;</a>&nbsp;&nbsp;&nbsp;EG_RedrawFunc_DefaultEComboBox(EControl*)
</UL>

<P><STRONG><a name="[bba070]"></a>EG_Graphic_DrawVerticalLine(unsigned, unsigned, unsigned)</STRONG> (ARM, 56 bytes, Stack size 24 bytes, graphicfunc.o(.text))
<BR><BR>[Stack]<UL><LI>Max Depth = 32<LI>Call Chain = EG_Graphic_DrawVerticalLine(unsigned, unsigned, unsigned) &rArr; EG_LCDSetPixel(unsigned, unsigned)
</UL>
<BR>[Calls]<UL><LI><a href="#[bb73c0]">&gt;&gt;</a>&nbsp;&nbsp;&nbsp;EG_LCDSetPixel(unsigned, unsigned)
</UL>
<BR>[Called By]<UL><LI><a href="#[bb3a60]">&gt;&gt;</a>&nbsp;&nbsp;&nbsp;EWindow::RedrawBaseWindow()
<LI><a href="#[bb76d8]">&gt;&gt;</a>&nbsp;&nbsp;&nbsp;EG_Graphic_DrawWidthLine(unsigned, unsigned, unsigned, unsigned, unsigned char)
<LI><a href="#[bba028]">&gt;&gt;</a>&nbsp;&nbsp;&nbsp;EG_Graphic_DrawEmptyRectangle(unsigned, unsigned, unsigned, unsigned)
<LI><a href="#[bba268]">&gt;&gt;</a>&nbsp;&nbsp;&nbsp;EG_Graphic_DrawLine(unsigned, unsigned, unsigned, unsigned, unsigned char)
<LI><a href="#[bbc428]">&gt;&gt;</a>&nbsp;&nbsp;&nbsp;EG_RedrawFunc_DefaultEBarChart(EControl*)
<LI><a href="#[bbc6b0]">&gt;&gt;</a>&nbsp;&nbsp;&nbsp;EG_RedrawFunc_DefaultETree(EControl*)
<LI><a href="#[bbc788]">&gt;&gt;</a>&nbsp;&nbsp;&nbsp;ETree::DrawExtendIcon(const EPosition&, bool)
<LI><a href="#[bbce48]">&gt;&gt;</a>&nbsp;&nbsp;&nbsp;EG_RedrawFunc_DefaultEComboBox(EControl*)
</UL>

<P><STRONG><a name="[bb7768]"></a>EG_Graphic_DrawWhiteHorizonLine(unsigned, unsigned, unsigned)</STRONG> (ARM, 56 bytes, Stack size 24 bytes, graphicfunc.o(.text))
<BR><BR>[Stack]<UL><LI>Max Depth = 32<LI>Call Chain = EG_Graphic_DrawWhiteHorizonLine(unsigned, unsigned, unsigned) &rArr; EG_LCDClearPixel(unsigned, unsigned)
</UL>
<BR>[Calls]<UL><LI><a href="#[bb7378]">&gt;&gt;</a>&nbsp;&nbsp;&nbsp;EG_LCDClearPixel(unsigned, unsigned)
</UL>
<BR>[Called By]<UL><LI><a href="#[bb7600]">&gt;&gt;</a>&nbsp;&nbsp;&nbsp;EG_Graphic_DrawWhiteFilledCircle(unsigned, unsigned, unsigned)
<LI><a href="#[bb9f98]">&gt;&gt;</a>&nbsp;&nbsp;&nbsp;EG_Graphic_DrawWhiteFilledRectangle(unsigned, unsigned, unsigned, unsigned)
</UL>

<P><STRONG><a name="[bb7720]"></a>EG_Graphic_DrawWhiteVerticalLine(unsigned, unsigned, unsigned)</STRONG> (ARM, 56 bytes, Stack size 24 bytes, graphicfunc.o(.text), UNUSED)
<BR><BR>[Calls]<UL><LI><a href="#[bb7378]">&gt;&gt;</a>&nbsp;&nbsp;&nbsp;EG_LCDClearPixel(unsigned, unsigned)
</UL>

<P><STRONG><a name="[bba268]"></a>EG_Graphic_DrawLine(unsigned, unsigned, unsigned, unsigned, unsigned char)</STRONG> (ARM, 596 bytes, Stack size 72 bytes, graphicfunc.o(.text))
<BR><BR>[Stack]<UL><LI>Max Depth = 104<LI>Call Chain = EG_Graphic_DrawLine(unsigned, unsigned, unsigned, unsigned, unsigned char) &rArr; EG_Graphic_DrawVerticalLine(unsigned, unsigned, unsigned) &rArr; EG_LCDSetPixel(unsigned, unsigned)
</UL>
<BR>[Calls]<UL><LI><a href="#[bb73c0]">&gt;&gt;</a>&nbsp;&nbsp;&nbsp;EG_LCDSetPixel(unsigned, unsigned)
<LI><a href="#[bba070]">&gt;&gt;</a>&nbsp;&nbsp;&nbsp;EG_Graphic_DrawVerticalLine(unsigned, unsigned, unsigned)
<LI><a href="#[bba0b8]">&gt;&gt;</a>&nbsp;&nbsp;&nbsp;EG_Graphic_DrawHorizonLine(unsigned, unsigned, unsigned)
</UL>
<BR>[Called By]<UL><LI><a href="#[bb3a60]">&gt;&gt;</a>&nbsp;&nbsp;&nbsp;EWindow::RedrawBaseWindow()
<LI><a href="#[bb7528]">&gt;&gt;</a>&nbsp;&nbsp;&nbsp;EG_Graphic_DrawPieSlice(unsigned, unsigned, unsigned, unsigned, unsigned)
<LI><a href="#[bbc428]">&gt;&gt;</a>&nbsp;&nbsp;&nbsp;EG_RedrawFunc_DefaultEBarChart(EControl*)
<LI><a href="#[bbcb78]">&gt;&gt;</a>&nbsp;&nbsp;&nbsp;EG_RedrawFunc_DefaultEScroll(EControl*)
<LI><a href="#[bbce48]">&gt;&gt;</a>&nbsp;&nbsp;&nbsp;EG_RedrawFunc_DefaultEComboBox(EControl*)
<LI><a href="#[1052b50]">&gt;&gt;</a>&nbsp;&nbsp;&nbsp;EDesktop::RedrawDesktop()
</UL>

<P><STRONG><a name="[bb76d8]"></a>EG_Graphic_DrawWidthLine(unsigned, unsigned, unsigned, unsigned, unsigned char)</STRONG> (ARM, 788 bytes, Stack size 80 bytes, graphicfunc.o(.text), UNUSED)
<BR><BR>[Calls]<UL><LI><a href="#[bba070]">&gt;&gt;</a>&nbsp;&nbsp;&nbsp;EG_Graphic_DrawVerticalLine(unsigned, unsigned, unsigned)
<LI><a href="#[bba0b8]">&gt;&gt;</a>&nbsp;&nbsp;&nbsp;EG_Graphic_DrawHorizonLine(unsigned, unsigned, unsigned)
</UL>

<P><STRONG><a name="[bba028]"></a>EG_Graphic_DrawEmptyRectangle(unsigned, unsigned, unsigned, unsigned)</STRONG> (ARM, 112 bytes, Stack size 24 bytes, graphicfunc.o(.text))
<BR><BR>[Stack]<UL><LI>Max Depth = 56<LI>Call Chain = EG_Graphic_DrawEmptyRectangle(unsigned, unsigned, unsigned, unsigned) &rArr; EG_Graphic_DrawVerticalLine(unsigned, unsigned, unsigned) &rArr; EG_LCDSetPixel(unsigned, unsigned)
</UL>
<BR>[Calls]<UL><LI><a href="#[bba070]">&gt;&gt;</a>&nbsp;&nbsp;&nbsp;EG_Graphic_DrawVerticalLine(unsigned, unsigned, unsigned)
<LI><a href="#[bba0b8]">&gt;&gt;</a>&nbsp;&nbsp;&nbsp;EG_Graphic_DrawHorizonLine(unsigned, unsigned, unsigned)
</UL>
<BR>[Called By]<UL><LI><a href="#[bb3a60]">&gt;&gt;</a>&nbsp;&nbsp;&nbsp;EWindow::RedrawBaseWindow()
<LI><a href="#[bbc428]">&gt;&gt;</a>&nbsp;&nbsp;&nbsp;EG_RedrawFunc_DefaultEBarChart(EControl*)
<LI><a href="#[bbc500]">&gt;&gt;</a>&nbsp;&nbsp;&nbsp;EG_RedrawFunc_DefaultEStatusBar(EControl*)
<LI><a href="#[bbc548]">&gt;&gt;</a>&nbsp;&nbsp;&nbsp;EG_RedrawFunc_DefaultEToolBar(EControl*)
<LI><a href="#[bbc6b0]">&gt;&gt;</a>&nbsp;&nbsp;&nbsp;EG_RedrawFunc_DefaultETree(EControl*)
<LI><a href="#[bbc788]">&gt;&gt;</a>&nbsp;&nbsp;&nbsp;ETree::DrawExtendIcon(const EPosition&, bool)
<LI><a href="#[bbc938]">&gt;&gt;</a>&nbsp;&nbsp;&nbsp;EG_RedrawFunc_DefaultEPopupMenu(EControl*)
<LI><a href="#[bbc9c8]">&gt;&gt;</a>&nbsp;&nbsp;&nbsp;EG_RedrawFunc_DefaultEMenu(EControl*)
<LI><a href="#[bbcae8]">&gt;&gt;</a>&nbsp;&nbsp;&nbsp;EG_RedrawFunc_DefaultEList(EControl*)
<LI><a href="#[bbcb78]">&gt;&gt;</a>&nbsp;&nbsp;&nbsp;EG_RedrawFunc_DefaultEScroll(EControl*)
<LI><a href="#[bbcc08]">&gt;&gt;</a>&nbsp;&nbsp;&nbsp;EG_RedrawFunc_DefaultEDialogBox(EControl*)
<LI><a href="#[bbcce0]">&gt;&gt;</a>&nbsp;&nbsp;&nbsp;EG_RedrawFunc_DefaultEMessageBox(EControl*)
<LI><a href="#[bbcdb8]">&gt;&gt;</a>&nbsp;&nbsp;&nbsp;EG_RedrawFunc_DefaultEIconButton(EControl*)
<LI><a href="#[bbce48]">&gt;&gt;</a>&nbsp;&nbsp;&nbsp;EG_RedrawFunc_DefaultEComboBox(EControl*)
<LI><a href="#[bbcff8]">&gt;&gt;</a>&nbsp;&nbsp;&nbsp;EG_RedrawFunc_DefaultEProgress(EControl*)
<LI><a href="#[bbd040]">&gt;&gt;</a>&nbsp;&nbsp;&nbsp;EG_RedrawFunc_DefaultEEdit(EControl*)
<LI><a href="#[bbd0d0]">&gt;&gt;</a>&nbsp;&nbsp;&nbsp;EG_RedrawFunc_DefaultECheckButton(EControl*)
<LI><a href="#[bbd160]">&gt;&gt;</a>&nbsp;&nbsp;&nbsp;EG_RedrawFunc_DefaultEButton(EControl*)
<LI><a href="#[1052b50]">&gt;&gt;</a>&nbsp;&nbsp;&nbsp;EDesktop::RedrawDesktop()
</UL>

<P><STRONG><a name="[bb9fe0]"></a>EG_Graphic_DrawFilledRectangle(unsigned, unsigned, unsigned, unsigned)</STRONG> (ARM, 64 bytes, Stack size 24 bytes, graphicfunc.o(.text))
<BR><BR>[Stack]<UL><LI>Max Depth = 56<LI>Call Chain = EG_Graphic_DrawFilledRectangle(unsigned, unsigned, unsigned, unsigned) &rArr; EG_Graphic_DrawHorizonLine(unsigned, unsigned, unsigned) &rArr; EG_LCDSetPixel(unsigned, unsigned)
</UL>
<BR>[Calls]<UL><LI><a href="#[bba0b8]">&gt;&gt;</a>&nbsp;&nbsp;&nbsp;EG_Graphic_DrawHorizonLine(unsigned, unsigned, unsigned)
</UL>
<BR>[Called By]<UL><LI><a href="#[bbc428]">&gt;&gt;</a>&nbsp;&nbsp;&nbsp;EG_RedrawFunc_DefaultEBarChart(EControl*)
<LI><a href="#[bbc938]">&gt;&gt;</a>&nbsp;&nbsp;&nbsp;EG_RedrawFunc_DefaultEPopupMenu(EControl*)
<LI><a href="#[bbc9c8]">&gt;&gt;</a>&nbsp;&nbsp;&nbsp;EG_RedrawFunc_DefaultEMenu(EControl*)
<LI><a href="#[bbcb78]">&gt;&gt;</a>&nbsp;&nbsp;&nbsp;EG_RedrawFunc_DefaultEScroll(EControl*)
<LI><a href="#[bbcc08]">&gt;&gt;</a>&nbsp;&nbsp;&nbsp;EG_RedrawFunc_DefaultEDialogBox(EControl*)
<LI><a href="#[bbcce0]">&gt;&gt;</a>&nbsp;&nbsp;&nbsp;EG_RedrawFunc_DefaultEMessageBox(EControl*)
<LI><a href="#[bbcff8]">&gt;&gt;</a>&nbsp;&nbsp;&nbsp;EG_RedrawFunc_DefaultEProgress(EControl*)
<LI><a href="#[bbd0d0]">&gt;&gt;</a>&nbsp;&nbsp;&nbsp;EG_RedrawFunc_DefaultECheckButton(EControl*)
</UL>

<P><STRONG><a name="[bb9f98]"></a>EG_Graphic_DrawWhiteFilledRectangle(unsigned, unsigned, unsigned, unsigned)</STRONG> (ARM, 64 bytes, Stack size 24 bytes, graphicfunc.o(.text))
<BR><BR>[Stack]<UL><LI>Max Depth = 56<LI>Call Chain = EG_Graphic_DrawWhiteFilledRectangle(unsigned, unsigned, unsigned, unsigned) &rArr; EG_Graphic_DrawWhiteHorizonLine(unsigned, unsigned, unsigned) &rArr; EG_LCDClearPixel(unsigned, unsigned)
</UL>
<BR>[Calls]<UL><LI><a href="#[bb7768]">&gt;&gt;</a>&nbsp;&nbsp;&nbsp;EG_Graphic_DrawWhiteHorizonLine(unsigned, unsigned, unsigned)
</UL>
<BR>[Called By]<UL><LI><a href="#[bb3a60]">&gt;&gt;</a>&nbsp;&nbsp;&nbsp;EWindow::RedrawBaseWindow()
<LI><a href="#[bbc6b0]">&gt;&gt;</a>&nbsp;&nbsp;&nbsp;EG_RedrawFunc_DefaultETree(EControl*)
<LI><a href="#[bbc938]">&gt;&gt;</a>&nbsp;&nbsp;&nbsp;EG_RedrawFunc_DefaultEPopupMenu(EControl*)
[...]
<LI><a href="#[bbc8f0]">&gt;&gt;</a>&nbsp;&nbsp;&nbsp;ETree::ETreeItem::OpenAllSubItem()
</UL>

<P><STRONG><a name="[bba5c8]"></a>ETree::ETreeSubItem::CloseSubItem()</STRONG> (ARM, 36 bytes, Stack size 8 bytes, econtrol.o(i._ZN5ETree12ETreeSubItem12CloseSubItemEv), UNUSED)
<BR><BR>[Calls]<UL><LI><a href="#[bbc8a8]">&gt;&gt;</a>&nbsp;&nbsp;&nbsp;ETree::ETreeItem::CloseAllSubItem()
</UL>
<BR>[Called By]<UL><LI><a href="#[bbc7d0]">&gt;&gt;</a>&nbsp;&nbsp;&nbsp;EG_CallbackFunc_DefaultETree(EControl*, EEvent*)
<LI><a href="#[bbc8a8]">&gt;&gt;</a>&nbsp;&nbsp;&nbsp;ETree::ETreeItem::CloseAllSubItem()
</UL>

<P><STRONG><a name="[1052958]"></a>EEvent::EEvent()</STRONG> (ARM, 52 bytes, Stack size 8 bytes, eframe.o(i._ZN6EEventC1Ev), UNUSED)
<BR><BR>[Calls]<UL><LI><a href="#[bbfc98]">&gt;&gt;</a>&nbsp;&nbsp;&nbsp;EPosition::EPosition(unsigned, unsigned)
</UL>
<BR>[Called By]<UL><LI><a href="#[1052e20]">&gt;&gt;</a>&nbsp;&nbsp;&nbsp;ESimpleDesktop::SetCursorEvent(const EPosition&, unsigned)
<LI><a href="#[1052eb0]">&gt;&gt;</a>&nbsp;&nbsp;&nbsp;ESimpleDesktop::SetKeyboardEvent(const EPosition&, unsigned)
</UL>

<P><STRONG><a name="[1052910]"></a>EEvent::EEvent__sub_object()</STRONG> (ARM, 0 bytes, Stack size 8 bytes, eframe.o(i._ZN6EEventC1Ev), UNUSED)

<P><STRONG><a name="[bbfe48]"></a>ELabel::~ELabel()</STRONG> (ARM, 8 bytes, Stack size 0 bytes, main.o(i._ZN6ELabelD1Ev))
<BR>[Address Reference Count : 1]<UL><LI> main.o(.text)
</UL>
<P><STRONG><a name="[bbfe00]"></a>ELabel::~ELabel__sub_object()</STRONG> (ARM, 0 bytes, Stack size 0 bytes, main.o(i._ZN6ELabelD1Ev), UNUSED)

<P><STRONG><a name="[bbfdb8]"></a>EButton::~EButton()</STRONG> (ARM, 8 bytes, Stack size 0 bytes, main.o(i._ZN7EButtonD1Ev))
<BR>[Address Reference Count : 1]<UL><LI> main.o(.text)
</UL>
<P><STRONG><a name="[bbfd70]"></a>EButton::~EButton__sub_object()</STRONG> (ARM, 0 bytes, Stack size 0 bytes, main.o(i._ZN7EButtonD1Ev), UNUSED)

<P><STRONG><a name="[10528c8]"></a>EWindow::GetWindowState()</STRONG> (ARM, 12 bytes, Stack size 0 bytes, eframe.o(i._ZN7EWindow14GetWindowStateEv))
<BR>[Address Reference Count : 1]<UL><LI> eframe.o(.constdata__ZTV7EWindow)
</UL>
<P><STRONG><a name="[bbfd28]"></a>EWindow::~EWindow()</STRONG> (ARM, 16 bytes, Stack size 0 bytes, main.o(i._ZN7EWindowD1Ev))
<BR>[Address Reference Count : 1]<UL><LI> main.o(.text)
</UL>
<P><STRONG><a name="[bbfce0]"></a>EWindow::~EWindow__sub_object()</STRONG> (ARM, 0 bytes, Stack size 0 bytes, main.o(i._ZN7EWindowD1Ev), UNUSED)

<P><STRONG><a name="[bba580]"></a>EControl::RedrawControl()</STRONG> (ARM, 44 bytes, Stack size 8 bytes, econtrol.o(i._ZN8EControl13RedrawControlEv))
<BR><BR>[Stack]<UL><LI>Max Depth = 8<LI>Call Chain = EControl::RedrawControl()
</UL>
<BR>[Called By]<UL><LI><a href="#[bb39d0]">&gt;&gt;</a>&nbsp;&nbsp;&nbsp;EWindow::RedrawSelectedControls()
<LI><a href="#[bb3a18]">&gt;&gt;</a>&nbsp;&nbsp;&nbsp;EWindow::ForceRedrawAllControls()
<LI><a href="#[bb3c58]">&gt;&gt;</a>&nbsp;&nbsp;&nbsp;ESimpleWindow::RedrawControl(const EPosition&)
<LI><a href="#[bb3ca0]">&gt;&gt;</a>&nbsp;&nbsp;&nbsp;ESimpleWindow::RedrawSelectedControls()
<LI><a href="#[bb3ce8]">&gt;&gt;</a>&nbsp;&nbsp;&nbsp;ESimpleWindow::ForceRedrawAllControls()
<LI><a href="#[bba388]">&gt;&gt;</a>&nbsp;&nbsp;&nbsp;EComboBox::SetSelectIndex(unsigned)
<LI><a href="#[bbac88]">&gt;&gt;</a>&nbsp;&nbsp;&nbsp;ETree::ToggleLeafState(unsigned, unsigned)
<LI><a href="#[bbacd0]">&gt;&gt;</a>&nbsp;&nbsp;&nbsp;ETree::ToggleRootState(unsigned)
<LI><a href="#[bbafe8]">&gt;&gt;</a>&nbsp;&nbsp;&nbsp;EPopupMenu::ShowPopupMenu(const EPosition&)
<LI><a href="#[bbb8e8]">&gt;&gt;</a>&nbsp;&nbsp;&nbsp;EMessageBox::SwitchState()
<LI><a href="#[bbbc48]">&gt;&gt;</a>&nbsp;&nbsp;&nbsp;EComboBox::RemoveItem(unsigned)
<LI><a href="#[bbbc90]">&gt;&gt;</a>&nbsp;&nbsp;&nbsp;EComboBox::AddItem(char*)
<LI><a href="#[bbbcd8]">&gt;&gt;</a>&nbsp;&nbsp;&nbsp;EComboBox::SetIemString(unsigned, char*)
<LI><a href="#[bbbff0]">&gt;&gt;</a>&nbsp;&nbsp;&nbsp;EEdit::SetString(char*, int)
<LI><a href="#[bbc158]">&gt;&gt;</a>&nbsp;&nbsp;&nbsp;EEdit::SetString(char*)
<LI><a href="#[bbc470]">&gt;&gt;</a>&nbsp;&nbsp;&nbsp;EG_CallbackFunc_DefaultEBarChart(EControl*, EEvent*)
<LI><a href="#[bbc548]">&gt;&gt;</a>&nbsp;&nbsp;&nbsp;EG_RedrawFunc_DefaultEToolBar(EControl*)
<LI><a href="#[bbc5d8]">&gt;&gt;</a>&nbsp;&nbsp;&nbsp;EG_CallbackFunc_DefaultEToolBar(EControl*, EEvent*)
<LI><a href="#[bbc668]">&gt;&gt;</a>&nbsp;&nbsp;&nbsp;EControl::NoticeControl(EEvent*)
<LI><a href="#[bbc7d0]">&gt;&gt;</a>&nbsp;&nbsp;&nbsp;EG_CallbackFunc_DefaultETree(EControl*, EEvent*)
<LI><a href="#[bbc980]">&gt;&gt;</a>&nbsp;&nbsp;&nbsp;EG_CallbackFunc_DefaultEPopupMenu(EControl*, EEvent*)
<LI><a href="#[bbca10]">&gt;&gt;</a>&nbsp;&nbsp;&nbsp;EG_CallbackFunc_DefaultEMenu(EControl*, EEvent*)
<LI><a href="#[bbca58]">&gt;&gt;</a>&nbsp;&nbsp;&nbsp;EMenu::SwitchShowState()
<LI><a href="#[bbcb30]">&gt;&gt;</a>&nbsp;&nbsp;&nbsp;EG_CallbackFunc_DefaultEList(EControl*, EEvent*)
<LI><a href="#[bbcbc0]">&gt;&gt;</a>&nbsp;&nbsp;&nbsp;EG_CallbackFunc_DefaultEScroll(EControl*, EEvent*)
<LI><a href="#[bbcc50]">&gt;&gt;</a>&nbsp;&nbsp;&nbsp;EG_CallbackFunc_DefaultEDialogBox(EControl*, EEvent*)
<LI><a href="#[bbcd28]">&gt;&gt;</a>&nbsp;&nbsp;&nbsp;EG_CallbackFunc_DefaultEMessageBox(EControl*, EEvent*)
<LI><a href="#[bbce90]">&gt;&gt;</a>&nbsp;&nbsp;&nbsp;EG_CallbackFunc_DefaultEComboBox(EControl*, EEvent*)
<LI><a href="#[bbced8]">&gt;&gt;</a>&nbsp;&nbsp;&nbsp;EComboBox::SwitchOpenState()
<LI><a href="#[bbcf68]">&gt;&gt;</a>&nbsp;&nbsp;&nbsp;EG_CallbackFunc_DefaultEExtLabel(EControl*, EEvent*)
<LI><a href="#[bbcfb0]">&gt;&gt;</a>&nbsp;&nbsp;&nbsp;EExtLabel::ChangeState()
<LI><a href="#[bbd088]">&gt;&gt;</a>&nbsp;&nbsp;&nbsp;EG_CallbackFunc_DefaultEEdit(EControl*, EEvent*)
<LI><a href="#[bbd118]">&gt;&gt;</a>&nbsp;&nbsp;&nbsp;EG_CallbackFunc_DefaultECheckButton(EControl*, EEvent*)
<LI><a href="#[bbf980]">&gt;&gt;</a>&nbsp;&nbsp;&nbsp;EEdit::AddCharToString(char)
<LI><a href="#[1052b50]">&gt;&gt;</a>&nbsp;&nbsp;&nbsp;EDesktop::RedrawDesktop()
</UL>

<P><STRONG><a name="[bba538]"></a>EControl::SetRedrawFunction(void(*)(EControl*))</STRONG> (ARM, 8 bytes, Stack size 0 bytes, econtrol.o(i._ZN8EControl17SetRedrawFunctionEPFvPS_E), UNUSED)
<BR><BR>[Called By]<UL><LI><a href="#[bbba08]">&gt;&gt;</a>&nbsp;&nbsp;&nbsp;EIconButton::EIconButton(void(*)(EControl*, EEvent*), EPosition, ESize, unsigned, char*, bool)
<LI><a href="#[bbbae0]">&gt;&gt;</a>&nbsp;&nbsp;&nbsp;EIconButton::EIconButton(void(*)(EControl*, EEvent*), EPosition, ESize, ESize, unsigned char*, char*, bool)
</UL>

<P><STRONG><a name="[bba4f0]"></a>EControl::EControl(void(*)(EControl*, EEvent*), void(*)(EControl*))</STRONG> (ARM, 84 bytes, Stack size 16 bytes, econtrol.o(i._ZN8EControlC1EPFvPS_P6EEventEPFvS0_E), UNUSED)
<BR><BR>[Calls]<UL><LI><a href="#[bba6a0]">&gt;&gt;</a>&nbsp;&nbsp;&nbsp;ESize::ESize(unsigned, unsigned)
<LI><a href="#[bbfc98]">&gt;&gt;</a>&nbsp;&nbsp;&nbsp;EPosition::EPosition(unsigned, unsigned)
</UL>
<BR>[Called By]<UL><LI><a href="#[bbaad8]">&gt;&gt;</a>&nbsp;&nbsp;&nbsp;EToolBar::EToolBar()
<LI><a href="#[bbb1e0]">&gt;&gt;</a>&nbsp;&nbsp;&nbsp;EPopupMenu::EPopupMenu()
<LI><a href="#[bbb810]">&gt;&gt;</a>&nbsp;&nbsp;&nbsp;EScroll::EScroll()
<LI><a href="#[bbbdf8]">&gt;&gt;</a>&nbsp;&nbsp;&nbsp;EComboBox::EComboBox()
</UL>

<P><STRONG><a name="[bba4a8]"></a>EControl::EControl__sub_object(void(*)(EControl*, EEvent*), void(*)(EControl*))</STRONG> (ARM, 0 bytes, Stack size 16 bytes, econtrol.o(i._ZN8EControlC1EPFvPS_P6EEventEPFvS0_E), UNUSED)

<P><STRONG><a name="[bba460]"></a>EControl::EControl(void(*)(EControl*, EEvent*), void(*)(EControl*), ESize, EPosition)</STRONG> (ARM, 60 bytes, Stack size 16 bytes, econtrol.o(i._ZN8EControlC1EPFvPS_P6EEventEPFvS0_E5ESize9EPosition))
<BR><BR>[Stack]<UL><LI>Max Depth = 16<LI>Call Chain = EControl::EControl(void(*)(EControl*, EEvent*), void(*)(EControl*), ESize, EPosition)
</UL>
<BR>[Called By]<UL><LI><a href="#[bbaa48]">&gt;&gt;</a>&nbsp;&nbsp;&nbsp;EToolBar::EToolBar(EPosition)
<LI><a href="#[bbb420]">&gt;&gt;</a>&nbsp;&nbsp;&nbsp;EMenu::EMenu(char*, unsigned, EPosition, bool)
<LI><a href="#[bbb780]">&gt;&gt;</a>&nbsp;&nbsp;&nbsp;EScroll::EScroll(EPosition, unsigned, unsigned)
<LI><a href="#[bbb8a0]">&gt;&gt;</a>&nbsp;&nbsp;&nbsp;EDialogBox::EDialogBox(unsigned char, EPosition, char*, unsigned)
<LI><a href="#[bbb978]">&gt;&gt;</a>&nbsp;&nbsp;&nbsp;EMessageBox::EMessageBox(unsigned char, EPosition, char*, unsigned)
<LI><a href="#[bbbae0]">&gt;&gt;</a>&nbsp;&nbsp;&nbsp;EIconButton::EIconButton(void(*)(EControl*, EEvent*), EPosition, ESize, ESize, unsigned char*, char*, bool)
<LI><a href="#[bbbbb8]">&gt;&gt;</a>&nbsp;&nbsp;&nbsp;EIcon::EIcon(void(*)(EControl*, EEvent*), EPosition, unsigned)
<LI><a href="#[bbbd68]">&gt;&gt;</a>&nbsp;&nbsp;&nbsp;EComboBox::EComboBox(EPosition, unsigned)
<LI><a href="#[bbc080]">&gt;&gt;</a>&nbsp;&nbsp;&nbsp;EEdit::EEdit(void(*)(EControl*, EEvent*), char*, bool, EPosition, unsigned)
<LI><a href="#[bbc110]">&gt;&gt;</a>&nbsp;&nbsp;&nbsp;EEdit::EEdit(char*, bool, EPosition, unsigned)
<LI><a href="#[bbc230]">&gt;&gt;</a>&nbsp;&nbsp;&nbsp;ECheckButton::ECheckButton(void(*)(EControl*, EEvent*), bool, EPosition, char*, unsigned)
<LI><a href="#[bbc350]">&gt;&gt;</a>&nbsp;&nbsp;&nbsp;ELabel::ELabel(void(*)(EControl*, EEvent*), void(*)(EControl*), EPosition, char*, unsigned)
<LI><a href="#[bbf8a8]">&gt;&gt;</a>&nbsp;&nbsp;&nbsp;EButton::EButton(void(*)(EControl*, EEvent*), EPosition, char*, unsigned)
<LI><a href="#[bbf8f0]">&gt;&gt;</a>&nbsp;&nbsp;&nbsp;ELabel::ELabel(EPosition, char*, unsigned)
<LI><a href="#[bbf938]">&gt;&gt;</a>&nbsp;&nbsp;&nbsp;EEdit::EEdit(bool, EPosition, unsigned)
<LI><a href="#[bbfb78]">&gt;&gt;</a>&nbsp;&nbsp;&nbsp;ECheckButton::ECheckButton(bool, EPosition, char*, unsigned)
</UL>

<P><STRONG><a name="[bba418]"></a>EControl::EControl__sub_object(void(*)(EControl*, EEvent*), void(*)(EControl*), ESize, EPosition)</STRONG> (ARM, 0 bytes, Stack size 16 bytes, econtrol.o(i._ZN8EControlC1EPFvPS_P6EEventEPFvS0_E5ESize9EPosition), UNUSED)

<P><STRONG><a name="[bba3d0]"></a>EComboBox::GetItemString(unsigned)</STRONG> (ARM, 24 bytes, Stack size 0 bytes, econtrol.o(i._ZN9EComboBox13GetItemStringEj))
<BR><BR>[Called By]<UL><LI><a href="#[bbce48]">&gt;&gt;</a>&nbsp;&nbsp;&nbsp;EG_RedrawFunc_DefaultEComboBox(EControl*)
</UL>

<P><STRONG><a name="[bba388]"></a>EComboBox::SetSelectIndex(unsigned)</STRONG> (ARM, 32 bytes, Stack size 16 bytes, econtrol.o(i._ZN9EComboBox14SetSelectIndexEj))
<BR><BR>[Stack]<UL><LI>Max Depth = 24<LI>Call Chain = EComboBox::SetSelectIndex(unsigned) &rArr; EControl::RedrawControl()
</UL>
<BR>[Calls]<UL><LI><a href="#[bba580]">&gt;&gt;</a>&nbsp;&nbsp;&nbsp;EControl::RedrawControl()
</UL>
<BR>[Called By]<UL><LI><a href="#[bbce90]">&gt;&gt;</a>&nbsp;&nbsp;&nbsp;EG_CallbackFunc_DefaultEComboBox(EControl*, EEvent*)
</UL>

<P><STRONG><a name="[bbfc98]"></a>EPosition::EPosition(unsigned, unsigned)</STRONG> (ARM, 12 bytes, Stack size 0 bytes, main.o(i._ZN9EPositionC1Ejj))
<BR><BR>[Called By]<UL><LI><a href="#[bb3b38]">&gt;&gt;</a>&nbsp;&nbsp;&nbsp;EWindow::EWindow()
<LI><a href="#[bba4f0]">&gt;&gt;</a>&nbsp;&nbsp;&nbsp;EControl::EControl(void(*)(EControl*, EEvent*), void(*)(EControl*))
<LI><a href="#[bbb4b0]">&gt;&gt;</a>&nbsp;&nbsp;&nbsp;EMenu::EMenu()
<LI><a href="#[bbbfa8]">&gt;&gt;</a>&nbsp;&nbsp;&nbsp;EExtLabel::EExtLabel()
<LI><a href="#[bbc6b0]">&gt;&gt;</a>&nbsp;&nbsp;&nbsp;EG_RedrawFunc_DefaultETree(EControl*)
<LI><a href="#[bbcff8]">&gt;&gt;</a>&nbsp;&nbsp;&nbsp;EG_RedrawFunc_DefaultEProgress(EControl*)
<LI><a href="#[bbd040]">&gt;&gt;</a>&nbsp;&nbsp;&nbsp;EG_RedrawFunc_DefaultEEdit(EControl*)
<LI><a href="#[bbd0d0]">&gt;&gt;</a>&nbsp;&nbsp;&nbsp;EG_RedrawFunc_DefaultECheckButton(EControl*)
<LI><a href="#[bbf860]">&gt;&gt;</a>&nbsp;&nbsp;&nbsp;EWindow::EWindow(char*, EPosition, ESize, bool)
<LI><a href="#[bbf9c8]">&gt;&gt;</a>&nbsp;&nbsp;&nbsp;ESimpleDesktop::ESimpleDesktop()
<LI><a href="#[bc0088]">&gt;&gt;</a>&nbsp;&nbsp;&nbsp;main
<LI><a href="#[bc0c10]">&gt;&gt;</a>&nbsp;&nbsp;&nbsp;__sti___8_main_cpp
<LI><a href="#[1052958]">&gt;&gt;</a>&nbsp;&nbsp;&nbsp;EEvent::EEvent()
<LI><a href="#[1052c28]">&gt;&gt;</a>&nbsp;&nbsp;&nbsp;EDesktop::AppendStartMenu(EMenu*)
<LI><a href="#[1052e20]">&gt;&gt;</a>&nbsp;&nbsp;&nbsp;ESimpleDesktop::SetCursorEvent(const EPosition&, unsigned)
</UL>

<P><STRONG><a name="[bbfc50]"></a>EPosition::EPosition__sub_object(unsigned, unsigned)</STRONG> (ARM, 0 bytes, Stack size 0 bytes, main.o(i._ZN9EPositionC1Ejj), UNUSED)

<P><STRONG><a name="[104f078]"></a>__aeabi_atexit</STRONG> (Thumb, 48 bytes, Stack size 32 bytes, aeabi_atexit.o(i.__aeabi_atexit))
<BR><BR>[Stack]<UL><LI>Max Depth = 88<LI>Call Chain = __aeabi_atexit &rArr; malloc &rArr; __Heap_Full &rArr; __Heap_ProvideMemory &rArr; free
</UL>
<BR>[Calls]<UL><LI><a href="#[1049de0]">&gt;&gt;</a>&nbsp;&nbsp;&nbsp;malloc
<LI><a href="#[104a260]">&gt;&gt;</a>&nbsp;&nbsp;&nbsp;__rt_ddtor_pointer_addr (via Veneer)
</UL>
<BR>[Called By]<UL><LI><a href="#[bc0c10]">&gt;&gt;</a>&nbsp;&nbsp;&nbsp;__sti___8_main_cpp (via Veneer)
</UL>

<P><STRONG><a name="[1047698]"></a>__cxa_finalize</STRONG> (Thumb, 74 bytes, Stack size 24 bytes, cxa_finalize.o(i.__cxa_finalize))
<BR><BR>[Stack]<UL><LI>Max Depth = 40 + Unknown Stack Size
<LI>Call Chain = __cxa_finalize &rArr; free
</UL>
<BR>[Calls]<UL><LI><a href="#[1045330]">&gt;&gt;</a>&nbsp;&nbsp;&nbsp;free
<LI><a href="#[1046f78]">&gt;&gt;</a>&nbsp;&nbsp;&nbsp;__ARM_call_via_r1
<LI><a href="#[104a260]">&gt;&gt;</a>&nbsp;&nbsp;&nbsp;__rt_ddtor_pointer_addr (via Veneer)
</UL>
<BR>[Called By]<UL><LI><a href="#[1043f30]">&gt;&gt;</a>&nbsp;&nbsp;&nbsp;__rt_lib_shutdown
</UL>

<P><STRONG><a name="[11af290]"></a>_fp_init</STRONG> (ARM, 24 bytes, Stack size 8 bytes, fpinit.o(x$fpl$fpinit))
<BR><BR>[Stack]<UL><LI>Max Depth = 8<LI>Call Chain = _fp_init
</UL>
<BR>[Calls]<UL><LI><a href="#[11aeb40]">&gt;&gt;</a>&nbsp;&nbsp;&nbsp;__rt_fp_status_addr
</UL>
<BR>[Called By]<UL><LI><a href="#[1043f78]">&gt;&gt;</a>&nbsp;&nbsp;&nbsp;__rt_lib_init (via Veneer)
</UL>

<P><STRONG><a name="[11af248]"></a>__fplib_config_pureend_doubles</STRONG> (ARM, 0 bytes, Stack size unknown bytes, fpinit.o(x$fpl$fpinit), UNUSED)
<P>
<H3>
Local Symbols
</H3>
<P><STRONG><a name="[bc0c10]"></a>__sti___8_main_cpp</STRONG> (ARM, 460 bytes, Stack size 88 bytes, main.o(.text))
<BR><BR>[Stack]<UL><LI>Max Depth = 176<LI>Call Chain = __sti___8_main_cpp &rArr; __aeabi_atexit &rArr; malloc &rArr; __Heap_Full &rArr; __Heap_ProvideMemory &rArr; free
</UL>
<BR>[Calls]<UL><LI><a href="#[bbf860]">&gt;&gt;</a>&nbsp;&nbsp;&nbsp;EWindow::EWindow(char*, EPosition, ESize, bool)
<LI><a href="#[bbf8a8]">&gt;&gt;</a>&nbsp;&nbsp;&nbsp;EButton::EButton(void(*)(EControl*, EEvent*), EPosition, char*, unsigned)
<LI><a href="#[bbf8f0]">&gt;&gt;</a>&nbsp;&nbsp;&nbsp;ELabel::ELabel(EPosition, char*, unsigned)
<LI><a href="#[bbf938]">&gt;&gt;</a>&nbsp;&nbsp;&nbsp;EEdit::EEdit(bool, EPosition, unsigned)
<LI><a href="#[bbf9c8]">&gt;&gt;</a>&nbsp;&nbsp;&nbsp;ESimpleDesktop::ESimpleDesktop()
<LI><a href="#[bbfb78]">&gt;&gt;</a>&nbsp;&nbsp;&nbsp;ECheckButton::ECheckButton(bool, EPosition, char*, unsigned)
<LI><a href="#[bbfc98]">&gt;&gt;</a>&nbsp;&nbsp;&nbsp;EPosition::EPosition(unsigned, unsigned)
<LI><a href="#[104f078]">&gt;&gt;</a>&nbsp;&nbsp;&nbsp;__aeabi_atexit (via Veneer)
</UL>
<BR>[Address Reference Count : 1]<UL><LI> main.o(.init_array)
</UL>
<P><STRONG><a name="[1050a48]"></a>__arm_div8</STRONG> (ARM, 0 bytes, Stack size unknown bytes, aeabi_sdiv.o(.text))
<BR><BR>[Called By]<UL><LI><a href="#[1050898]">&gt;&gt;</a>&nbsp;&nbsp;&nbsp;__aeabi_uidivmod
</UL>

<P><STRONG><a name="[1050a00]"></a>__arm_div4</STRONG> (ARM, 0 bytes, Stack size unknown bytes, aeabi_sdiv.o(.text))
<BR><BR>[Called By]<UL><LI><a href="#[1050898]">&gt;&gt;</a>&nbsp;&nbsp;&nbsp;__aeabi_uidivmod
</UL>

<P><STRONG><a name="[10509b8]"></a>__arm_div_large</STRONG> (ARM, 0 bytes, Stack size unknown bytes, aeabi_sdiv.o(.text))
<BR><BR>[Called By]<UL><LI><a href="#[1050898]">&gt;&gt;</a>&nbsp;&nbsp;&nbsp;__aeabi_uidivmod
</UL>
<P>
<H3>
Undefined Global Symbols
</H3>
<P><STRONG><a name="[1043e58]"></a>__ARM_exceptions_init</STRONG> (Unknown, 0 bytes, Stack size 0 bytes, UNDEFINED)
<BR><BR>[Called By]<UL><LI><a href="#[1043f78]">&gt;&gt;</a>&nbsp;&nbsp;&nbsp;__rt_lib_init (Weak Reference)
</UL>

<P><STRONG><a name="[1043e10]"></a>__alloca_initialize</STRONG> (Unknown, 0 bytes, Stack size 0 bytes, UNDEFINED)
<BR><BR>[Called By]<UL><LI><a href="#[1043f78]">&gt;&gt;</a>&nbsp;&nbsp;&nbsp;__rt_lib_init (Weak Reference)
</UL>

<P><STRONG><a name="[104fac8]"></a>__user_heap_extend</STRONG> (Unknown, 0 bytes, Stack size 0 bytes, UNDEFINED)
<BR><BR>[Called By]<UL><LI><a href="#[104fba0]">&gt;&gt;</a>&nbsp;&nbsp;&nbsp;__rt_heap_extend (Weak Reference)
</UL>

<P><STRONG><a name="[1043dc8]"></a>_atexit_init</STRONG> (Unknown, 0 bytes, Stack size 0 bytes, UNDEFINED)
<BR><BR>[Called By]<UL><LI><a href="#[1043f78]">&gt;&gt;</a>&nbsp;&nbsp;&nbsp;__rt_lib_init (Weak Reference)
</UL>

<P><STRONG><a name="[1044628]"></a>_call_atexit_fns</STRONG> (Unknown, 0 bytes, Stack size 0 bytes, UNDEFINED)
<BR><BR>[Called By]<UL><LI><a href="#[10446b8]">&gt;&gt;</a>&nbsp;&nbsp;&nbsp;exit (Weak Reference)
</UL>

<P><STRONG><a name="[1043d80]"></a>_clock_init</STRONG> (Unknown, 0 bytes, Stack size 0 bytes, UNDEFINED)
<BR><BR>[Called By]<UL><LI><a href="#[1043f78]">&gt;&gt;</a>&nbsp;&nbsp;&nbsp;__rt_lib_init (Weak Reference)
</UL>

<P><STRONG><a name="[1043d38]"></a>_fp_trap_init</STRONG> (Unknown, 0 bytes, Stack size 0 bytes, UNDEFINED)
<BR><BR>[Called By]<UL><LI><a href="#[1043f78]">&gt;&gt;</a>&nbsp;&nbsp;&nbsp;__rt_lib_init (Weak Reference)
</UL>

<P><STRONG><a name="[1043cf0]"></a>_get_lc_collate</STRONG> (Unknown, 0 bytes, Stack size 0 bytes, UNDEFINED)
<BR><BR>[Called By]<UL><LI><a href="#[1043f78]">&gt;&gt;</a>&nbsp;&nbsp;&nbsp;__rt_lib_init (Weak Reference)
</UL>

<P><STRONG><a name="[1043ca8]"></a>_get_lc_ctype</STRONG> (Unknown, 0 bytes, Stack size 0 bytes, UNDEFINED)
<BR><BR>[Called By]<UL><LI><a href="#[1043f78]">&gt;&gt;</a>&nbsp;&nbsp;&nbsp;__rt_lib_init (Weak Reference)
</UL>

<P><STRONG><a name="[1043c60]"></a>_get_lc_monetary</STRONG> (Unknown, 0 bytes, Stack size 0 bytes, UNDEFINED)
<BR><BR>[Called By]<UL><LI><a href="#[1043f78]">&gt;&gt;</a>&nbsp;&nbsp;&nbsp;__rt_lib_init (Weak Reference)
</UL>

<P><STRONG><a name="[1043c18]"></a>_get_lc_numeric</STRONG> (Unknown, 0 bytes, Stack size 0 bytes, UNDEFINED)
<BR><BR>[Called By]<UL><LI><a href="#[1043f78]">&gt;&gt;</a>&nbsp;&nbsp;&nbsp;__rt_lib_init (Weak Reference)
</UL>

<P><STRONG><a name="[1043bd0]"></a>_get_lc_time</STRONG> (Unknown, 0 bytes, Stack size 0 bytes, UNDEFINED)
<BR><BR>[Called By]<UL><LI><a href="#[1043f78]">&gt;&gt;</a>&nbsp;&nbsp;&nbsp;__rt_lib_init (Weak Reference)
</UL>

<P><STRONG><a name="[1043b88]"></a>_getenv_init</STRONG> (Unknown, 0 bytes, Stack size 0 bytes, UNDEFINED)
<BR><BR>[Called By]<UL><LI><a href="#[1043f78]">&gt;&gt;</a>&nbsp;&nbsp;&nbsp;__rt_lib_init (Weak Reference)
</UL>

<P><STRONG><a name="[1043af8]"></a>_initio</STRONG> (Unknown, 0 bytes, Stack size 0 bytes, UNDEFINED)
<BR><BR>[Called By]<UL><LI><a href="#[1043f78]">&gt;&gt;</a>&nbsp;&nbsp;&nbsp;__rt_lib_init (Weak Reference)
</UL>

<P><STRONG><a name="[1043ab0]"></a>_rand_init</STRONG> (Unknown, 0 bytes, Stack size 0 bytes, UNDEFINED)
<BR><BR>[Called By]<UL><LI><a href="#[1043f78]">&gt;&gt;</a>&nbsp;&nbsp;&nbsp;__rt_lib_init (Weak Reference)
</UL>

<P><STRONG><a name="[1043a68]"></a>_signal_init</STRONG> (Unknown, 0 bytes, Stack size 0 bytes, UNDEFINED)
<BR><BR>[Called By]<UL><LI><a href="#[1043f78]">&gt;&gt;</a>&nbsp;&nbsp;&nbsp;__rt_lib_init (Weak Reference)
</UL>

<P><STRONG><a name="[10439d8]"></a>_terminateio</STRONG> (Unknown, 0 bytes, Stack size 0 bytes, UNDEFINED)
<BR><BR>[Called By]<UL><LI><a href="#[1043f30]">&gt;&gt;</a>&nbsp;&nbsp;&nbsp;__rt_lib_shutdown (Weak Reference)
</UL>
<HR></body></html>
