<html>
<body>
<pre>
<h1>µVision3 Build Log</h1>
<h2>Project:</h2>
E:\My Programes\EmbeddedGUI\0.5.4\example\arm\LPC2214\example.uv2
Project File Date:  03/09/2010

<h2>Output:</h2>
Build target 'Target 1'
compiling main.cpp...
compiling EControl.cpp...
compiling ECursor.cpp...
compiling GraphicFunc.cpp...
compiling LCDDriver.cpp...
compiling EFrame.cpp...
linking...
Program Size: Code=47368 RO-data=1220 RW-data=16 ZI-data=5792  
FromELF: creating hex file...
"example.axf" - 0 Error(s), 0 Warning(s).
Build target 'Target 1'
assembling Startup.s...
assembling ISR.s...
assembling PeripherialInit.s...
compiling BSP.cpp...
compiling main.cpp...
compiling EControl.cpp...
compiling ECursor.cpp...
compiling GraphicFunc.cpp...
compiling LCDDriver.cpp...
compiling EFrame.cpp...
linking...
Program Size: Code=47368 RO-data=1220 RW-data=16 ZI-data=5792  
FromELF: creating hex file...
"example.axf" - 0 Error(s), 0 Warning(s).
